Archive member included to satisfy reference by file (symbol)

/Users/metwaly_aly/OneDrive - Helvar Oy Ab/final_projects/f4/cnn_k3_f8_l3/Middlewares/ST/AI/AI/lib/network_runtime.a(ai_platform_interface.o)
                              Middlewares/ST/AI/AI/src/cnn_k3_f8_l3.o (ai_platform_api_get_version)
/Users/metwaly_aly/OneDrive - Helvar Oy Ab/final_projects/f4/cnn_k3_f8_l3/Middlewares/ST/AI/AI/lib/network_runtime.a(core_common.o)
                              /Users/metwaly_aly/OneDrive - Helvar Oy Ab/final_projects/f4/cnn_k3_f8_l3/Middlewares/ST/AI/AI/lib/network_runtime.a(ai_platform_interface.o) (core_get_error)
/Users/metwaly_aly/OneDrive - Helvar Oy Ab/final_projects/f4/cnn_k3_f8_l3/Middlewares/ST/AI/AI/lib/network_runtime.a(layers.o)
                              /Users/metwaly_aly/OneDrive - Helvar Oy Ab/final_projects/f4/cnn_k3_f8_l3/Middlewares/ST/AI/AI/lib/network_runtime.a(ai_platform_interface.o) (ai_check_custom_types)
/Users/metwaly_aly/OneDrive - Helvar Oy Ab/final_projects/f4/cnn_k3_f8_l3/Middlewares/ST/AI/AI/lib/network_runtime.a(layers_conv2d_generic_float.o)
                              Middlewares/ST/AI/AI/src/cnn_k3_f8_l3.o (forward_conv2d)
/Users/metwaly_aly/OneDrive - Helvar Oy Ab/final_projects/f4/cnn_k3_f8_l3/Middlewares/ST/AI/AI/lib/network_runtime.a(layers_nl_generic_float.o)
                              Middlewares/ST/AI/AI/src/cnn_k3_f8_l3.o (forward_relu)
/Users/metwaly_aly/OneDrive - Helvar Oy Ab/final_projects/f4/cnn_k3_f8_l3/Middlewares/ST/AI/AI/lib/network_runtime.a(ai_math_helpers.o)
                              /Users/metwaly_aly/OneDrive - Helvar Oy Ab/final_projects/f4/cnn_k3_f8_l3/Middlewares/ST/AI/AI/lib/network_runtime.a(layers_conv2d_generic_float.o) (ai_math_dot_array)
/Applications/Ac6/SystemWorkbench.app/Contents/Eclipse/plugins/fr.ac6.mcu.externaltools.arm-none.macos64_1.17.0.201812190825/tools/compiler/bin/../lib/gcc/arm-none-eabi/7.3.1/../../../../arm-none-eabi/lib/thumb/v7e-m/fpv4-sp/hard/libm.a(lib_a-sf_tanh.o)
                              /Users/metwaly_aly/OneDrive - Helvar Oy Ab/final_projects/f4/cnn_k3_f8_l3/Middlewares/ST/AI/AI/lib/network_runtime.a(layers_nl_generic_float.o) (tanhf)
/Applications/Ac6/SystemWorkbench.app/Contents/Eclipse/plugins/fr.ac6.mcu.externaltools.arm-none.macos64_1.17.0.201812190825/tools/compiler/bin/../lib/gcc/arm-none-eabi/7.3.1/../../../../arm-none-eabi/lib/thumb/v7e-m/fpv4-sp/hard/libm.a(lib_a-wf_exp.o)
                              /Users/metwaly_aly/OneDrive - Helvar Oy Ab/final_projects/f4/cnn_k3_f8_l3/Middlewares/ST/AI/AI/lib/network_runtime.a(layers_nl_generic_float.o) (expf)
/Applications/Ac6/SystemWorkbench.app/Contents/Eclipse/plugins/fr.ac6.mcu.externaltools.arm-none.macos64_1.17.0.201812190825/tools/compiler/bin/../lib/gcc/arm-none-eabi/7.3.1/../../../../arm-none-eabi/lib/thumb/v7e-m/fpv4-sp/hard/libm.a(lib_a-wf_pow.o)
                              /Users/metwaly_aly/OneDrive - Helvar Oy Ab/final_projects/f4/cnn_k3_f8_l3/Middlewares/ST/AI/AI/lib/network_runtime.a(ai_math_helpers.o) (powf)
/Applications/Ac6/SystemWorkbench.app/Contents/Eclipse/plugins/fr.ac6.mcu.externaltools.arm-none.macos64_1.17.0.201812190825/tools/compiler/bin/../lib/gcc/arm-none-eabi/7.3.1/../../../../arm-none-eabi/lib/thumb/v7e-m/fpv4-sp/hard/libm.a(lib_a-ef_exp.o)
                              /Applications/Ac6/SystemWorkbench.app/Contents/Eclipse/plugins/fr.ac6.mcu.externaltools.arm-none.macos64_1.17.0.201812190825/tools/compiler/bin/../lib/gcc/arm-none-eabi/7.3.1/../../../../arm-none-eabi/lib/thumb/v7e-m/fpv4-sp/hard/libm.a(lib_a-wf_exp.o) (__ieee754_expf)
/Applications/Ac6/SystemWorkbench.app/Contents/Eclipse/plugins/fr.ac6.mcu.externaltools.arm-none.macos64_1.17.0.201812190825/tools/compiler/bin/../lib/gcc/arm-none-eabi/7.3.1/../../../../arm-none-eabi/lib/thumb/v7e-m/fpv4-sp/hard/libm.a(lib_a-ef_pow.o)
                              /Applications/Ac6/SystemWorkbench.app/Contents/Eclipse/plugins/fr.ac6.mcu.externaltools.arm-none.macos64_1.17.0.201812190825/tools/compiler/bin/../lib/gcc/arm-none-eabi/7.3.1/../../../../arm-none-eabi/lib/thumb/v7e-m/fpv4-sp/hard/libm.a(lib_a-wf_pow.o) (__ieee754_powf)
/Applications/Ac6/SystemWorkbench.app/Contents/Eclipse/plugins/fr.ac6.mcu.externaltools.arm-none.macos64_1.17.0.201812190825/tools/compiler/bin/../lib/gcc/arm-none-eabi/7.3.1/../../../../arm-none-eabi/lib/thumb/v7e-m/fpv4-sp/hard/libm.a(lib_a-ef_sqrt.o)
                              /Applications/Ac6/SystemWorkbench.app/Contents/Eclipse/plugins/fr.ac6.mcu.externaltools.arm-none.macos64_1.17.0.201812190825/tools/compiler/bin/../lib/gcc/arm-none-eabi/7.3.1/../../../../arm-none-eabi/lib/thumb/v7e-m/fpv4-sp/hard/libm.a(lib_a-ef_pow.o) (__ieee754_sqrtf)
/Applications/Ac6/SystemWorkbench.app/Contents/Eclipse/plugins/fr.ac6.mcu.externaltools.arm-none.macos64_1.17.0.201812190825/tools/compiler/bin/../lib/gcc/arm-none-eabi/7.3.1/../../../../arm-none-eabi/lib/thumb/v7e-m/fpv4-sp/hard/libm.a(lib_a-s_lib_ver.o)
[...]
Memory Configuration

Name             Origin             Length             Attributes
RAM              0x0000000020000000 0x0000000000018000 xrw
FLASH            0x0000000008000000 0x0000000000080000 xr
*default*        0x0000000000000000 0xffffffffffffffff

Linker script and memory map

LOAD /Applications/Ac6/SystemWorkbench.app/Contents/Eclipse/plugins/fr.ac6.mcu.externaltools.arm-none.macos64_1.17.0.201812190825/tools/compiler/bin/../lib/gcc/arm-none-eabi/7.3.1/thumb/v7e-m/fpv4-sp/hard/crti.o
LOAD /Applications/Ac6/SystemWorkbench.app/Contents/Eclipse/plugins/fr.ac6.mcu.externaltools.arm-none.macos64_1.17.0.201812190825/tools/compiler/bin/../lib/gcc/arm-none-eabi/7.3.1/thumb/v7e-m/fpv4-sp/hard/crtbegin.o
LOAD /Applications/Ac6/SystemWorkbench.app/Contents/Eclipse/plugins/fr.ac6.mcu.externaltools.arm-none.macos64_1.17.0.201812190825/tools/compiler/bin/../lib/gcc/arm-none-eabi/7.3.1/../../../../arm-none-eabi/lib/thumb/v7e-m/fpv4-sp/hard/crt0.o
LOAD Drivers/CMSIS/DSP/Source/BasicMathFunctions/arm_dot_prod_f32.o
LOAD Drivers/STM32F4xx_HAL_Driver/Src/stm32f4xx_hal.o
LOAD Drivers/STM32F4xx_HAL_Driver/Src/stm32f4xx_hal_cortex.o
LOAD Drivers/STM32F4xx_HAL_Driver/Src/stm32f4xx_hal_crc.o
LOAD Drivers/STM32F4xx_HAL_Driver/Src/stm32f4xx_hal_dma.o
LOAD Drivers/STM32F4xx_HAL_Driver/Src/stm32f4xx_hal_dma_ex.o
LOAD Drivers/STM32F4xx_HAL_Driver/Src/stm32f4xx_hal_exti.o
LOAD Drivers/STM32F4xx_HAL_Driver/Src/stm32f4xx_hal_flash.o
LOAD Drivers/STM32F4xx_HAL_Driver/Src/stm32f4xx_hal_flash_ex.o
LOAD Drivers/STM32F4xx_HAL_Driver/Src/stm32f4xx_hal_flash_ramfunc.o
LOAD Drivers/STM32F4xx_HAL_Driver/Src/stm32f4xx_hal_gpio.o
LOAD Drivers/STM32F4xx_HAL_Driver/Src/stm32f4xx_hal_i2c.o
LOAD Drivers/STM32F4xx_HAL_Driver/Src/stm32f4xx_hal_i2c_ex.o
LOAD Drivers/STM32F4xx_HAL_Driver/Src/stm32f4xx_hal_pwr.o
LOAD Drivers/STM32F4xx_HAL_Driver/Src/stm32f4xx_hal_pwr_ex.o
LOAD Drivers/STM32F4xx_HAL_Driver/Src/stm32f4xx_hal_rcc.o
LOAD Drivers/STM32F4xx_HAL_Driver/Src/stm32f4xx_hal_rcc_ex.o
LOAD Drivers/STM32F4xx_HAL_Driver/Src/stm32f4xx_hal_tim.o
LOAD Drivers/STM32F4xx_HAL_Driver/Src/stm32f4xx_hal_tim_ex.o
LOAD Drivers/STM32F4xx_HAL_Driver/Src/stm32f4xx_hal_uart.o
LOAD Middlewares/ST/AI/AI/data/cnn_k3_f8_l3_data.o
LOAD Middlewares/ST/AI/AI/src/cnn_k3_f8_l3.o
LOAD Middlewares/ST/Application/SystemPerformance/Src/aiSystemPerformance.o
LOAD Src/app_x-cube-ai.o
LOAD Src/main.o
LOAD Src/stm32f4xx_hal_msp.o
LOAD Src/stm32f4xx_it.o
LOAD Src/syscalls.o
LOAD Src/system_stm32f4xx.o
LOAD startup/startup_stm32f401xe.o
LOAD /Users/metwaly_aly/OneDrive - Helvar Oy Ab/final_projects/f4/cnn_k3_f8_l3/Middlewares/ST/AI/AI/lib/network_runtime.a
LOAD /Applications/Ac6/SystemWorkbench.app/Contents/Eclipse/plugins/fr.ac6.mcu.externaltools.arm-none.macos64_1.17.0.201812190825/tools/compiler/bin/../lib/gcc/arm-none-eabi/7.3.1/../../../../arm-none-eabi/lib/thumb/v7e-m/fpv4-sp/hard/libm.a
START GROUP
LOAD /Applications/Ac6/SystemWorkbench.app/Contents/Eclipse/plugins/fr.ac6.mcu.externaltools.arm-none.macos64_1.17.0.201812190825/tools/compiler/bin/../lib/gcc/arm-none-eabi/7.3.1/thumb/v7e-m/fpv4-sp/hard/libgcc.a
LOAD /Applications/Ac6/SystemWorkbench.app/Contents/Eclipse/plugins/fr.ac6.mcu.externaltools.arm-none.macos64_1.17.0.201812190825/tools/compiler/bin/../lib/gcc/arm-none-eabi/7.3.1/../../../../arm-none-eabi/lib/thumb/v7e-m/fpv4-sp/hard/libc_nano.a
END GROUP
START GROUP
LOAD /Applications/Ac6/SystemWorkbench.app/Contents/Eclipse/plugins/fr.ac6.mcu.externaltools.arm-none.macos64_1.17.0.201812190825/tools/compiler/bin/../lib/gcc/arm-none-eabi/7.3.1/thumb/v7e-m/fpv4-sp/hard/libgcc.a
LOAD /Applications/Ac6/SystemWorkbench.app/Contents/Eclipse/plugins/fr.ac6.mcu.externaltools.arm-none.macos64_1.17.0.201812190825/tools/compiler/bin/../lib/gcc/arm-none-eabi/7.3.1/../../../../arm-none-eabi/lib/thumb/v7e-m/fpv4-sp/hard/libc_nano.a
LOAD /Applications/Ac6/SystemWorkbench.app/Contents/Eclipse/plugins/fr.ac6.mcu.externaltools.arm-none.macos64_1.17.0.201812190825/tools/compiler/bin/../lib/gcc/arm-none-eabi/7.3.1/../../../../arm-none-eabi/lib/thumb/v7e-m/fpv4-sp/hard/libnosys.a
END GROUP
START GROUP
LOAD /Applications/Ac6/SystemWorkbench.app/Contents/Eclipse/plugins/fr.ac6.mcu.externaltools.arm-none.macos64_1.17.0.201812190825/tools/compiler/bin/../lib/gcc/arm-none-eabi/7.3.1/thumb/v7e-m/fpv4-sp/hard/libgcc.a
LOAD /Applications/Ac6/SystemWorkbench.app/Contents/Eclipse/plugins/fr.ac6.mcu.externaltools.arm-none.macos64_1.17.0.201812190825/tools/compiler/bin/../lib/gcc/arm-none-eabi/7.3.1/../../../../arm-none-eabi/lib/thumb/v7e-m/fpv4-sp/hard/libc_nano.a
LOAD /Applications/Ac6/SystemWorkbench.app/Contents/Eclipse/plugins/fr.ac6.mcu.externaltools.arm-none.macos64_1.17.0.201812190825/tools/compiler/bin/../lib/gcc/arm-none-eabi/7.3.1/../../../../arm-none-eabi/lib/thumb/v7e-m/fpv4-sp/hard/libnosys.a
END GROUP
LOAD /Applications/Ac6/SystemWorkbench.app/Contents/Eclipse/plugins/fr.ac6.mcu.externaltools.arm-none.macos64_1.17.0.201812190825/tools/compiler/bin/../lib/gcc/arm-none-eabi/7.3.1/thumb/v7e-m/fpv4-sp/hard/crtend.o
LOAD /Applications/Ac6/SystemWorkbench.app/Contents/Eclipse/plugins/fr.ac6.mcu.externaltools.arm-none.macos64_1.17.0.201812190825/tools/compiler/bin/../lib/gcc/arm-none-eabi/7.3.1/thumb/v7e-m/fpv4-sp/hard/crtn.o
                0x0000000020018000                _estack = 0x20018000
                0x0000000000002000                _Min_Heap_Size = 0x2000
                0x0000000000004000                _Min_Stack_Size = 0x4000

.isr_vector     0x0000000008000000      0x194
                0x0000000008000000                . = ALIGN (0x4)
 *(.isr_vector)
 .isr_vector    0x0000000008000000      0x194 startup/startup_stm32f401xe.o
                0x0000000008000000                g_pfnVectors
                0x0000000008000194                . = ALIGN (0x4)

.text           0x00000000080001a0     0x70a8
                0x00000000080001a0                . = ALIGN (0x4)
 *(.text)
 .text          0x00000000080001a0       0x40 /Applications/Ac6/SystemWorkbench.app/Contents/Eclipse/plugins/fr.ac6.mcu.externaltools.arm-none.macos64_1.17.0.201812190825/tools/compiler/bin/../lib/gcc/arm-none-eabi/7.3.1/thumb/v7e-m/fpv4-sp/hard/crtbegin.o
 .text          0x00000000080001e0      0x4c4 /Users/metwaly_aly/OneDrive - Helvar Oy Ab/final_projects/f4/cnn_k3_f8_l3/Middlewares/ST/AI/AI/lib/network_runtime.a(ai_platform_interface.o)
                0x0000000008000242                ai_platform_runtime_get_revision
                0x0000000008000272                ai_platform_runtime_get_version
                0x00000000080002a6                ai_platform_api_get_version
                0x00000000080002da                ai_platform_interface_api_get_version
                0x000000000800030e                ai_platform_context_acquire
                0x000000000800034a                ai_platform_context_release
                0x0000000008000358                ai_platform_network_get_error
                0x000000000800039c                ai_platform_network_set_error
                0x00000000080003a8                ai_platform_network_create
                0x0000000008000424                ai_platform_network_destroy
                0x0000000008000462                ai_platform_network_init
                0x00000000080004f8                ai_platform_network_process
 .text          0x00000000080006a4       0x24 /Users/metwaly_aly/OneDrive - Helvar Oy Ab/final_projects/f4/cnn_k3_f8_l3/Middlewares/ST/AI/AI/lib/network_runtime.a(core_common.o)
                0x00000000080006a4                core_init
                0x00000000080006a8                core_get_error
                0x00000000080006b2                core_set_error
 .text          0x00000000080006c8      0x1b8 /Users/metwaly_aly/OneDrive - Helvar Oy Ab/final_projects/f4/cnn_k3_f8_l3/Middlewares/ST/AI/AI/lib/network_runtime.a(layers.o)
                0x00000000080006c8                ai_layers_forward_layer
                0x00000000080006dc                ai_check_custom_types
                0x0000000008000704                ai_layer_type_name
                0x00000000080007c4                ai_layer_type_is_valid
                0x00000000080007e0                ai_layers_forward_all
 .text          0x0000000008000880     0x1000 /Users/metwaly_aly/OneDrive - Helvar Oy Ab/final_projects/f4/cnn_k3_f8_l3/Middlewares/ST/AI/AI/lib/network_runtime.a(layers_conv2d_generic_float.o)
                0x0000000008000cf8                ai_dict8_dot_array_f32
                0x0000000008000fd0                ai_dict4_dot_array_f32
                0x0000000008001070                forward_conv2d
                0x00000000080011d4                forward_conv2d_nl_pool
                0x0000000008001508                forward_dense
                0x0000000008001800                forward_gemm
 .text          0x0000000008001880      0x716 /Users/metwaly_aly/OneDrive - Helvar Oy Ab/final_projects/f4/cnn_k3_f8_l3/Middlewares/ST/AI/AI/lib/network_runtime.a(layers_nl_generic_float.o)
                0x0000000008001880                nl_func_sm_channel_f32
                0x00000000080019a4                nl_func_sm_array_f32
                0x00000000080019d8                nl_func_tanh_array_f32
                0x0000000008001a00                nl_func_sigmoid_array_f32
                0x0000000008001a3c                nl_func_sign_array_f32
                0x0000000008001a74                nl_func_clip_array_f32
                0x0000000008001aac                nl_func_relu_array_f32
                0x0000000008001ad8                nl_func_relu6_array_f32
                0x0000000008001b18                nl_func_selu_array_f32
                0x0000000008001ba8                nl_func_prelu_array_f32
                0x0000000008001bf4                forward_relu
                0x0000000008001c54                forward_relu6
                0x0000000008001cc8                forward_selu
                0x0000000008001d74                forward_prelu
                0x0000000008001dec                forward_sign
                0x0000000008001e60                forward_clip
                0x0000000008001ec8                forward_sigmoid
                0x0000000008001f20                forward_tanh
                0x0000000008001f62                forward_sm
 *fill*         0x0000000008001f96        0x2 
 .text          0x0000000008001f98       0xf0 /Users/metwaly_aly/OneDrive - Helvar Oy Ab/final_projects/f4/cnn_k3_f8_l3/Middlewares/ST/AI/AI/lib/network_runtime.a(ai_math_helpers.o)
                0x0000000008001f98                ai_math_dot_array
                0x0000000008001fc4                ai_math_sqrt
                0x0000000008001fdc                ai_math_exp
                0x0000000008001fe0                ai_math_pow
                0x0000000008001fe4                ai_math_tanh
                0x0000000008001fe8                ai_math_relu
                0x0000000008001ff8                ai_math_prelu
                0x0000000008002008                ai_math_sigmoid
                0x0000000008002028                ai_math_hard_sigmoid
                0x000000000800205c                ai_math_sign
 .text          0x0000000008002088      0x378 /Applications/Ac6/SystemWorkbench.app/Contents/Eclipse/plugins/fr.ac6.mcu.externaltools.arm-none.macos64_1.17.0.201812190825/tools/compiler/bin/../lib/gcc/arm-none-eabi/7.3.1/thumb/v7e-m/fpv4-sp/hard/libgcc.a(_arm_addsubdf3.o)
                0x0000000008002088                __aeabi_drsub
                0x0000000008002090                __subdf3
                0x0000000008002090                __aeabi_dsub
                0x0000000008002094                __aeabi_dadd
                0x0000000008002094                __adddf3
                0x000000000800230c                __aeabi_ui2d
                0x000000000800230c                __floatunsidf
                0x000000000800232c                __floatsidf
                0x000000000800232c                __aeabi_i2d
                0x0000000008002350                __extendsfdf2
                0x0000000008002350                __aeabi_f2d
                0x0000000008002394                __aeabi_ul2d
                0x0000000008002394                __floatundidf
                0x00000000080023a4                __aeabi_l2d
                0x00000000080023a4                __floatdidf
 .text          0x0000000008002400       0xa0 /Applications/Ac6/SystemWorkbench.app/Contents/Eclipse/plugins/fr.ac6.mcu.externaltools.arm-none.macos64_1.17.0.201812190825/tools/compiler/bin/../lib/gcc/arm-none-eabi/7.3.1/thumb/v7e-m/fpv4-sp/hard/libgcc.a(_arm_truncdfsf2.o)
                0x0000000008002400                __aeabi_d2f
                0x0000000008002400                __truncdfsf2
 .text          0x00000000080024a0       0x30 /Applications/Ac6/SystemWorkbench.app/Contents/Eclipse/plugins/fr.ac6.mcu.externaltools.arm-none.macos64_1.17.0.201812190825/tools/compiler/bin/../lib/gcc/arm-none-eabi/7.3.1/thumb/v7e-m/fpv4-sp/hard/libgcc.a(_aeabi_uldivmod.o)
                0x00000000080024a0                __aeabi_uldivmod
 .text          0x00000000080024d0      0x2cc /Applications/Ac6/SystemWorkbench.app/Contents/Eclipse/plugins/fr.ac6.mcu.externaltools.arm-none.macos64_1.17.0.201812190825/tools/compiler/bin/../lib/gcc/arm-none-eabi/7.3.1/thumb/v7e-m/fpv4-sp/hard/libgcc.a(_udivmoddi4.o)
                0x00000000080024d0                __udivmoddi4
 .text          0x000000000800279c        0x4 /Applications/Ac6/SystemWorkbench.app/Contents/Eclipse/plugins/fr.ac6.mcu.externaltools.arm-none.macos64_1.17.0.201812190825/tools/compiler/bin/../lib/gcc/arm-none-eabi/7.3.1/thumb/v7e-m/fpv4-sp/hard/libgcc.a(_dvmd_tls.o)
                0x000000000800279c                __aeabi_ldiv0
                0x000000000800279c                __aeabi_idiv0
 .text          0x00000000080027a0       0x10 /Applications/Ac6/SystemWorkbench.app/Contents/Eclipse/plugins/fr.ac6.mcu.externaltools.arm-none.macos64_1.17.0.201812190825/tools/compiler/bin/../lib/gcc/arm-none-eabi/7.3.1/../../../../arm-none-eabi/lib/thumb/v7e-m/fpv4-sp/hard/libc_nano.a(lib_a-strlen.o)
                0x00000000080027a0                strlen
 .text          0x00000000080027b0       0xa0 /Applications/Ac6/SystemWorkbench.app/Contents/Eclipse/plugins/fr.ac6.mcu.externaltools.arm-none.macos64_1.17.0.201812190825/tools/compiler/bin/../lib/gcc/arm-none-eabi/7.3.1/../../../../arm-none-eabi/lib/thumb/v7e-m/fpv4-sp/hard/libc_nano.a(lib_a-memchr.o)
                0x00000000080027b0                memchr
 *(.text*)
 .text.arm_dot_prod_f32
                0x0000000008002850       0x84 Drivers/CMSIS/DSP/Source/BasicMathFunctions/arm_dot_prod_f32.o
                0x0000000008002850                arm_dot_prod_f32
 .text.HAL_InitTick
                0x00000000080028d4       0x48 Drivers/STM32F4xx_HAL_Driver/Src/stm32f4xx_hal.o
                0x00000000080028d4                HAL_InitTick
 .text.HAL_Init
                0x000000000800291c       0x34 Drivers/STM32F4xx_HAL_Driver/Src/stm32f4xx_hal.o
                0x000000000800291c                HAL_Init
 .text.HAL_IncTick
                0x0000000008002950       0x18 Drivers/STM32F4xx_HAL_Driver/Src/stm32f4xx_hal.o
                0x0000000008002950                HAL_IncTick
 .text.HAL_GetTick
                0x0000000008002968        0xc Drivers/STM32F4xx_HAL_Driver/Src/stm32f4xx_hal.o
                0x0000000008002968                HAL_GetTick
 .text.HAL_Delay
                0x0000000008002974       0x28 Drivers/STM32F4xx_HAL_Driver/Src/stm32f4xx_hal.o
                0x0000000008002974                HAL_Delay
 .text.HAL_GetHalVersion
                0x000000000800299c        0x8 Drivers/STM32F4xx_HAL_Driver/Src/stm32f4xx_hal.o
                0x000000000800299c                HAL_GetHalVersion
 .text.HAL_GetREVID
                0x00000000080029a4        0xc Drivers/STM32F4xx_HAL_Driver/Src/stm32f4xx_hal.o
                0x00000000080029a4                HAL_GetREVID
 .text.HAL_GetDEVID
                0x00000000080029b0       0x10 Drivers/STM32F4xx_HAL_Driver/Src/stm32f4xx_hal.o
                0x00000000080029b0                HAL_GetDEVID
 .text.HAL_NVIC_SetPriorityGrouping
                0x00000000080029c0       0x24 Drivers/STM32F4xx_HAL_Driver/Src/stm32f4xx_hal_cortex.o
                0x00000000080029c0                HAL_NVIC_SetPriorityGrouping
 .text.HAL_NVIC_SetPriority
                0x00000000080029e4       0x68 Drivers/STM32F4xx_HAL_Driver/Src/stm32f4xx_hal_cortex.o
                0x00000000080029e4                HAL_NVIC_SetPriority
 .text.HAL_SYSTICK_Config
                0x0000000008002a4c       0x2c Drivers/STM32F4xx_HAL_Driver/Src/stm32f4xx_hal_cortex.o
                0x0000000008002a4c                HAL_SYSTICK_Config
 .text.HAL_CRC_Init
                0x0000000008002a78       0x22 Drivers/STM32F4xx_HAL_Driver/Src/stm32f4xx_hal_crc.o
                0x0000000008002a78                HAL_CRC_Init
 *fill*         0x0000000008002a9a        0x2 
 .text.HAL_GPIO_Init
                0x0000000008002a9c      0x1a4 Drivers/STM32F4xx_HAL_Driver/Src/stm32f4xx_hal_gpio.o
                0x0000000008002a9c                HAL_GPIO_Init
 .text.HAL_GPIO_WritePin
                0x0000000008002c40        0xc Drivers/STM32F4xx_HAL_Driver/Src/stm32f4xx_hal_gpio.o
                0x0000000008002c40                HAL_GPIO_WritePin
 .text.HAL_I2C_Init
                0x0000000008002c4c      0x1a0 Drivers/STM32F4xx_HAL_Driver/Src/stm32f4xx_hal_i2c.o
                0x0000000008002c4c                HAL_I2C_Init
 .text.HAL_RCC_OscConfig
                0x0000000008002dec      0x398 Drivers/STM32F4xx_HAL_Driver/Src/stm32f4xx_hal_rcc.o
                0x0000000008002dec                HAL_RCC_OscConfig
 .text.HAL_RCC_GetSysClockFreq
                0x0000000008003184       0xd8 Drivers/STM32F4xx_HAL_Driver/Src/stm32f4xx_hal_rcc.o
                0x0000000008003184                HAL_RCC_GetSysClockFreq
 .text.HAL_RCC_ClockConfig
                0x000000000800325c      0x158 Drivers/STM32F4xx_HAL_Driver/Src/stm32f4xx_hal_rcc.o
                0x000000000800325c                HAL_RCC_ClockConfig
 .text.HAL_RCC_GetHCLKFreq
                0x00000000080033b4        0xc Drivers/STM32F4xx_HAL_Driver/Src/stm32f4xx_hal_rcc.o
                0x00000000080033b4                HAL_RCC_GetHCLKFreq
 .text.HAL_RCC_GetPCLK1Freq
                0x00000000080033c0       0x20 Drivers/STM32F4xx_HAL_Driver/Src/stm32f4xx_hal_rcc.o
                0x00000000080033c0                HAL_RCC_GetPCLK1Freq
 .text.HAL_RCC_GetPCLK2Freq
                0x00000000080033e0       0x20 Drivers/STM32F4xx_HAL_Driver/Src/stm32f4xx_hal_rcc.o
                0x00000000080033e0                HAL_RCC_GetPCLK2Freq
 .text.UART_SetConfig
                0x0000000008003400      0x334 Drivers/STM32F4xx_HAL_Driver/Src/stm32f4xx_hal_uart.o
 .text.UART_WaitOnFlagUntilTimeout
                0x0000000008003734       0x62 Drivers/STM32F4xx_HAL_Driver/Src/stm32f4xx_hal_uart.o
 .text.HAL_UART_Init
                0x0000000008003796       0x5e Drivers/STM32F4xx_HAL_Driver/Src/stm32f4xx_hal_uart.o
                0x0000000008003796                HAL_UART_Init
 .text.HAL_UART_Transmit
                0x00000000080037f4       0xe0 Drivers/STM32F4xx_HAL_Driver/Src/stm32f4xx_hal_uart.o
                0x00000000080037f4                HAL_UART_Transmit
 .text.HAL_UART_Receive
                0x00000000080038d4       0xe4 Drivers/STM32F4xx_HAL_Driver/Src/stm32f4xx_hal_uart.o
                0x00000000080038d4                HAL_UART_Receive
 .text.ai_cnn_k3_f8_l3_data_weights_get
                0x00000000080039b8        0x8 Middlewares/ST/AI/AI/data/cnn_k3_f8_l3_data.o
                0x00000000080039b8                ai_cnn_k3_f8_l3_data_weights_get
 .text.ai_cnn_k3_f8_l3_get_info
                0x00000000080039c0      0x108 Middlewares/ST/AI/AI/src/cnn_k3_f8_l3.o
                0x00000000080039c0                ai_cnn_k3_f8_l3_get_info
 .text.ai_cnn_k3_f8_l3_get_error
                0x0000000008003ac8        0x8 Middlewares/ST/AI/AI/src/cnn_k3_f8_l3.o
                0x0000000008003ac8                ai_cnn_k3_f8_l3_get_error
 .text.ai_cnn_k3_f8_l3_create
                0x0000000008003ad0       0x1c Middlewares/ST/AI/AI/src/cnn_k3_f8_l3.o
                0x0000000008003ad0                ai_cnn_k3_f8_l3_create
 .text.ai_cnn_k3_f8_l3_destroy
                0x0000000008003aec        0x8 Middlewares/ST/AI/AI/src/cnn_k3_f8_l3.o
                0x0000000008003aec                ai_cnn_k3_f8_l3_destroy
 .text.ai_cnn_k3_f8_l3_init
                0x0000000008003af4      0x118 Middlewares/ST/AI/AI/src/cnn_k3_f8_l3.o
                0x0000000008003af4                ai_cnn_k3_f8_l3_init
 .text.ai_cnn_k3_f8_l3_run
                0x0000000008003c0c        0x8 Middlewares/ST/AI/AI/src/cnn_k3_f8_l3.o
                0x0000000008003c0c                ai_cnn_k3_f8_l3_run
 .text.ai_cnn_k3_f8_l3_forward
                0x0000000008003c14        0xa Middlewares/ST/AI/AI/src/cnn_k3_f8_l3.o
                0x0000000008003c14                ai_cnn_k3_f8_l3_forward
 *fill*         0x0000000008003c1e        0x2 
 .text.aiDeInit
                0x0000000008003c20       0x50 Middlewares/ST/Application/SystemPerformance/Src/aiSystemPerformance.o
 .text.aiTestPerformance
                0x0000000008003c70      0x564 Middlewares/ST/Application/SystemPerformance/Src/aiSystemPerformance.o
 .text.ioGetUint8
                0x00000000080041d4       0x3c Middlewares/ST/Application/SystemPerformance/Src/aiSystemPerformance.o
 .text.aiTestConsole
                0x0000000008004210       0x84 Middlewares/ST/Application/SystemPerformance/Src/aiSystemPerformance.o
 .text.aiBootstrap
                0x0000000008004294      0x26c Middlewares/ST/Application/SystemPerformance/Src/aiSystemPerformance.o
 .text.aiInit   0x0000000008004500       0x4c Middlewares/ST/Application/SystemPerformance/Src/aiSystemPerformance.o
 .text._write   0x000000000800454c       0x38 Middlewares/ST/Application/SystemPerformance/Src/aiSystemPerformance.o
                0x000000000800454c                _write
 .text.aiSystemPerformanceInit
                0x0000000008004584      0x218 Middlewares/ST/Application/SystemPerformance/Src/aiSystemPerformance.o
                0x0000000008004584                aiSystemPerformanceInit
 .text.aiSystemPerformanceProcess
                0x000000000800479c      0x140 Middlewares/ST/Application/SystemPerformance/Src/aiSystemPerformance.o
                0x000000000800479c                aiSystemPerformanceProcess
 .text.MX_X_CUBE_AI_Init
                0x00000000080048dc        0xc Src/app_x-cube-ai.o
                0x00000000080048dc                MX_X_CUBE_AI_Init
 .text.MX_X_CUBE_AI_Process
                0x00000000080048e8       0x10 Src/app_x-cube-ai.o
                0x00000000080048e8                MX_X_CUBE_AI_Process
 .text.ai_mnetwork_find
                0x00000000080048f8       0x74 Src/app_x-cube-ai.o
                0x00000000080048f8                ai_mnetwork_find
 .text.ai_mnetwork_create
                0x000000000800496c       0xdc Src/app_x-cube-ai.o
                0x000000000800496c                ai_mnetwork_create
 .text.ai_mnetwork_destroy
                0x0000000008004a48       0x7c Src/app_x-cube-ai.o
                0x0000000008004a48                ai_mnetwork_destroy
 .text.ai_mnetwork_get_info
                0x0000000008004ac4       0x50 Src/app_x-cube-ai.o
                0x0000000008004ac4                ai_mnetwork_get_info
 .text.ai_mnetwork_get_error
                0x0000000008004b14       0x5c Src/app_x-cube-ai.o
                0x0000000008004b14                ai_mnetwork_get_error
 .text.ai_mnetwork_init
                0x0000000008004b70       0x9c Src/app_x-cube-ai.o
                0x0000000008004b70                ai_mnetwork_init
 .text.ai_mnetwork_run
                0x0000000008004c0c       0x4c Src/app_x-cube-ai.o
                0x0000000008004c0c                ai_mnetwork_run
 .text.MX_GPIO_Init
                0x0000000008004c58       0xac Src/main.o
 .text.MX_CRC_Init
                0x0000000008004d04       0x18 Src/main.o
 .text.MX_I2C1_Init
                0x0000000008004d1c       0x34 Src/main.o
 .text.SystemClock_Config
                0x0000000008004d50       0x94 Src/main.o
                0x0000000008004d50                SystemClock_Config
 .text.main     0x0000000008004de4       0x20 Src/main.o
                0x0000000008004de4                main
 .text.MX_USART2_UART_Init
                0x0000000008004e04       0x2c Src/main.o
                0x0000000008004e04                MX_USART2_UART_Init
 .text.HAL_MspInit
                0x0000000008004e30       0x40 Src/stm32f4xx_hal_msp.o
                0x0000000008004e30                HAL_MspInit
 .text.HAL_CRC_MspInit
                0x0000000008004e70       0x30 Src/stm32f4xx_hal_msp.o
                0x0000000008004e70                HAL_CRC_MspInit
 .text.HAL_I2C_MspInit
                0x0000000008004ea0       0x74 Src/stm32f4xx_hal_msp.o
                0x0000000008004ea0                HAL_I2C_MspInit
 .text.HAL_UART_MspInit
                0x0000000008004f14       0x6c Src/stm32f4xx_hal_msp.o
                0x0000000008004f14                HAL_UART_MspInit
 .text.NMI_Handler
                0x0000000008004f80        0x2 Src/stm32f4xx_it.o
                0x0000000008004f80                NMI_Handler
 .text.HardFault_Handler
                0x0000000008004f82        0x2 Src/stm32f4xx_it.o
                0x0000000008004f82                HardFault_Handler
 .text.MemManage_Handler
                0x0000000008004f84        0x2 Src/stm32f4xx_it.o
                0x0000000008004f84                MemManage_Handler
 .text.BusFault_Handler
                0x0000000008004f86        0x2 Src/stm32f4xx_it.o
                0x0000000008004f86                BusFault_Handler
 .text.UsageFault_Handler
                0x0000000008004f88        0x2 Src/stm32f4xx_it.o
                0x0000000008004f88                UsageFault_Handler
 .text.SVC_Handler
                0x0000000008004f8a        0x2 Src/stm32f4xx_it.o
                0x0000000008004f8a                SVC_Handler
 .text.DebugMon_Handler
                0x0000000008004f8c        0x2 Src/stm32f4xx_it.o
                0x0000000008004f8c                DebugMon_Handler
 .text.PendSV_Handler
                0x0000000008004f8e        0x2 Src/stm32f4xx_it.o
                0x0000000008004f8e                PendSV_Handler
 .text.SysTick_Handler
                0x0000000008004f90        0x8 Src/stm32f4xx_it.o
                0x0000000008004f90                SysTick_Handler
 .text._read    0x0000000008004f98       0x1c Src/syscalls.o
                0x0000000008004f98                _read
 .text._sbrk    0x0000000008004fb4       0x3c Src/syscalls.o
                0x0000000008004fb4                _sbrk
 .text._close   0x0000000008004ff0        0x6 Src/syscalls.o
                0x0000000008004ff0                _close
 .text._fstat   0x0000000008004ff6        0xa Src/syscalls.o
                0x0000000008004ff6                _fstat
 .text._isatty  0x0000000008005000        0x4 Src/syscalls.o
                0x0000000008005000                _isatty
 .text._lseek   0x0000000008005004        0x4 Src/syscalls.o
                0x0000000008005004                _lseek
 .text.SystemInit
                0x0000000008005008       0x4c Src/system_stm32f4xx.o
                0x0000000008005008                SystemInit
 .text.Reset_Handler
                0x0000000008005054       0x50 startup/startup_stm32f401xe.o
                0x0000000008005054                Reset_Handler
 .text.Default_Handler
                0x00000000080050a4        0x2 startup/startup_stm32f401xe.o
                0x00000000080050a4                DMA1_Stream3_IRQHandler
                0x00000000080050a4                EXTI2_IRQHandler
                0x00000000080050a4                SPI4_IRQHandler
                0x00000000080050a4                TIM1_CC_IRQHandler
                0x00000000080050a4                DMA2_Stream5_IRQHandler
                0x00000000080050a4                DMA1_Stream5_IRQHandler
                0x00000000080050a4                PVD_IRQHandler
                0x00000000080050a4                SDIO_IRQHandler
                0x00000000080050a4                TAMP_STAMP_IRQHandler
                0x00000000080050a4                EXTI3_IRQHandler
                0x00000000080050a4                TIM1_UP_TIM10_IRQHandler
                0x00000000080050a4                I2C3_ER_IRQHandler
                0x00000000080050a4                EXTI0_IRQHandler
                0x00000000080050a4                I2C2_EV_IRQHandler
                0x00000000080050a4                DMA1_Stream2_IRQHandler
                0x00000000080050a4                FPU_IRQHandler
                0x00000000080050a4                DMA2_Stream2_IRQHandler
                0x00000000080050a4                SPI1_IRQHandler
                0x00000000080050a4                TIM1_BRK_TIM9_IRQHandler
                0x00000000080050a4                DMA2_Stream3_IRQHandler
                0x00000000080050a4                USART6_IRQHandler
                0x00000000080050a4                DMA2_Stream0_IRQHandler
                0x00000000080050a4                TIM4_IRQHandler
                0x00000000080050a4                I2C1_EV_IRQHandler
                0x00000000080050a4                DMA1_Stream6_IRQHandler
                0x00000000080050a4                DMA1_Stream1_IRQHandler
                0x00000000080050a4                TIM3_IRQHandler
                0x00000000080050a4                RCC_IRQHandler
                0x00000000080050a4                Default_Handler
                0x00000000080050a4                EXTI15_10_IRQHandler
                0x00000000080050a4                ADC_IRQHandler
                0x00000000080050a4                DMA1_Stream7_IRQHandler
                0x00000000080050a4                TIM5_IRQHandler
                0x00000000080050a4                DMA2_Stream7_IRQHandler
                0x00000000080050a4                I2C3_EV_IRQHandler
                0x00000000080050a4                EXTI9_5_IRQHandler
                0x00000000080050a4                RTC_WKUP_IRQHandler
                0x00000000080050a4                SPI2_IRQHandler
                0x00000000080050a4                DMA1_Stream0_IRQHandler
                0x00000000080050a4                EXTI4_IRQHandler
                0x00000000080050a4                WWDG_IRQHandler
                0x00000000080050a4                TIM2_IRQHandler
                0x00000000080050a4                OTG_FS_WKUP_IRQHandler
                0x00000000080050a4                TIM1_TRG_COM_TIM11_IRQHandler
                0x00000000080050a4                EXTI1_IRQHandler
                0x00000000080050a4                USART2_IRQHandler
                0x00000000080050a4                I2C2_ER_IRQHandler
                0x00000000080050a4                DMA2_Stream1_IRQHandler
                0x00000000080050a4                FLASH_IRQHandler
                0x00000000080050a4                DMA2_Stream4_IRQHandler
                0x00000000080050a4                USART1_IRQHandler
                0x00000000080050a4                OTG_FS_IRQHandler
                0x00000000080050a4                SPI3_IRQHandler
                0x00000000080050a4                DMA1_Stream4_IRQHandler
                0x00000000080050a4                I2C1_ER_IRQHandler
                0x00000000080050a4                DMA2_Stream6_IRQHandler
                0x00000000080050a4                RTC_Alarm_IRQHandler
 *fill*         0x00000000080050a6        0x2 
 .text.tanhf    0x00000000080050a8       0xb0 /Applications/Ac6/SystemWorkbench.app/Contents/Eclipse/plugins/fr.ac6.mcu.externaltools.arm-none.macos64_1.17.0.201812190825/tools/compiler/bin/../lib/gcc/arm-none-eabi/7.3.1/../../../../arm-none-eabi/lib/thumb/v7e-m/fpv4-sp/hard/libm.a(lib_a-sf_tanh.o)
                0x00000000080050a8                tanhf
 .text.expf     0x0000000008005158       0xfc /Applications/Ac6/SystemWorkbench.app/Contents/Eclipse/plugins/fr.ac6.mcu.externaltools.arm-none.macos64_1.17.0.201812190825/tools/compiler/bin/../lib/gcc/arm-none-eabi/7.3.1/../../../../arm-none-eabi/lib/thumb/v7e-m/fpv4-sp/hard/libm.a(lib_a-wf_exp.o)
                0x0000000008005158                expf
 .text.powf     0x0000000008005254      0x324 /Applications/Ac6/SystemWorkbench.app/Contents/Eclipse/plugins/fr.ac6.mcu.externaltools.arm-none.macos64_1.17.0.201812190825/tools/compiler/bin/../lib/gcc/arm-none-eabi/7.3.1/../../../../arm-none-eabi/lib/thumb/v7e-m/fpv4-sp/hard/libm.a(lib_a-wf_pow.o)
                0x0000000008005254                powf
 .text.__ieee754_expf
                0x0000000008005578      0x1b4 /Applications/Ac6/SystemWorkbench.app/Contents/Eclipse/plugins/fr.ac6.mcu.externaltools.arm-none.macos64_1.17.0.201812190825/tools/compiler/bin/../lib/gcc/arm-none-eabi/7.3.1/../../../../arm-none-eabi/lib/thumb/v7e-m/fpv4-sp/hard/libm.a(lib_a-ef_exp.o)
                0x0000000008005578                __ieee754_expf
 .text.__ieee754_powf
                0x000000000800572c      0x5e4 /Applications/Ac6/SystemWorkbench.app/Contents/Eclipse/plugins/fr.ac6.mcu.externaltools.arm-none.macos64_1.17.0.201812190825/tools/compiler/bin/../lib/gcc/arm-none-eabi/7.3.1/../../../../arm-none-eabi/lib/thumb/v7e-m/fpv4-sp/hard/libm.a(lib_a-ef_pow.o)
                0x000000000800572c                __ieee754_powf
 .text.__ieee754_sqrtf
                0x0000000008005d10        0x8 /Applications/Ac6/SystemWorkbench.app/Contents/Eclipse/plugins/fr.ac6.mcu.externaltools.arm-none.macos64_1.17.0.201812190825/tools/compiler/bin/../lib/gcc/arm-none-eabi/7.3.1/../../../../arm-none-eabi/lib/thumb/v7e-m/fpv4-sp/hard/libm.a(lib_a-ef_sqrt.o)
                0x0000000008005d10                __ieee754_sqrtf
 .text.matherr  0x0000000008005d18        0x4 /Applications/Ac6/SystemWorkbench.app/Contents/Eclipse/plugins/fr.ac6.mcu.externaltools.arm-none.macos64_1.17.0.201812190825/tools/compiler/bin/../lib/gcc/arm-none-eabi/7.3.1/../../../../arm-none-eabi/lib/thumb/v7e-m/fpv4-sp/hard/libm.a(lib_a-s_matherr.o)
                0x0000000008005d18                matherr
 .text.expm1f   0x0000000008005d1c      0x274 /Applications/Ac6/SystemWorkbench.app/Contents/Eclipse/plugins/fr.ac6.mcu.externaltools.arm-none.macos64_1.17.0.201812190825/tools/compiler/bin/../lib/gcc/arm-none-eabi/7.3.1/../../../../arm-none-eabi/lib/thumb/v7e-m/fpv4-sp/hard/libm.a(lib_a-sf_expm1.o)
                0x0000000008005d1c                expm1f
 .text.fabsf    0x0000000008005f90       0x10 /Applications/Ac6/SystemWorkbench.app/Contents/Eclipse/plugins/fr.ac6.mcu.externaltools.arm-none.macos64_1.17.0.201812190825/tools/compiler/bin/../lib/gcc/arm-none-eabi/7.3.1/../../../../arm-none-eabi/lib/thumb/v7e-m/fpv4-sp/hard/libm.a(lib_a-sf_fabs.o)
                0x0000000008005f90                fabsf
 .text.finitef  0x0000000008005fa0       0x14 /Applications/Ac6/SystemWorkbench.app/Contents/Eclipse/plugins/fr.ac6.mcu.externaltools.arm-none.macos64_1.17.0.201812190825/tools/compiler/bin/../lib/gcc/arm-none-eabi/7.3.1/../../../../arm-none-eabi/lib/thumb/v7e-m/fpv4-sp/hard/libm.a(lib_a-sf_finite.o)
                0x0000000008005fa0                finitef
 .text.nanf     0x0000000008005fb4        0xc /Applications/Ac6/SystemWorkbench.app/Contents/Eclipse/plugins/fr.ac6.mcu.externaltools.arm-none.macos64_1.17.0.201812190825/tools/compiler/bin/../lib/gcc/arm-none-eabi/7.3.1/../../../../arm-none-eabi/lib/thumb/v7e-m/fpv4-sp/hard/libm.a(lib_a-sf_nan.o)
                0x0000000008005fb4                nanf
 .text.rintf    0x0000000008005fc0       0xc0 /Applications/Ac6/SystemWorkbench.app/Contents/Eclipse/plugins/fr.ac6.mcu.externaltools.arm-none.macos64_1.17.0.201812190825/tools/compiler/bin/../lib/gcc/arm-none-eabi/7.3.1/../../../../arm-none-eabi/lib/thumb/v7e-m/fpv4-sp/hard/libm.a(lib_a-sf_rint.o)
                0x0000000008005fc0                rintf
 .text.scalbnf  0x0000000008006080       0xd0 /Applications/Ac6/SystemWorkbench.app/Contents/Eclipse/plugins/fr.ac6.mcu.externaltools.arm-none.macos64_1.17.0.201812190825/tools/compiler/bin/../lib/gcc/arm-none-eabi/7.3.1/../../../../arm-none-eabi/lib/thumb/v7e-m/fpv4-sp/hard/libm.a(lib_a-sf_scalbn.o)
                0x0000000008006080                scalbnf
 .text.copysignf
                0x0000000008006150       0x18 /Applications/Ac6/SystemWorkbench.app/Contents/Eclipse/plugins/fr.ac6.mcu.externaltools.arm-none.macos64_1.17.0.201812190825/tools/compiler/bin/../lib/gcc/arm-none-eabi/7.3.1/../../../../arm-none-eabi/lib/thumb/v7e-m/fpv4-sp/hard/libm.a(lib_a-sf_copysign.o)
                0x0000000008006150                copysignf
 .text.__aeabi_memcpy
                0x0000000008006168        0x4 /Applications/Ac6/SystemWorkbench.app/Contents/Eclipse/plugins/fr.ac6.mcu.externaltools.arm-none.macos64_1.17.0.201812190825/tools/compiler/bin/../lib/gcc/arm-none-eabi/7.3.1/../../../../arm-none-eabi/lib/thumb/v7e-m/fpv4-sp/hard/libc_nano.a(lib_a-aeabi_memcpy.o)
                0x0000000008006168                __aeabi_memcpy
                0x0000000008006168                __aeabi_memcpy4
                0x0000000008006168                __aeabi_memcpy8
 .text.__errno  0x000000000800616c        0xc /Applications/Ac6/SystemWorkbench.app/Contents/Eclipse/plugins/fr.ac6.mcu.externaltools.arm-none.macos64_1.17.0.201812190825/tools/compiler/bin/../lib/gcc/arm-none-eabi/7.3.1/../../../../arm-none-eabi/lib/thumb/v7e-m/fpv4-sp/hard/libc_nano.a(lib_a-errno.o)
                0x000000000800616c                __errno
 .text.__sflush_r
                0x0000000008006178      0x10c /Applications/Ac6/SystemWorkbench.app/Contents/Eclipse/plugins/fr.ac6.mcu.externaltools.arm-none.macos64_1.17.0.201812190825/tools/compiler/bin/../lib/gcc/arm-none-eabi/7.3.1/../../../../arm-none-eabi/lib/thumb/v7e-m/fpv4-sp/hard/libc_nano.a(lib_a-fflush.o)
                0x0000000008006178                __sflush_r
 .text._fflush_r
                0x0000000008006284       0x54 /Applications/Ac6/SystemWorkbench.app/Contents/Eclipse/plugins/fr.ac6.mcu.externaltools.arm-none.macos64_1.17.0.201812190825/tools/compiler/bin/../lib/gcc/arm-none-eabi/7.3.1/../../../../arm-none-eabi/lib/thumb/v7e-m/fpv4-sp/hard/libc_nano.a(lib_a-fflush.o)
                0x0000000008006284                _fflush_r
 .text.fflush   0x00000000080062d8       0x24 /Applications/Ac6/SystemWorkbench.app/Contents/Eclipse/plugins/fr.ac6.mcu.externaltools.arm-none.macos64_1.17.0.201812190825/tools/compiler/bin/../lib/gcc/arm-none-eabi/7.3.1/../../../../arm-none-eabi/lib/thumb/v7e-m/fpv4-sp/hard/libc_nano.a(lib_a-fflush.o)
                0x00000000080062d8                fflush
 .text.std      0x00000000080062fc       0x48 /Applications/Ac6/SystemWorkbench.app/Contents/Eclipse/plugins/fr.ac6.mcu.externaltools.arm-none.macos64_1.17.0.201812190825/tools/compiler/bin/../lib/gcc/arm-none-eabi/7.3.1/../../../../arm-none-eabi/lib/thumb/v7e-m/fpv4-sp/hard/libc_nano.a(lib_a-findfp.o)
 .text._cleanup_r
                0x0000000008006344        0xc /Applications/Ac6/SystemWorkbench.app/Contents/Eclipse/plugins/fr.ac6.mcu.externaltools.arm-none.macos64_1.17.0.201812190825/tools/compiler/bin/../lib/gcc/arm-none-eabi/7.3.1/../../../../arm-none-eabi/lib/thumb/v7e-m/fpv4-sp/hard/libc_nano.a(lib_a-findfp.o)
                0x0000000008006344                _cleanup_r
 .text.__sfmoreglue
                0x0000000008006350       0x2c /Applications/Ac6/SystemWorkbench.app/Contents/Eclipse/plugins/fr.ac6.mcu.externaltools.arm-none.macos64_1.17.0.201812190825/tools/compiler/bin/../lib/gcc/arm-none-eabi/7.3.1/../../../../arm-none-eabi/lib/thumb/v7e-m/fpv4-sp/hard/libc_nano.a(lib_a-findfp.o)
                0x0000000008006350                __sfmoreglue
 .text.__sinit  0x000000000800637c       0x60 /Applications/Ac6/SystemWorkbench.app/Contents/Eclipse/plugins/fr.ac6.mcu.externaltools.arm-none.macos64_1.17.0.201812190825/tools/compiler/bin/../lib/gcc/arm-none-eabi/7.3.1/../../../../arm-none-eabi/lib/thumb/v7e-m/fpv4-sp/hard/libc_nano.a(lib_a-findfp.o)
                0x000000000800637c                __sinit
 .text.__sfp    0x00000000080063dc       0x78 /Applications/Ac6/SystemWorkbench.app/Contents/Eclipse/plugins/fr.ac6.mcu.externaltools.arm-none.macos64_1.17.0.201812190825/tools/compiler/bin/../lib/gcc/arm-none-eabi/7.3.1/../../../../arm-none-eabi/lib/thumb/v7e-m/fpv4-sp/hard/libc_nano.a(lib_a-findfp.o)
                0x00000000080063dc                __sfp
 .text._fwalk_reent
                0x0000000008006454       0x3c /Applications/Ac6/SystemWorkbench.app/Contents/Eclipse/plugins/fr.ac6.mcu.externaltools.arm-none.macos64_1.17.0.201812190825/tools/compiler/bin/../lib/gcc/arm-none-eabi/7.3.1/../../../../arm-none-eabi/lib/thumb/v7e-m/fpv4-sp/hard/libc_nano.a(lib_a-fwalk.o)
                0x0000000008006454                _fwalk_reent
 .text.__libc_init_array
                0x0000000008006490       0x48 /Applications/Ac6/SystemWorkbench.app/Contents/Eclipse/plugins/fr.ac6.mcu.externaltools.arm-none.macos64_1.17.0.201812190825/tools/compiler/bin/../lib/gcc/arm-none-eabi/7.3.1/../../../../arm-none-eabi/lib/thumb/v7e-m/fpv4-sp/hard/libc_nano.a(lib_a-init.o)
                0x0000000008006490                __libc_init_array
 .text.memcmp   0x00000000080064d8       0x1e /Applications/Ac6/SystemWorkbench.app/Contents/Eclipse/plugins/fr.ac6.mcu.externaltools.arm-none.macos64_1.17.0.201812190825/tools/compiler/bin/../lib/gcc/arm-none-eabi/7.3.1/../../../../arm-none-eabi/lib/thumb/v7e-m/fpv4-sp/hard/libc_nano.a(lib_a-memcmp.o)
                0x00000000080064d8                memcmp
 .text.memcpy   0x00000000080064f6       0x16 /Applications/Ac6/SystemWorkbench.app/Contents/Eclipse/plugins/fr.ac6.mcu.externaltools.arm-none.macos64_1.17.0.201812190825/tools/compiler/bin/../lib/gcc/arm-none-eabi/7.3.1/../../../../arm-none-eabi/lib/thumb/v7e-m/fpv4-sp/hard/libc_nano.a(lib_a-memcpy-stub.o)
                0x00000000080064f6                memcpy
 .text.memset   0x000000000800650c       0x10 /Applications/Ac6/SystemWorkbench.app/Contents/Eclipse/plugins/fr.ac6.mcu.externaltools.arm-none.macos64_1.17.0.201812190825/tools/compiler/bin/../lib/gcc/arm-none-eabi/7.3.1/../../../../arm-none-eabi/lib/thumb/v7e-m/fpv4-sp/hard/libc_nano.a(lib_a-memset.o)
                0x000000000800650c                memset
 .text._free_r  0x000000000800651c       0x9c /Applications/Ac6/SystemWorkbench.app/Contents/Eclipse/plugins/fr.ac6.mcu.externaltools.arm-none.macos64_1.17.0.201812190825/tools/compiler/bin/../lib/gcc/arm-none-eabi/7.3.1/../../../../arm-none-eabi/lib/thumb/v7e-m/fpv4-sp/hard/libc_nano.a(lib_a-nano-freer.o)
                0x000000000800651c                _free_r
 .text._malloc_r
                0x00000000080065b8       0xb4 /Applications/Ac6/SystemWorkbench.app/Contents/Eclipse/plugins/fr.ac6.mcu.externaltools.arm-none.macos64_1.17.0.201812190825/tools/compiler/bin/../lib/gcc/arm-none-eabi/7.3.1/../../../../arm-none-eabi/lib/thumb/v7e-m/fpv4-sp/hard/libc_nano.a(lib_a-nano-mallocr.o)
                0x00000000080065b8                _malloc_r
 .text.printf   0x000000000800666c       0x30 /Applications/Ac6/SystemWorkbench.app/Contents/Eclipse/plugins/fr.ac6.mcu.externaltools.arm-none.macos64_1.17.0.201812190825/tools/compiler/bin/../lib/gcc/arm-none-eabi/7.3.1/../../../../arm-none-eabi/lib/thumb/v7e-m/fpv4-sp/hard/libc_nano.a(lib_a-printf.o)
                0x000000000800666c                printf
                0x000000000800666c                iprintf
 .text.putchar  0x000000000800669c       0x28 /Applications/Ac6/SystemWorkbench.app/Contents/Eclipse/plugins/fr.ac6.mcu.externaltools.arm-none.macos64_1.17.0.201812190825/tools/compiler/bin/../lib/gcc/arm-none-eabi/7.3.1/../../../../arm-none-eabi/lib/thumb/v7e-m/fpv4-sp/hard/libc_nano.a(lib_a-putchar.o)
                0x000000000800669c                putchar
 .text._puts_r  0x00000000080066c4       0xb8 /Applications/Ac6/SystemWorkbench.app/Contents/Eclipse/plugins/fr.ac6.mcu.externaltools.arm-none.macos64_1.17.0.201812190825/tools/compiler/bin/../lib/gcc/arm-none-eabi/7.3.1/../../../../arm-none-eabi/lib/thumb/v7e-m/fpv4-sp/hard/libc_nano.a(lib_a-puts.o)
                0x00000000080066c4                _puts_r
 .text.puts     0x000000000800677c       0x10 /Applications/Ac6/SystemWorkbench.app/Contents/Eclipse/plugins/fr.ac6.mcu.externaltools.arm-none.macos64_1.17.0.201812190825/tools/compiler/bin/../lib/gcc/arm-none-eabi/7.3.1/../../../../arm-none-eabi/lib/thumb/v7e-m/fpv4-sp/hard/libc_nano.a(lib_a-puts.o)
                0x000000000800677c                puts
 .text.srand    0x000000000800678c       0x48 /Applications/Ac6/SystemWorkbench.app/Contents/Eclipse/plugins/fr.ac6.mcu.externaltools.arm-none.macos64_1.17.0.201812190825/tools/compiler/bin/../lib/gcc/arm-none-eabi/7.3.1/../../../../arm-none-eabi/lib/thumb/v7e-m/fpv4-sp/hard/libc_nano.a(lib_a-rand.o)
                0x000000000800678c                srand
 .text.rand     0x00000000080067d4       0x68 /Applications/Ac6/SystemWorkbench.app/Contents/Eclipse/plugins/fr.ac6.mcu.externaltools.arm-none.macos64_1.17.0.201812190825/tools/compiler/bin/../lib/gcc/arm-none-eabi/7.3.1/../../../../arm-none-eabi/lib/thumb/v7e-m/fpv4-sp/hard/libc_nano.a(lib_a-rand.o)
                0x00000000080067d4                rand
 .text._sbrk_r  0x000000000800683c       0x20 /Applications/Ac6/SystemWorkbench.app/Contents/Eclipse/plugins/fr.ac6.mcu.externaltools.arm-none.macos64_1.17.0.201812190825/tools/compiler/bin/../lib/gcc/arm-none-eabi/7.3.1/../../../../arm-none-eabi/lib/thumb/v7e-m/fpv4-sp/hard/libc_nano.a(lib_a-sbrkr.o)
                0x000000000800683c                _sbrk_r
 .text.__sread  0x000000000800685c       0x22 /Applications/Ac6/SystemWorkbench.app/Contents/Eclipse/plugins/fr.ac6.mcu.externaltools.arm-none.macos64_1.17.0.201812190825/tools/compiler/bin/../lib/gcc/arm-none-eabi/7.3.1/../../../../arm-none-eabi/lib/thumb/v7e-m/fpv4-sp/hard/libc_nano.a(lib_a-stdio.o)
                0x000000000800685c                __sread
 .text.__swrite
                0x000000000800687e       0x38 /Applications/Ac6/SystemWorkbench.app/Contents/Eclipse/plugins/fr.ac6.mcu.externaltools.arm-none.macos64_1.17.0.201812190825/tools/compiler/bin/../lib/gcc/arm-none-eabi/7.3.1/../../../../arm-none-eabi/lib/thumb/v7e-m/fpv4-sp/hard/libc_nano.a(lib_a-stdio.o)
                0x000000000800687e                __swrite
 .text.__sseek  0x00000000080068b6       0x24 /Applications/Ac6/SystemWorkbench.app/Contents/Eclipse/plugins/fr.ac6.mcu.externaltools.arm-none.macos64_1.17.0.201812190825/tools/compiler/bin/../lib/gcc/arm-none-eabi/7.3.1/../../../../arm-none-eabi/lib/thumb/v7e-m/fpv4-sp/hard/libc_nano.a(lib_a-stdio.o)
                0x00000000080068b6                __sseek
 .text.__sclose
                0x00000000080068da        0x8 /Applications/Ac6/SystemWorkbench.app/Contents/Eclipse/plugins/fr.ac6.mcu.externaltools.arm-none.macos64_1.17.0.201812190825/tools/compiler/bin/../lib/gcc/arm-none-eabi/7.3.1/../../../../arm-none-eabi/lib/thumb/v7e-m/fpv4-sp/hard/libc_nano.a(lib_a-stdio.o)
                0x00000000080068da                __sclose
 .text.strncmp  0x00000000080068e2       0x24 /Applications/Ac6/SystemWorkbench.app/Contents/Eclipse/plugins/fr.ac6.mcu.externaltools.arm-none.macos64_1.17.0.201812190825/tools/compiler/bin/../lib/gcc/arm-none-eabi/7.3.1/../../../../arm-none-eabi/lib/thumb/v7e-m/fpv4-sp/hard/libc_nano.a(lib_a-strncmp.o)
                0x00000000080068e2                strncmp
 *fill*         0x0000000008006906        0x2 
 .text.__swbuf_r
                0x0000000008006908       0xa4 /Applications/Ac6/SystemWorkbench.app/Contents/Eclipse/plugins/fr.ac6.mcu.externaltools.arm-none.macos64_1.17.0.201812190825/tools/compiler/bin/../lib/gcc/arm-none-eabi/7.3.1/../../../../arm-none-eabi/lib/thumb/v7e-m/fpv4-sp/hard/libc_nano.a(lib_a-wbuf.o)
                0x0000000008006908                __swbuf_r
 .text._write_r
                0x00000000080069ac       0x24 /Applications/Ac6/SystemWorkbench.app/Contents/Eclipse/plugins/fr.ac6.mcu.externaltools.arm-none.macos64_1.17.0.201812190825/tools/compiler/bin/../lib/gcc/arm-none-eabi/7.3.1/../../../../arm-none-eabi/lib/thumb/v7e-m/fpv4-sp/hard/libc_nano.a(lib_a-writer.o)
                0x00000000080069ac                _write_r
 .text.__swsetup_r
                0x00000000080069d0       0xdc /Applications/Ac6/SystemWorkbench.app/Contents/Eclipse/plugins/fr.ac6.mcu.externaltools.arm-none.macos64_1.17.0.201812190825/tools/compiler/bin/../lib/gcc/arm-none-eabi/7.3.1/../../../../arm-none-eabi/lib/thumb/v7e-m/fpv4-sp/hard/libc_nano.a(lib_a-wsetup.o)
                0x00000000080069d0                __swsetup_r
 .text._close_r
                0x0000000008006aac       0x20 /Applications/Ac6/SystemWorkbench.app/Contents/Eclipse/plugins/fr.ac6.mcu.externaltools.arm-none.macos64_1.17.0.201812190825/tools/compiler/bin/../lib/gcc/arm-none-eabi/7.3.1/../../../../arm-none-eabi/lib/thumb/v7e-m/fpv4-sp/hard/libc_nano.a(lib_a-closer.o)
                0x0000000008006aac                _close_r
 .text._lseek_r
                0x0000000008006acc       0x24 /Applications/Ac6/SystemWorkbench.app/Contents/Eclipse/plugins/fr.ac6.mcu.externaltools.arm-none.macos64_1.17.0.201812190825/tools/compiler/bin/../lib/gcc/arm-none-eabi/7.3.1/../../../../arm-none-eabi/lib/thumb/v7e-m/fpv4-sp/hard/libc_nano.a(lib_a-lseekr.o)
                0x0000000008006acc                _lseek_r
 .text.__swhatbuf_r
                0x0000000008006af0       0x48 /Applications/Ac6/SystemWorkbench.app/Contents/Eclipse/plugins/fr.ac6.mcu.externaltools.arm-none.macos64_1.17.0.201812190825/tools/compiler/bin/../lib/gcc/arm-none-eabi/7.3.1/../../../../arm-none-eabi/lib/thumb/v7e-m/fpv4-sp/hard/libc_nano.a(lib_a-makebuf.o)
                0x0000000008006af0                __swhatbuf_r
 .text.__smakebuf_r
                0x0000000008006b38       0x80 /Applications/Ac6/SystemWorkbench.app/Contents/Eclipse/plugins/fr.ac6.mcu.externaltools.arm-none.macos64_1.17.0.201812190825/tools/compiler/bin/../lib/gcc/arm-none-eabi/7.3.1/../../../../arm-none-eabi/lib/thumb/v7e-m/fpv4-sp/hard/libc_nano.a(lib_a-makebuf.o)
                0x0000000008006b38                __smakebuf_r
 .text.malloc   0x0000000008006bb8       0x10 /Applications/Ac6/SystemWorkbench.app/Contents/Eclipse/plugins/fr.ac6.mcu.externaltools.arm-none.macos64_1.17.0.201812190825/tools/compiler/bin/../lib/gcc/arm-none-eabi/7.3.1/../../../../arm-none-eabi/lib/thumb/v7e-m/fpv4-sp/hard/libc_nano.a(lib_a-malloc.o)
                0x0000000008006bb8                malloc
 .text.__malloc_lock
                0x0000000008006bc8        0x2 /Applications/Ac6/SystemWorkbench.app/Contents/Eclipse/plugins/fr.ac6.mcu.externaltools.arm-none.macos64_1.17.0.201812190825/tools/compiler/bin/../lib/gcc/arm-none-eabi/7.3.1/../../../../arm-none-eabi/lib/thumb/v7e-m/fpv4-sp/hard/libc_nano.a(lib_a-mlock.o)
                0x0000000008006bc8                __malloc_lock
 .text.__malloc_unlock
                0x0000000008006bca        0x2 /Applications/Ac6/SystemWorkbench.app/Contents/Eclipse/plugins/fr.ac6.mcu.externaltools.arm-none.macos64_1.17.0.201812190825/tools/compiler/bin/../lib/gcc/arm-none-eabi/7.3.1/../../../../arm-none-eabi/lib/thumb/v7e-m/fpv4-sp/hard/libc_nano.a(lib_a-mlock.o)
                0x0000000008006bca                __malloc_unlock
 .text.__sfputc_r
                0x0000000008006bcc       0x2e /Applications/Ac6/SystemWorkbench.app/Contents/Eclipse/plugins/fr.ac6.mcu.externaltools.arm-none.macos64_1.17.0.201812190825/tools/compiler/bin/../lib/gcc/arm-none-eabi/7.3.1/../../../../arm-none-eabi/lib/thumb/v7e-m/fpv4-sp/hard/libc_nano.a(lib_a-nano-vfprintf.o)
 .text.__sfputs_r
                0x0000000008006bfa       0x24 /Applications/Ac6/SystemWorkbench.app/Contents/Eclipse/plugins/fr.ac6.mcu.externaltools.arm-none.macos64_1.17.0.201812190825/tools/compiler/bin/../lib/gcc/arm-none-eabi/7.3.1/../../../../arm-none-eabi/lib/thumb/v7e-m/fpv4-sp/hard/libc_nano.a(lib_a-nano-vfprintf.o)
                0x0000000008006bfa                __sfputs_r
 *fill*         0x0000000008006c1e        0x2 
 .text._vfprintf_r
                0x0000000008006c20      0x22c /Applications/Ac6/SystemWorkbench.app/Contents/Eclipse/plugins/fr.ac6.mcu.externaltools.arm-none.macos64_1.17.0.201812190825/tools/compiler/bin/../lib/gcc/arm-none-eabi/7.3.1/../../../../arm-none-eabi/lib/thumb/v7e-m/fpv4-sp/hard/libc_nano.a(lib_a-nano-vfprintf.o)
                0x0000000008006c20                _vfiprintf_r
                0x0000000008006c20                _vfprintf_r
 .text._printf_common
                0x0000000008006e4c       0xea /Applications/Ac6/SystemWorkbench.app/Contents/Eclipse/plugins/fr.ac6.mcu.externaltools.arm-none.macos64_1.17.0.201812190825/tools/compiler/bin/../lib/gcc/arm-none-eabi/7.3.1/../../../../arm-none-eabi/lib/thumb/v7e-m/fpv4-sp/hard/libc_nano.a(lib_a-nano-vfprintf_i.o)
                0x0000000008006e4c                _printf_common
 *fill*         0x0000000008006f36        0x2 
 .text._printf_i
                0x0000000008006f38      0x224 /Applications/Ac6/SystemWorkbench.app/Contents/Eclipse/plugins/fr.ac6.mcu.externaltools.arm-none.macos64_1.17.0.201812190825/tools/compiler/bin/../lib/gcc/arm-none-eabi/7.3.1/../../../../arm-none-eabi/lib/thumb/v7e-m/fpv4-sp/hard/libc_nano.a(lib_a-nano-vfprintf_i.o)
                0x0000000008006f38                _printf_i
 .text._putc_r  0x000000000800715c       0x6c /Applications/Ac6/SystemWorkbench.app/Contents/Eclipse/plugins/fr.ac6.mcu.externaltools.arm-none.macos64_1.17.0.201812190825/tools/compiler/bin/../lib/gcc/arm-none-eabi/7.3.1/../../../../arm-none-eabi/lib/thumb/v7e-m/fpv4-sp/hard/libc_nano.a(lib_a-putc.o)
                0x000000000800715c                _putc_r
 .text._read_r  0x00000000080071c8       0x24 /Applications/Ac6/SystemWorkbench.app/Contents/Eclipse/plugins/fr.ac6.mcu.externaltools.arm-none.macos64_1.17.0.201812190825/tools/compiler/bin/../lib/gcc/arm-none-eabi/7.3.1/../../../../arm-none-eabi/lib/thumb/v7e-m/fpv4-sp/hard/libc_nano.a(lib_a-readr.o)
                0x00000000080071c8                _read_r
 .text._fstat_r
                0x00000000080071ec       0x24 /Applications/Ac6/SystemWorkbench.app/Contents/Eclipse/plugins/fr.ac6.mcu.externaltools.arm-none.macos64_1.17.0.201812190825/tools/compiler/bin/../lib/gcc/arm-none-eabi/7.3.1/../../../../arm-none-eabi/lib/thumb/v7e-m/fpv4-sp/hard/libc_nano.a(lib_a-fstatr.o)
                0x00000000080071ec                _fstat_r
 .text._isatty_r
                0x0000000008007210       0x20 /Applications/Ac6/SystemWorkbench.app/Contents/Eclipse/plugins/fr.ac6.mcu.externaltools.arm-none.macos64_1.17.0.201812190825/tools/compiler/bin/../lib/gcc/arm-none-eabi/7.3.1/../../../../arm-none-eabi/lib/thumb/v7e-m/fpv4-sp/hard/libc_nano.a(lib_a-isattyr.o)
                0x0000000008007210                _isatty_r
 *(.glue_7)
 .glue_7        0x0000000008007230        0x0 linker stubs
 *(.glue_7t)
 .glue_7t       0x0000000008007230        0x0 linker stubs
 *(.eh_frame)
 .eh_frame      0x0000000008007230        0x0 /Applications/Ac6/SystemWorkbench.app/Contents/Eclipse/plugins/fr.ac6.mcu.externaltools.arm-none.macos64_1.17.0.201812190825/tools/compiler/bin/../lib/gcc/arm-none-eabi/7.3.1/thumb/v7e-m/fpv4-sp/hard/crtbegin.o
 *(.init)
 .init          0x0000000008007230        0x4 /Applications/Ac6/SystemWorkbench.app/Contents/Eclipse/plugins/fr.ac6.mcu.externaltools.arm-none.macos64_1.17.0.201812190825/tools/compiler/bin/../lib/gcc/arm-none-eabi/7.3.1/thumb/v7e-m/fpv4-sp/hard/crti.o
                0x0000000008007230                _init
 .init          0x0000000008007234        0x8 /Applications/Ac6/SystemWorkbench.app/Contents/Eclipse/plugins/fr.ac6.mcu.externaltools.arm-none.macos64_1.17.0.201812190825/tools/compiler/bin/../lib/gcc/arm-none-eabi/7.3.1/thumb/v7e-m/fpv4-sp/hard/crtn.o
 *(.fini)
 .fini          0x000000000800723c        0x4 /Applications/Ac6/SystemWorkbench.app/Contents/Eclipse/plugins/fr.ac6.mcu.externaltools.arm-none.macos64_1.17.0.201812190825/tools/compiler/bin/../lib/gcc/arm-none-eabi/7.3.1/thumb/v7e-m/fpv4-sp/hard/crti.o
                0x000000000800723c                _fini
 .fini          0x0000000008007240        0x8 /Applications/Ac6/SystemWorkbench.app/Contents/Eclipse/plugins/fr.ac6.mcu.externaltools.arm-none.macos64_1.17.0.201812190825/tools/compiler/bin/../lib/gcc/arm-none-eabi/7.3.1/thumb/v7e-m/fpv4-sp/hard/crtn.o
                0x0000000008007248                . = ALIGN (0x4)
                0x0000000008007248                _etext = .

.vfp11_veneer   0x0000000008007248        0x0
 .vfp11_veneer  0x0000000008007248        0x0 linker stubs

.v4_bx          0x0000000008007248        0x0
 .v4_bx         0x0000000008007248        0x0 linker stubs

.iplt           0x0000000008007248        0x0
 .iplt          0x0000000008007248        0x0 /Applications/Ac6/SystemWorkbench.app/Contents/Eclipse/plugins/fr.ac6.mcu.externaltools.arm-none.macos64_1.17.0.201812190825/tools/compiler/bin/../lib/gcc/arm-none-eabi/7.3.1/thumb/v7e-m/fpv4-sp/hard/crtbegin.o

.rodata         0x0000000008007248     0x26ac
                0x0000000008007248                . = ALIGN (0x4)
 *(.rodata)
 .rodata        0x0000000008007248     0x1b14 Middlewares/ST/AI/AI/data/cnn_k3_f8_l3_data.o
 .rodata        0x0000000008008d5c       0x14 Middlewares/ST/AI/AI/src/cnn_k3_f8_l3.o
 .rodata        0x0000000008008d70       0x20 Middlewares/ST/Application/SystemPerformance/Src/aiSystemPerformance.o
 .rodata        0x0000000008008d90       0x48 Src/app_x-cube-ai.o
 .rodata        0x0000000008008dd8       0x18 Src/system_stm32f4xx.o
                0x0000000008008dd8                AHBPrescTable
                0x0000000008008de8                APBPrescTable
 *(.rodata*)
 .rodata.str1.4
                0x0000000008008df0       0x6f Middlewares/ST/AI/AI/src/cnn_k3_f8_l3.o
 *fill*         0x0000000008008e5f        0x1 
 .rodata.str1.4
                0x0000000008008e60      0x9c9 Middlewares/ST/Application/SystemPerformance/Src/aiSystemPerformance.o
                                        0x9cd (size before relaxing)
 .rodata.str1.4
                0x0000000008009829        0xd Src/app_x-cube-ai.o
 *fill*         0x0000000008009829        0x3 
 .rodata.expf.str1.4
                0x000000000800982c        0x5 /Applications/Ac6/SystemWorkbench.app/Contents/Eclipse/plugins/fr.ac6.mcu.externaltools.arm-none.macos64_1.17.0.201812190825/tools/compiler/bin/../lib/gcc/arm-none-eabi/7.3.1/../../../../arm-none-eabi/lib/thumb/v7e-m/fpv4-sp/hard/libm.a(lib_a-wf_exp.o)
 *fill*         0x0000000008009831        0x3 
 .rodata.powf.str1.4
                0x0000000008009834        0x5 /Applications/Ac6/SystemWorkbench.app/Contents/Eclipse/plugins/fr.ac6.mcu.externaltools.arm-none.macos64_1.17.0.201812190825/tools/compiler/bin/../lib/gcc/arm-none-eabi/7.3.1/../../../../arm-none-eabi/lib/thumb/v7e-m/fpv4-sp/hard/libm.a(lib_a-wf_pow.o)
 *fill*         0x0000000008009839        0x3 
 .rodata.halF   0x000000000800983c        0x8 /Applications/Ac6/SystemWorkbench.app/Contents/Eclipse/plugins/fr.ac6.mcu.externaltools.arm-none.macos64_1.17.0.201812190825/tools/compiler/bin/../lib/gcc/arm-none-eabi/7.3.1/../../../../arm-none-eabi/lib/thumb/v7e-m/fpv4-sp/hard/libm.a(lib_a-ef_exp.o)
 .rodata.ln2HI  0x0000000008009844        0x8 /Applications/Ac6/SystemWorkbench.app/Contents/Eclipse/plugins/fr.ac6.mcu.externaltools.arm-none.macos64_1.17.0.201812190825/tools/compiler/bin/../lib/gcc/arm-none-eabi/7.3.1/../../../../arm-none-eabi/lib/thumb/v7e-m/fpv4-sp/hard/libm.a(lib_a-ef_exp.o)
 .rodata.ln2LO  0x000000000800984c        0x8 /Applications/Ac6/SystemWorkbench.app/Contents/Eclipse/plugins/fr.ac6.mcu.externaltools.arm-none.macos64_1.17.0.201812190825/tools/compiler/bin/../lib/gcc/arm-none-eabi/7.3.1/../../../../arm-none-eabi/lib/thumb/v7e-m/fpv4-sp/hard/libm.a(lib_a-ef_exp.o)
 .rodata.__ieee754_powf.str1.4
                0x0000000008009854        0x8 /Applications/Ac6/SystemWorkbench.app/Contents/Eclipse/plugins/fr.ac6.mcu.externaltools.arm-none.macos64_1.17.0.201812190825/tools/compiler/bin/../lib/gcc/arm-none-eabi/7.3.1/../../../../arm-none-eabi/lib/thumb/v7e-m/fpv4-sp/hard/libm.a(lib_a-ef_pow.o)
                                          0x1 (size before relaxing)
 .rodata.TWO23  0x0000000008009854        0x8 /Applications/Ac6/SystemWorkbench.app/Contents/Eclipse/plugins/fr.ac6.mcu.externaltools.arm-none.macos64_1.17.0.201812190825/tools/compiler/bin/../lib/gcc/arm-none-eabi/7.3.1/../../../../arm-none-eabi/lib/thumb/v7e-m/fpv4-sp/hard/libm.a(lib_a-sf_rint.o)
 .rodata.__sf_fake_stderr
                0x000000000800985c       0x20 /Applications/Ac6/SystemWorkbench.app/Contents/Eclipse/plugins/fr.ac6.mcu.externaltools.arm-none.macos64_1.17.0.201812190825/tools/compiler/bin/../lib/gcc/arm-none-eabi/7.3.1/../../../../arm-none-eabi/lib/thumb/v7e-m/fpv4-sp/hard/libc_nano.a(lib_a-findfp.o)
                0x000000000800985c                __sf_fake_stderr
 .rodata.__sf_fake_stdin
                0x000000000800987c       0x20 /Applications/Ac6/SystemWorkbench.app/Contents/Eclipse/plugins/fr.ac6.mcu.externaltools.arm-none.macos64_1.17.0.201812190825/tools/compiler/bin/../lib/gcc/arm-none-eabi/7.3.1/../../../../arm-none-eabi/lib/thumb/v7e-m/fpv4-sp/hard/libc_nano.a(lib_a-findfp.o)
                0x000000000800987c                __sf_fake_stdin
 .rodata.__sf_fake_stdout
                0x000000000800989c       0x20 /Applications/Ac6/SystemWorkbench.app/Contents/Eclipse/plugins/fr.ac6.mcu.externaltools.arm-none.macos64_1.17.0.201812190825/tools/compiler/bin/../lib/gcc/arm-none-eabi/7.3.1/../../../../arm-none-eabi/lib/thumb/v7e-m/fpv4-sp/hard/libc_nano.a(lib_a-findfp.o)
                0x000000000800989c                __sf_fake_stdout
 .rodata._global_impure_ptr
                0x00000000080098bc        0x4 /Applications/Ac6/SystemWorkbench.app/Contents/Eclipse/plugins/fr.ac6.mcu.externaltools.arm-none.macos64_1.17.0.201812190825/tools/compiler/bin/../lib/gcc/arm-none-eabi/7.3.1/../../../../arm-none-eabi/lib/thumb/v7e-m/fpv4-sp/hard/libc_nano.a(lib_a-impure.o)
                0x00000000080098bc                _global_impure_ptr
 .rodata._vfprintf_r.str1.1
                0x00000000080098c0       0x11 /Applications/Ac6/SystemWorkbench.app/Contents/Eclipse/plugins/fr.ac6.mcu.externaltools.arm-none.macos64_1.17.0.201812190825/tools/compiler/bin/../lib/gcc/arm-none-eabi/7.3.1/../../../../arm-none-eabi/lib/thumb/v7e-m/fpv4-sp/hard/libc_nano.a(lib_a-nano-vfprintf.o)
 .rodata._printf_i.str1.1
                0x00000000080098d1       0x22 /Applications/Ac6/SystemWorkbench.app/Contents/Eclipse/plugins/fr.ac6.mcu.externaltools.arm-none.macos64_1.17.0.201812190825/tools/compiler/bin/../lib/gcc/arm-none-eabi/7.3.1/../../../../arm-none-eabi/lib/thumb/v7e-m/fpv4-sp/hard/libc_nano.a(lib_a-nano-vfprintf_i.o)
                0x00000000080098f4                . = ALIGN (0x4)
 *fill*         0x00000000080098f3        0x1 

.ARM.extab
 *(.ARM.extab* .gnu.linkonce.armextab.*)

.ARM            0x00000000080098f4        0x8
                0x00000000080098f4                __exidx_start = .
 *(.ARM.exidx*)
 .ARM.exidx     0x00000000080098f4        0x8 /Applications/Ac6/SystemWorkbench.app/Contents/Eclipse/plugins/fr.ac6.mcu.externaltools.arm-none.macos64_1.17.0.201812190825/tools/compiler/bin/../lib/gcc/arm-none-eabi/7.3.1/thumb/v7e-m/fpv4-sp/hard/libgcc.a(_udivmoddi4.o)
                0x00000000080098fc                __exidx_end = .

.rel.dyn        0x00000000080098fc        0x0
 .rel.iplt      0x00000000080098fc        0x0 /Applications/Ac6/SystemWorkbench.app/Contents/Eclipse/plugins/fr.ac6.mcu.externaltools.arm-none.macos64_1.17.0.201812190825/tools/compiler/bin/../lib/gcc/arm-none-eabi/7.3.1/thumb/v7e-m/fpv4-sp/hard/crtbegin.o

.preinit_array  0x00000000080098fc        0x0
                0x00000000080098fc                PROVIDE (__preinit_array_start = .)
 *(.preinit_array*)
                0x00000000080098fc                PROVIDE (__preinit_array_end = .)

.init_array     0x00000000080098fc        0x4
                0x00000000080098fc                PROVIDE (__init_array_start = .)
 *(SORT_BY_NAME(.init_array.*))
 *(.init_array*)
 .init_array    0x00000000080098fc        0x4 /Applications/Ac6/SystemWorkbench.app/Contents/Eclipse/plugins/fr.ac6.mcu.externaltools.arm-none.macos64_1.17.0.201812190825/tools/compiler/bin/../lib/gcc/arm-none-eabi/7.3.1/thumb/v7e-m/fpv4-sp/hard/crtbegin.o
                0x0000000008009900                PROVIDE (__init_array_end = .)

.fini_array     0x0000000008009900        0x4
                [!provide]                        PROVIDE (__fini_array_start = .)
 *(SORT_BY_NAME(.fini_array.*))
 *(.fini_array*)
 .fini_array    0x0000000008009900        0x4 /Applications/Ac6/SystemWorkbench.app/Contents/Eclipse/plugins/fr.ac6.mcu.externaltools.arm-none.macos64_1.17.0.201812190825/tools/compiler/bin/../lib/gcc/arm-none-eabi/7.3.1/thumb/v7e-m/fpv4-sp/hard/crtbegin.o
                [!provide]                        PROVIDE (__fini_array_end = .)
                0x0000000008009904                _sidata = LOADADDR (.data)

.data           0x0000000020000000      0x55c load address 0x0000000008009904
                0x0000000020000000                . = ALIGN (0x4)
                0x0000000020000000                _sdata = .
 *(.data)
 .data          0x0000000020000000        0x8 Drivers/STM32F4xx_HAL_Driver/Src/stm32f4xx_hal.o
                0x0000000020000000                uwTickFreq
                0x0000000020000004                uwTickPrio
 .data          0x0000000020000008      0x4e4 Middlewares/ST/AI/AI/src/cnn_k3_f8_l3.o
 .data          0x00000000200004ec        0x4 Middlewares/ST/Application/SystemPerformance/Src/aiSystemPerformance.o
 .data          0x00000000200004f0        0x4 Src/system_stm32f4xx.o
                0x00000000200004f0                SystemCoreClock
 *(.data*)
 .data.__fdlib_version
                0x00000000200004f4        0x1 /Applications/Ac6/SystemWorkbench.app/Contents/Eclipse/plugins/fr.ac6.mcu.externaltools.arm-none.macos64_1.17.0.201812190825/tools/compiler/bin/../lib/gcc/arm-none-eabi/7.3.1/../../../../arm-none-eabi/lib/thumb/v7e-m/fpv4-sp/hard/libm.a(lib_a-s_lib_ver.o)
                0x00000000200004f4                __fdlib_version
 *fill*         0x00000000200004f5        0x3 
 .data._impure_ptr
                0x00000000200004f8        0x4 /Applications/Ac6/SystemWorkbench.app/Contents/Eclipse/plugins/fr.ac6.mcu.externaltools.arm-none.macos64_1.17.0.201812190825/tools/compiler/bin/../lib/gcc/arm-none-eabi/7.3.1/../../../../arm-none-eabi/lib/thumb/v7e-m/fpv4-sp/hard/libc_nano.a(lib_a-impure.o)
                0x00000000200004f8                _impure_ptr
 .data.impure_data
                0x00000000200004fc       0x60 /Applications/Ac6/SystemWorkbench.app/Contents/Eclipse/plugins/fr.ac6.mcu.externaltools.arm-none.macos64_1.17.0.201812190825/tools/compiler/bin/../lib/gcc/arm-none-eabi/7.3.1/../../../../arm-none-eabi/lib/thumb/v7e-m/fpv4-sp/hard/libc_nano.a(lib_a-impure.o)
                0x000000002000055c                . = ALIGN (0x4)
                0x000000002000055c                _edata = .

.igot.plt       0x000000002000055c        0x0 load address 0x0000000008009e60
 .igot.plt      0x000000002000055c        0x0 /Applications/Ac6/SystemWorkbench.app/Contents/Eclipse/plugins/fr.ac6.mcu.externaltools.arm-none.macos64_1.17.0.201812190825/tools/compiler/bin/../lib/gcc/arm-none-eabi/7.3.1/thumb/v7e-m/fpv4-sp/hard/crtbegin.o
                0x000000002000055c                . = ALIGN (0x4)

.bss            0x000000002000055c     0xa630 load address 0x0000000008009e60
                0x000000002000055c                _sbss = .
                0x000000002000055c                __bss_start__ = _sbss
 *(.bss)
 .bss           0x000000002000055c       0x1c /Applications/Ac6/SystemWorkbench.app/Contents/Eclipse/plugins/fr.ac6.mcu.externaltools.arm-none.macos64_1.17.0.201812190825/tools/compiler/bin/../lib/gcc/arm-none-eabi/7.3.1/thumb/v7e-m/fpv4-sp/hard/crtbegin.o
 .bss           0x0000000020000578       0x18 Middlewares/ST/AI/AI/src/cnn_k3_f8_l3.o
 .bss           0x0000000020000590     0xa520 Middlewares/ST/Application/SystemPerformance/Src/aiSystemPerformance.o
                0x0000000020000590                net_ctx
 .bss           0x000000002000aab0       0x28 Src/app_x-cube-ai.o
 .bss           0x000000002000aad8        0x8 Src/syscalls.o
                0x000000002000aadc                __env
 *(.bss*)
 .bss.__malloc_free_list
                0x000000002000aae0        0x4 /Applications/Ac6/SystemWorkbench.app/Contents/Eclipse/plugins/fr.ac6.mcu.externaltools.arm-none.macos64_1.17.0.201812190825/tools/compiler/bin/../lib/gcc/arm-none-eabi/7.3.1/../../../../arm-none-eabi/lib/thumb/v7e-m/fpv4-sp/hard/libc_nano.a(lib_a-nano-mallocr.o)
                0x000000002000aae0                __malloc_free_list
 .bss.__malloc_sbrk_start
                0x000000002000aae4        0x4 /Applications/Ac6/SystemWorkbench.app/Contents/Eclipse/plugins/fr.ac6.mcu.externaltools.arm-none.macos64_1.17.0.201812190825/tools/compiler/bin/../lib/gcc/arm-none-eabi/7.3.1/../../../../arm-none-eabi/lib/thumb/v7e-m/fpv4-sp/hard/libc_nano.a(lib_a-nano-mallocr.o)
                0x000000002000aae4                __malloc_sbrk_start
 *(COMMON)
 COMMON         0x000000002000aae8        0x4 Drivers/STM32F4xx_HAL_Driver/Src/stm32f4xx_hal.o
                0x000000002000aae8                uwTick
 COMMON         0x000000002000aaec       0x9c Src/main.o
                0x000000002000aaec                hi2c1
                0x000000002000ab40                hcrc
                0x000000002000ab48                huart2
 COMMON         0x000000002000ab88        0x4 /Applications/Ac6/SystemWorkbench.app/Contents/Eclipse/plugins/fr.ac6.mcu.externaltools.arm-none.macos64_1.17.0.201812190825/tools/compiler/bin/../lib/gcc/arm-none-eabi/7.3.1/../../../../arm-none-eabi/lib/thumb/v7e-m/fpv4-sp/hard/libc_nano.a(lib_a-reent.o)
                0x000000002000ab88                errno
                0x000000002000ab8c                . = ALIGN (0x4)
                0x000000002000ab8c                _ebss = .
                0x000000002000ab8c                __bss_end__ = _ebss

._user_heap_stack
                0x000000002000ab8c     0x6004 load address 0x0000000008009e60
                0x000000002000ab90                . = ALIGN (0x8)
 *fill*         0x000000002000ab8c        0x4 
                0x000000002000ab90                PROVIDE (end = .)
                [!provide]                        PROVIDE (_end = .)
                0x000000002000cb90                . = (. + _Min_Heap_Size)
 *fill*         0x000000002000ab90     0x2000 
                0x0000000020010b90                . = (. + _Min_Stack_Size)
 *fill*         0x000000002000cb90     0x4000 
                0x0000000020010b90                . = ALIGN (0x8)

/DISCARD/
 libc.a(*)
 libm.a(*)
 libgcc.a(*)

.ARM.attributes
                0x0000000000000000       0x34
 *(.ARM.attributes)
 .ARM.attributes
                0x0000000000000000       0x22 /Applications/Ac6/SystemWorkbench.app/Contents/Eclipse/plugins/fr.ac6.mcu.externaltools.arm-none.macos64_1.17.0.201812190825/tools/compiler/bin/../lib/gcc/arm-none-eabi/7.3.1/thumb/v7e-m/fpv4-sp/hard/crti.o
 .ARM.attributes
                0x0000000000000022       0x34 /Applications/Ac6/SystemWorkbench.app/Contents/Eclipse/plugins/fr.ac6.mcu.externaltools.arm-none.macos64_1.17.0.201812190825/tools/compiler/bin/../lib/gcc/arm-none-eabi/7.3.1/thumb/v7e-m/fpv4-sp/hard/crtbegin.o
 .ARM.attributes
                0x0000000000000056       0x39 Drivers/CMSIS/DSP/Source/BasicMathFunctions/arm_dot_prod_f32.o
 .ARM.attributes
                0x000000000000008f       0x39 Drivers/STM32F4xx_HAL_Driver/Src/stm32f4xx_hal.o
 .ARM.attributes
                0x00000000000000c8       0x39 Drivers/STM32F4xx_HAL_Driver/Src/stm32f4xx_hal_cortex.o
 .ARM.attributes
                0x0000000000000101       0x39 Drivers/STM32F4xx_HAL_Driver/Src/stm32f4xx_hal_crc.o
 .ARM.attributes
                0x000000000000013a       0x39 Drivers/STM32F4xx_HAL_Driver/Src/stm32f4xx_hal_gpio.o
 .ARM.attributes
                0x0000000000000173       0x39 Drivers/STM32F4xx_HAL_Driver/Src/stm32f4xx_hal_i2c.o
 .ARM.attributes
                0x00000000000001ac       0x39 Drivers/STM32F4xx_HAL_Driver/Src/stm32f4xx_hal_rcc.o
 .ARM.attributes
                0x00000000000001e5       0x39 Drivers/STM32F4xx_HAL_Driver/Src/stm32f4xx_hal_uart.o
 .ARM.attributes
                0x000000000000021e       0x39 Middlewares/ST/AI/AI/data/cnn_k3_f8_l3_data.o
 .ARM.attributes
                0x0000000000000257       0x39 Middlewares/ST/AI/AI/src/cnn_k3_f8_l3.o
 .ARM.attributes
                0x0000000000000290       0x39 Middlewares/ST/Application/SystemPerformance/Src/aiSystemPerformance.o
 .ARM.attributes
                0x00000000000002c9       0x39 Src/app_x-cube-ai.o
 .ARM.attributes
                0x0000000000000302       0x39 Src/main.o
 .ARM.attributes
                0x000000000000033b       0x39 Src/stm32f4xx_hal_msp.o
 .ARM.attributes
                0x0000000000000374       0x39 Src/stm32f4xx_it.o
 .ARM.attributes
                0x00000000000003ad       0x39 Src/syscalls.o
 .ARM.attributes
                0x00000000000003e6       0x39 Src/system_stm32f4xx.o
 .ARM.attributes
                0x000000000000041f       0x21 startup/startup_stm32f401xe.o
 .ARM.attributes
                0x0000000000000440       0x56 /Users/metwaly_aly/OneDrive - Helvar Oy Ab/final_projects/f4/cnn_k3_f8_l3/Middlewares/ST/AI/AI/lib/network_runtime.a(ai_platform_interface.o)
 .ARM.attributes
                0x0000000000000496       0x58 /Users/metwaly_aly/OneDrive - Helvar Oy Ab/final_projects/f4/cnn_k3_f8_l3/Middlewares/ST/AI/AI/lib/network_runtime.a(core_common.o)
 .ARM.attributes
                0x00000000000004ee       0x56 /Users/metwaly_aly/OneDrive - Helvar Oy Ab/final_projects/f4/cnn_k3_f8_l3/Middlewares/ST/AI/AI/lib/network_runtime.a(layers.o)
 .ARM.attributes
                0x0000000000000544       0x56 /Users/metwaly_aly/OneDrive - Helvar Oy Ab/final_projects/f4/cnn_k3_f8_l3/Middlewares/ST/AI/AI/lib/network_runtime.a(layers_conv2d_generic_float.o)
 .ARM.attributes
                0x000000000000059a       0x58 /Users/metwaly_aly/OneDrive - Helvar Oy Ab/final_projects/f4/cnn_k3_f8_l3/Middlewares/ST/AI/AI/lib/network_runtime.a(layers_nl_generic_float.o)
 .ARM.attributes
                0x00000000000005f2       0x58 /Users/metwaly_aly/OneDrive - Helvar Oy Ab/final_projects/f4/cnn_k3_f8_l3/Middlewares/ST/AI/AI/lib/network_runtime.a(ai_math_helpers.o)
 .ARM.attributes
                0x000000000000064a       0x34 /Applications/Ac6/SystemWorkbench.app/Contents/Eclipse/plugins/fr.ac6.mcu.externaltools.arm-none.macos64_1.17.0.201812190825/tools/compiler/bin/../lib/gcc/arm-none-eabi/7.3.1/../../../../arm-none-eabi/lib/thumb/v7e-m/fpv4-sp/hard/libm.a(lib_a-sf_tanh.o)
 .ARM.attributes
                0x000000000000067e       0x34 /Applications/Ac6/SystemWorkbench.app/Contents/Eclipse/plugins/fr.ac6.mcu.externaltools.arm-none.macos64_1.17.0.201812190825/tools/compiler/bin/../lib/gcc/arm-none-eabi/7.3.1/../../../../arm-none-eabi/lib/thumb/v7e-m/fpv4-sp/hard/libm.a(lib_a-wf_exp.o)
 .ARM.attributes
                0x00000000000006b2       0x34 /Applications/Ac6/SystemWorkbench.app/Contents/Eclipse/plugins/fr.ac6.mcu.externaltools.arm-none.macos64_1.17.0.201812190825/tools/compiler/bin/../lib/gcc/arm-none-eabi/7.3.1/../../../../arm-none-eabi/lib/thumb/v7e-m/fpv4-sp/hard/libm.a(lib_a-wf_pow.o)
 .ARM.attributes
                0x00000000000006e6       0x34 /Applications/Ac6/SystemWorkbench.app/Contents/Eclipse/plugins/fr.ac6.mcu.externaltools.arm-none.macos64_1.17.0.201812190825/tools/compiler/bin/../lib/gcc/arm-none-eabi/7.3.1/../../../../arm-none-eabi/lib/thumb/v7e-m/fpv4-sp/hard/libm.a(lib_a-ef_exp.o)
 .ARM.attributes
                0x000000000000071a       0x34 /Applications/Ac6/SystemWorkbench.app/Contents/Eclipse/plugins/fr.ac6.mcu.externaltools.arm-none.macos64_1.17.0.201812190825/tools/compiler/bin/../lib/gcc/arm-none-eabi/7.3.1/../../../../arm-none-eabi/lib/thumb/v7e-m/fpv4-sp/hard/libm.a(lib_a-ef_pow.o)
 .ARM.attributes
                0x000000000000074e       0x34 /Applications/Ac6/SystemWorkbench.app/Contents/Eclipse/plugins/fr.ac6.mcu.externaltools.arm-none.macos64_1.17.0.201812190825/tools/compiler/bin/../lib/gcc/arm-none-eabi/7.3.1/../../../../arm-none-eabi/lib/thumb/v7e-m/fpv4-sp/hard/libm.a(lib_a-ef_sqrt.o)
 .ARM.attributes
                0x0000000000000782       0x34 /Applications/Ac6/SystemWorkbench.app/Contents/Eclipse/plugins/fr.ac6.mcu.externaltools.arm-none.macos64_1.17.0.201812190825/tools/compiler/bin/../lib/gcc/arm-none-eabi/7.3.1/../../../../arm-none-eabi/lib/thumb/v7e-m/fpv4-sp/hard/libm.a(lib_a-s_lib_ver.o)
 .ARM.attributes
                0x00000000000007b6       0x34 /Applications/Ac6/SystemWorkbench.app/Contents/Eclipse/plugins/fr.ac6.mcu.externaltools.arm-none.macos64_1.17.0.201812190825/tools/compiler/bin/../lib/gcc/arm-none-eabi/7.3.1/../../../../arm-none-eabi/lib/thumb/v7e-m/fpv4-sp/hard/libm.a(lib_a-s_matherr.o)
 .ARM.attributes
                0x00000000000007ea       0x34 /Applications/Ac6/SystemWorkbench.app/Contents/Eclipse/plugins/fr.ac6.mcu.externaltools.arm-none.macos64_1.17.0.201812190825/tools/compiler/bin/../lib/gcc/arm-none-eabi/7.3.1/../../../../arm-none-eabi/lib/thumb/v7e-m/fpv4-sp/hard/libm.a(lib_a-sf_expm1.o)
 .ARM.attributes
                0x000000000000081e       0x34 /Applications/Ac6/SystemWorkbench.app/Contents/Eclipse/plugins/fr.ac6.mcu.externaltools.arm-none.macos64_1.17.0.201812190825/tools/compiler/bin/../lib/gcc/arm-none-eabi/7.3.1/../../../../arm-none-eabi/lib/thumb/v7e-m/fpv4-sp/hard/libm.a(lib_a-sf_fabs.o)
 .ARM.attributes
                0x0000000000000852       0x34 /Applications/Ac6/SystemWorkbench.app/Contents/Eclipse/plugins/fr.ac6.mcu.externaltools.arm-none.macos64_1.17.0.201812190825/tools/compiler/bin/../lib/gcc/arm-none-eabi/7.3.1/../../../../arm-none-eabi/lib/thumb/v7e-m/fpv4-sp/hard/libm.a(lib_a-sf_finite.o)
 .ARM.attributes
                0x0000000000000886       0x34 /Applications/Ac6/SystemWorkbench.app/Contents/Eclipse/plugins/fr.ac6.mcu.externaltools.arm-none.macos64_1.17.0.201812190825/tools/compiler/bin/../lib/gcc/arm-none-eabi/7.3.1/../../../../arm-none-eabi/lib/thumb/v7e-m/fpv4-sp/hard/libm.a(lib_a-sf_nan.o)
 .ARM.attributes
                0x00000000000008ba       0x34 /Applications/Ac6/SystemWorkbench.app/Contents/Eclipse/plugins/fr.ac6.mcu.externaltools.arm-none.macos64_1.17.0.201812190825/tools/compiler/bin/../lib/gcc/arm-none-eabi/7.3.1/../../../../arm-none-eabi/lib/thumb/v7e-m/fpv4-sp/hard/libm.a(lib_a-sf_rint.o)
 .ARM.attributes
                0x00000000000008ee       0x34 /Applications/Ac6/SystemWorkbench.app/Contents/Eclipse/plugins/fr.ac6.mcu.externaltools.arm-none.macos64_1.17.0.201812190825/tools/compiler/bin/../lib/gcc/arm-none-eabi/7.3.1/../../../../arm-none-eabi/lib/thumb/v7e-m/fpv4-sp/hard/libm.a(lib_a-sf_scalbn.o)
 .ARM.attributes
                0x0000000000000922       0x34 /Applications/Ac6/SystemWorkbench.app/Contents/Eclipse/plugins/fr.ac6.mcu.externaltools.arm-none.macos64_1.17.0.201812190825/tools/compiler/bin/../lib/gcc/arm-none-eabi/7.3.1/../../../../arm-none-eabi/lib/thumb/v7e-m/fpv4-sp/hard/libm.a(lib_a-sf_copysign.o)
 .ARM.attributes
                0x0000000000000956       0x22 /Applications/Ac6/SystemWorkbench.app/Contents/Eclipse/plugins/fr.ac6.mcu.externaltools.arm-none.macos64_1.17.0.201812190825/tools/compiler/bin/../lib/gcc/arm-none-eabi/7.3.1/thumb/v7e-m/fpv4-sp/hard/libgcc.a(_arm_addsubdf3.o)
 .ARM.attributes
                0x0000000000000978       0x22 /Applications/Ac6/SystemWorkbench.app/Contents/Eclipse/plugins/fr.ac6.mcu.externaltools.arm-none.macos64_1.17.0.201812190825/tools/compiler/bin/../lib/gcc/arm-none-eabi/7.3.1/thumb/v7e-m/fpv4-sp/hard/libgcc.a(_arm_truncdfsf2.o)
 .ARM.attributes
                0x000000000000099a       0x22 /Applications/Ac6/SystemWorkbench.app/Contents/Eclipse/plugins/fr.ac6.mcu.externaltools.arm-none.macos64_1.17.0.201812190825/tools/compiler/bin/../lib/gcc/arm-none-eabi/7.3.1/thumb/v7e-m/fpv4-sp/hard/libgcc.a(_aeabi_uldivmod.o)
 .ARM.attributes
                0x00000000000009bc       0x34 /Applications/Ac6/SystemWorkbench.app/Contents/Eclipse/plugins/fr.ac6.mcu.externaltools.arm-none.macos64_1.17.0.201812190825/tools/compiler/bin/../lib/gcc/arm-none-eabi/7.3.1/thumb/v7e-m/fpv4-sp/hard/libgcc.a(_udivmoddi4.o)
 .ARM.attributes
                0x00000000000009f0       0x22 /Applications/Ac6/SystemWorkbench.app/Contents/Eclipse/plugins/fr.ac6.mcu.externaltools.arm-none.macos64_1.17.0.201812190825/tools/compiler/bin/../lib/gcc/arm-none-eabi/7.3.1/thumb/v7e-m/fpv4-sp/hard/libgcc.a(_dvmd_tls.o)
 .ARM.attributes
                0x0000000000000a12       0x34 /Applications/Ac6/SystemWorkbench.app/Contents/Eclipse/plugins/fr.ac6.mcu.externaltools.arm-none.macos64_1.17.0.201812190825/tools/compiler/bin/../lib/gcc/arm-none-eabi/7.3.1/../../../../arm-none-eabi/lib/thumb/v7e-m/fpv4-sp/hard/libc_nano.a(lib_a-aeabi_memcpy.o)
 .ARM.attributes
                0x0000000000000a46       0x34 /Applications/Ac6/SystemWorkbench.app/Contents/Eclipse/plugins/fr.ac6.mcu.externaltools.arm-none.macos64_1.17.0.201812190825/tools/compiler/bin/../lib/gcc/arm-none-eabi/7.3.1/../../../../arm-none-eabi/lib/thumb/v7e-m/fpv4-sp/hard/libc_nano.a(lib_a-errno.o)
 .ARM.attributes
                0x0000000000000a7a       0x34 /Applications/Ac6/SystemWorkbench.app/Contents/Eclipse/plugins/fr.ac6.mcu.externaltools.arm-none.macos64_1.17.0.201812190825/tools/compiler/bin/../lib/gcc/arm-none-eabi/7.3.1/../../../../arm-none-eabi/lib/thumb/v7e-m/fpv4-sp/hard/libc_nano.a(lib_a-fflush.o)
 .ARM.attributes
                0x0000000000000aae       0x34 /Applications/Ac6/SystemWorkbench.app/Contents/Eclipse/plugins/fr.ac6.mcu.externaltools.arm-none.macos64_1.17.0.201812190825/tools/compiler/bin/../lib/gcc/arm-none-eabi/7.3.1/../../../../arm-none-eabi/lib/thumb/v7e-m/fpv4-sp/hard/libc_nano.a(lib_a-findfp.o)
 .ARM.attributes
                0x0000000000000ae2       0x34 /Applications/Ac6/SystemWorkbench.app/Contents/Eclipse/plugins/fr.ac6.mcu.externaltools.arm-none.macos64_1.17.0.201812190825/tools/compiler/bin/../lib/gcc/arm-none-eabi/7.3.1/../../../../arm-none-eabi/lib/thumb/v7e-m/fpv4-sp/hard/libc_nano.a(lib_a-fwalk.o)
 .ARM.attributes
                0x0000000000000b16       0x34 /Applications/Ac6/SystemWorkbench.app/Contents/Eclipse/plugins/fr.ac6.mcu.externaltools.arm-none.macos64_1.17.0.201812190825/tools/compiler/bin/../lib/gcc/arm-none-eabi/7.3.1/../../../../arm-none-eabi/lib/thumb/v7e-m/fpv4-sp/hard/libc_nano.a(lib_a-impure.o)
 .ARM.attributes
                0x0000000000000b4a       0x34 /Applications/Ac6/SystemWorkbench.app/Contents/Eclipse/plugins/fr.ac6.mcu.externaltools.arm-none.macos64_1.17.0.201812190825/tools/compiler/bin/../lib/gcc/arm-none-eabi/7.3.1/../../../../arm-none-eabi/lib/thumb/v7e-m/fpv4-sp/hard/libc_nano.a(lib_a-init.o)
 .ARM.attributes
                0x0000000000000b7e       0x34 /Applications/Ac6/SystemWorkbench.app/Contents/Eclipse/plugins/fr.ac6.mcu.externaltools.arm-none.macos64_1.17.0.201812190825/tools/compiler/bin/../lib/gcc/arm-none-eabi/7.3.1/../../../../arm-none-eabi/lib/thumb/v7e-m/fpv4-sp/hard/libc_nano.a(lib_a-memcmp.o)
 .ARM.attributes
                0x0000000000000bb2       0x34 /Applications/Ac6/SystemWorkbench.app/Contents/Eclipse/plugins/fr.ac6.mcu.externaltools.arm-none.macos64_1.17.0.201812190825/tools/compiler/bin/../lib/gcc/arm-none-eabi/7.3.1/../../../../arm-none-eabi/lib/thumb/v7e-m/fpv4-sp/hard/libc_nano.a(lib_a-memcpy-stub.o)
 .ARM.attributes
                0x0000000000000be6       0x34 /Applications/Ac6/SystemWorkbench.app/Contents/Eclipse/plugins/fr.ac6.mcu.externaltools.arm-none.macos64_1.17.0.201812190825/tools/compiler/bin/../lib/gcc/arm-none-eabi/7.3.1/../../../../arm-none-eabi/lib/thumb/v7e-m/fpv4-sp/hard/libc_nano.a(lib_a-memset.o)
 .ARM.attributes
                0x0000000000000c1a       0x34 /Applications/Ac6/SystemWorkbench.app/Contents/Eclipse/plugins/fr.ac6.mcu.externaltools.arm-none.macos64_1.17.0.201812190825/tools/compiler/bin/../lib/gcc/arm-none-eabi/7.3.1/../../../../arm-none-eabi/lib/thumb/v7e-m/fpv4-sp/hard/libc_nano.a(lib_a-nano-freer.o)
 .ARM.attributes
                0x0000000000000c4e       0x34 /Applications/Ac6/SystemWorkbench.app/Contents/Eclipse/plugins/fr.ac6.mcu.externaltools.arm-none.macos64_1.17.0.201812190825/tools/compiler/bin/../lib/gcc/arm-none-eabi/7.3.1/../../../../arm-none-eabi/lib/thumb/v7e-m/fpv4-sp/hard/libc_nano.a(lib_a-nano-mallocr.o)
 .ARM.attributes
                0x0000000000000c82       0x34 /Applications/Ac6/SystemWorkbench.app/Contents/Eclipse/plugins/fr.ac6.mcu.externaltools.arm-none.macos64_1.17.0.201812190825/tools/compiler/bin/../lib/gcc/arm-none-eabi/7.3.1/../../../../arm-none-eabi/lib/thumb/v7e-m/fpv4-sp/hard/libc_nano.a(lib_a-printf.o)
 .ARM.attributes
                0x0000000000000cb6       0x34 /Applications/Ac6/SystemWorkbench.app/Contents/Eclipse/plugins/fr.ac6.mcu.externaltools.arm-none.macos64_1.17.0.201812190825/tools/compiler/bin/../lib/gcc/arm-none-eabi/7.3.1/../../../../arm-none-eabi/lib/thumb/v7e-m/fpv4-sp/hard/libc_nano.a(lib_a-putchar.o)
 .ARM.attributes
                0x0000000000000cea       0x34 /Applications/Ac6/SystemWorkbench.app/Contents/Eclipse/plugins/fr.ac6.mcu.externaltools.arm-none.macos64_1.17.0.201812190825/tools/compiler/bin/../lib/gcc/arm-none-eabi/7.3.1/../../../../arm-none-eabi/lib/thumb/v7e-m/fpv4-sp/hard/libc_nano.a(lib_a-puts.o)
 .ARM.attributes
                0x0000000000000d1e       0x34 /Applications/Ac6/SystemWorkbench.app/Contents/Eclipse/plugins/fr.ac6.mcu.externaltools.arm-none.macos64_1.17.0.201812190825/tools/compiler/bin/../lib/gcc/arm-none-eabi/7.3.1/../../../../arm-none-eabi/lib/thumb/v7e-m/fpv4-sp/hard/libc_nano.a(lib_a-rand.o)
 .ARM.attributes
                0x0000000000000d52       0x34 /Applications/Ac6/SystemWorkbench.app/Contents/Eclipse/plugins/fr.ac6.mcu.externaltools.arm-none.macos64_1.17.0.201812190825/tools/compiler/bin/../lib/gcc/arm-none-eabi/7.3.1/../../../../arm-none-eabi/lib/thumb/v7e-m/fpv4-sp/hard/libc_nano.a(lib_a-sbrkr.o)
 .ARM.attributes
                0x0000000000000d86       0x34 /Applications/Ac6/SystemWorkbench.app/Contents/Eclipse/plugins/fr.ac6.mcu.externaltools.arm-none.macos64_1.17.0.201812190825/tools/compiler/bin/../lib/gcc/arm-none-eabi/7.3.1/../../../../arm-none-eabi/lib/thumb/v7e-m/fpv4-sp/hard/libc_nano.a(lib_a-stdio.o)
 .ARM.attributes
                0x0000000000000dba       0x1b /Applications/Ac6/SystemWorkbench.app/Contents/Eclipse/plugins/fr.ac6.mcu.externaltools.arm-none.macos64_1.17.0.201812190825/tools/compiler/bin/../lib/gcc/arm-none-eabi/7.3.1/../../../../arm-none-eabi/lib/thumb/v7e-m/fpv4-sp/hard/libc_nano.a(lib_a-strlen.o)
 .ARM.attributes
                0x0000000000000dd5       0x34 /Applications/Ac6/SystemWorkbench.app/Contents/Eclipse/plugins/fr.ac6.mcu.externaltools.arm-none.macos64_1.17.0.201812190825/tools/compiler/bin/../lib/gcc/arm-none-eabi/7.3.1/../../../../arm-none-eabi/lib/thumb/v7e-m/fpv4-sp/hard/libc_nano.a(lib_a-strncmp.o)
 .ARM.attributes
                0x0000000000000e09       0x34 /Applications/Ac6/SystemWorkbench.app/Contents/Eclipse/plugins/fr.ac6.mcu.externaltools.arm-none.macos64_1.17.0.201812190825/tools/compiler/bin/../lib/gcc/arm-none-eabi/7.3.1/../../../../arm-none-eabi/lib/thumb/v7e-m/fpv4-sp/hard/libc_nano.a(lib_a-wbuf.o)
 .ARM.attributes
                0x0000000000000e3d       0x34 /Applications/Ac6/SystemWorkbench.app/Contents/Eclipse/plugins/fr.ac6.mcu.externaltools.arm-none.macos64_1.17.0.201812190825/tools/compiler/bin/../lib/gcc/arm-none-eabi/7.3.1/../../../../arm-none-eabi/lib/thumb/v7e-m/fpv4-sp/hard/libc_nano.a(lib_a-writer.o)
 .ARM.attributes
                0x0000000000000e71       0x34 /Applications/Ac6/SystemWorkbench.app/Contents/Eclipse/plugins/fr.ac6.mcu.externaltools.arm-none.macos64_1.17.0.201812190825/tools/compiler/bin/../lib/gcc/arm-none-eabi/7.3.1/../../../../arm-none-eabi/lib/thumb/v7e-m/fpv4-sp/hard/libc_nano.a(lib_a-wsetup.o)
 .ARM.attributes
                0x0000000000000ea5       0x34 /Applications/Ac6/SystemWorkbench.app/Contents/Eclipse/plugins/fr.ac6.mcu.externaltools.arm-none.macos64_1.17.0.201812190825/tools/compiler/bin/../lib/gcc/arm-none-eabi/7.3.1/../../../../arm-none-eabi/lib/thumb/v7e-m/fpv4-sp/hard/libc_nano.a(lib_a-closer.o)
 .ARM.attributes
                0x0000000000000ed9       0x34 /Applications/Ac6/SystemWorkbench.app/Contents/Eclipse/plugins/fr.ac6.mcu.externaltools.arm-none.macos64_1.17.0.201812190825/tools/compiler/bin/../lib/gcc/arm-none-eabi/7.3.1/../../../../arm-none-eabi/lib/thumb/v7e-m/fpv4-sp/hard/libc_nano.a(lib_a-lseekr.o)
 .ARM.attributes
                0x0000000000000f0d       0x34 /Applications/Ac6/SystemWorkbench.app/Contents/Eclipse/plugins/fr.ac6.mcu.externaltools.arm-none.macos64_1.17.0.201812190825/tools/compiler/bin/../lib/gcc/arm-none-eabi/7.3.1/../../../../arm-none-eabi/lib/thumb/v7e-m/fpv4-sp/hard/libc_nano.a(lib_a-makebuf.o)
 .ARM.attributes
                0x0000000000000f41       0x34 /Applications/Ac6/SystemWorkbench.app/Contents/Eclipse/plugins/fr.ac6.mcu.externaltools.arm-none.macos64_1.17.0.201812190825/tools/compiler/bin/../lib/gcc/arm-none-eabi/7.3.1/../../../../arm-none-eabi/lib/thumb/v7e-m/fpv4-sp/hard/libc_nano.a(lib_a-malloc.o)
 .ARM.attributes
                0x0000000000000f75       0x34 /Applications/Ac6/SystemWorkbench.app/Contents/Eclipse/plugins/fr.ac6.mcu.externaltools.arm-none.macos64_1.17.0.201812190825/tools/compiler/bin/../lib/gcc/arm-none-eabi/7.3.1/../../../../arm-none-eabi/lib/thumb/v7e-m/fpv4-sp/hard/libc_nano.a(lib_a-mlock.o)
 .ARM.attributes
                0x0000000000000fa9       0x34 /Applications/Ac6/SystemWorkbench.app/Contents/Eclipse/plugins/fr.ac6.mcu.externaltools.arm-none.macos64_1.17.0.201812190825/tools/compiler/bin/../lib/gcc/arm-none-eabi/7.3.1/../../../../arm-none-eabi/lib/thumb/v7e-m/fpv4-sp/hard/libc_nano.a(lib_a-nano-vfprintf.o)
 .ARM.attributes
                0x0000000000000fdd       0x34 /Applications/Ac6/SystemWorkbench.app/Contents/Eclipse/plugins/fr.ac6.mcu.externaltools.arm-none.macos64_1.17.0.201812190825/tools/compiler/bin/../lib/gcc/arm-none-eabi/7.3.1/../../../../arm-none-eabi/lib/thumb/v7e-m/fpv4-sp/hard/libc_nano.a(lib_a-nano-vfprintf_i.o)
 .ARM.attributes
                0x0000000000001011       0x34 /Applications/Ac6/SystemWorkbench.app/Contents/Eclipse/plugins/fr.ac6.mcu.externaltools.arm-none.macos64_1.17.0.201812190825/tools/compiler/bin/../lib/gcc/arm-none-eabi/7.3.1/../../../../arm-none-eabi/lib/thumb/v7e-m/fpv4-sp/hard/libc_nano.a(lib_a-putc.o)
 .ARM.attributes
                0x0000000000001045       0x34 /Applications/Ac6/SystemWorkbench.app/Contents/Eclipse/plugins/fr.ac6.mcu.externaltools.arm-none.macos64_1.17.0.201812190825/tools/compiler/bin/../lib/gcc/arm-none-eabi/7.3.1/../../../../arm-none-eabi/lib/thumb/v7e-m/fpv4-sp/hard/libc_nano.a(lib_a-readr.o)
 .ARM.attributes
                0x0000000000001079       0x34 /Applications/Ac6/SystemWorkbench.app/Contents/Eclipse/plugins/fr.ac6.mcu.externaltools.arm-none.macos64_1.17.0.201812190825/tools/compiler/bin/../lib/gcc/arm-none-eabi/7.3.1/../../../../arm-none-eabi/lib/thumb/v7e-m/fpv4-sp/hard/libc_nano.a(lib_a-reent.o)
 .ARM.attributes
                0x00000000000010ad       0x34 /Applications/Ac6/SystemWorkbench.app/Contents/Eclipse/plugins/fr.ac6.mcu.externaltools.arm-none.macos64_1.17.0.201812190825/tools/compiler/bin/../lib/gcc/arm-none-eabi/7.3.1/../../../../arm-none-eabi/lib/thumb/v7e-m/fpv4-sp/hard/libc_nano.a(lib_a-fstatr.o)
 .ARM.attributes
                0x00000000000010e1       0x34 /Applications/Ac6/SystemWorkbench.app/Contents/Eclipse/plugins/fr.ac6.mcu.externaltools.arm-none.macos64_1.17.0.201812190825/tools/compiler/bin/../lib/gcc/arm-none-eabi/7.3.1/../../../../arm-none-eabi/lib/thumb/v7e-m/fpv4-sp/hard/libc_nano.a(lib_a-isattyr.o)
 .ARM.attributes
                0x0000000000001115       0x20 /Applications/Ac6/SystemWorkbench.app/Contents/Eclipse/plugins/fr.ac6.mcu.externaltools.arm-none.macos64_1.17.0.201812190825/tools/compiler/bin/../lib/gcc/arm-none-eabi/7.3.1/../../../../arm-none-eabi/lib/thumb/v7e-m/fpv4-sp/hard/libc_nano.a(lib_a-memchr.o)
 .ARM.attributes
                0x0000000000001135       0x22 /Applications/Ac6/SystemWorkbench.app/Contents/Eclipse/plugins/fr.ac6.mcu.externaltools.arm-none.macos64_1.17.0.201812190825/tools/compiler/bin/../lib/gcc/arm-none-eabi/7.3.1/thumb/v7e-m/fpv4-sp/hard/crtn.o
OUTPUT(cnn_k3_f8_l3.elf elf32-littlearm)

.debug_info     0x0000000000000000    0x1153a
 .debug_info    0x0000000000000000      0x970 Drivers/CMSIS/DSP/Source/BasicMathFunctions/arm_dot_prod_f32.o
 .debug_info    0x0000000000000970      0x95a Drivers/STM32F4xx_HAL_Driver/Src/stm32f4xx_hal.o
 .debug_info    0x00000000000012ca      0xea4 Drivers/STM32F4xx_HAL_Driver/Src/stm32f4xx_hal_cortex.o
 .debug_info    0x000000000000216e      0x40f Drivers/STM32F4xx_HAL_Driver/Src/stm32f4xx_hal_crc.o
 .debug_info    0x000000000000257d      0x797 Drivers/STM32F4xx_HAL_Driver/Src/stm32f4xx_hal_gpio.o
 .debug_info    0x0000000000002d14     0x3282 Drivers/STM32F4xx_HAL_Driver/Src/stm32f4xx_hal_i2c.o
 .debug_info    0x0000000000005f96      0xa63 Drivers/STM32F4xx_HAL_Driver/Src/stm32f4xx_hal_rcc.o
 .debug_info    0x00000000000069f9     0x1728 Drivers/STM32F4xx_HAL_Driver/Src/stm32f4xx_hal_uart.o
 .debug_info    0x0000000000008121      0x101 Middlewares/ST/AI/AI/data/cnn_k3_f8_l3_data.o
 .debug_info    0x0000000000008222     0x1a57 Middlewares/ST/AI/AI/src/cnn_k3_f8_l3.o
 .debug_info    0x0000000000009c79     0x2dc4 Middlewares/ST/Application/SystemPerformance/Src/aiSystemPerformance.o
 .debug_info    0x000000000000ca3d     0x1596 Src/app_x-cube-ai.o
 .debug_info    0x000000000000dfd3     0x1070 Src/main.o
 .debug_info    0x000000000000f043      0xe05 Src/stm32f4xx_hal_msp.o
 .debug_info    0x000000000000fe48      0x1cc Src/stm32f4xx_it.o
 .debug_info    0x0000000000010014      0xfd3 Src/syscalls.o
 .debug_info    0x0000000000010fe7      0x531 Src/system_stm32f4xx.o
 .debug_info    0x0000000000011518       0x22 startup/startup_stm32f401xe.o

.debug_abbrev   0x0000000000000000     0x280b
 .debug_abbrev  0x0000000000000000      0x1fa Drivers/CMSIS/DSP/Source/BasicMathFunctions/arm_dot_prod_f32.o