Archive member included to satisfy reference by file (symbol)

../Middlewares/ST/AI/AI/lib\network_runtime.a(ai_network_inspector.o)
                              Middlewares\ST\Application\Validation\Src\aiValidation.o (ai_inspector_bind_network)
../Middlewares/ST/AI/AI/lib\network_runtime.a(ai_platform_interface.o)
                              Middlewares\ST\AI\AI\src\cnn.o (ai_platform_api_get_version)
../Middlewares/ST/AI/AI/lib\network_runtime.a(core_common.o)
                              ../Middlewares/ST/AI/AI/lib\network_runtime.a(ai_platform_interface.o) (core_get_error)
../Middlewares/ST/AI/AI/lib\network_runtime.a(core_net_inspect.o)
                              ../Middlewares/ST/AI/AI/lib\network_runtime.a(ai_network_inspector.o) (ai_network_inspect_destroy)
../Middlewares/ST/AI/AI/lib\network_runtime.a(core_utils.o)
                              ../Middlewares/ST/AI/AI/lib\network_runtime.a(core_net_inspect.o) (core_utils_generate_network_signature)
../Middlewares/ST/AI/AI/lib\network_runtime.a(layers.o)
                              ../Middlewares/ST/AI/AI/lib\network_runtime.a(ai_platform_interface.o) (ai_check_custom_types)
../Middlewares/ST/AI/AI/lib\network_runtime.a(layers_conv2d_generic_float.o)
                              Middlewares\ST\AI\AI\src\cnn.o (forward_conv2d)
../Middlewares/ST/AI/AI/lib\network_runtime.a(layers_nl_generic_float.o)
                              Middlewares\ST\AI\AI\src\cnn.o (forward_relu)
../Middlewares/ST/AI/AI/lib\network_runtime.a(layers_norm_generic_float.o)
                              Middlewares\ST\AI\AI\src\cnn.o (forward_bn)
../Middlewares/ST/AI/AI/lib\network_runtime.a(ai_math_helpers.o)
                              ../Middlewares/ST/AI/AI/lib\network_runtime.a(layers_conv2d_generic_float.o) (ai_math_dot_array)
c:/program files (x86)/atollic/truestudio for stm32 9.3.0/armtools/bin/../lib/gcc/arm-atollic-eabi/6.3.1/../../../../arm-atollic-eabi/lib/armv7e-m/fpu/fpv5-sp-d16\libc_nano.a(lib_a-aeabi_memclr.o)
                              ../Middlewares/ST/AI/AI/lib\network_runtime.a(layers_norm_generic_float.o) (__aeabi_memclr)
c:/program files (x86)/atollic/truestudio for stm32 9.3.0/armtools/bin/../lib/gcc/arm-atollic-eabi/6.3.1/../../../../arm-atollic-eabi/lib/armv7e-m/fpu/fpv5-sp-d16\libc_nano.a(lib_a-aeabi_memcpy.o)
                              ../Middlewares/ST/AI/AI/lib\network_runtime.a(ai_platform_interface.o) (__aeabi_memcpy)
c:/program files (x86)/atollic/truestudio for stm32 9.3.0/armtools/bin/../lib/gcc/arm-atollic-eabi/6.3.1/../../../../arm-atollic-eabi/lib/armv7e-m/fpu/fpv5-sp-d16\libc_nano.a(lib_a-aeabi_memset-soft.o)
                              c:/program files (x86)/atollic/truestudio for stm32 9.3.0/armtools/bin/../lib/gcc/arm-atollic-eabi/6.3.1/../../../../arm-atollic-eabi/lib/armv7e-m/fpu/fpv5-sp-d16\libc_nano.a(lib_a-aeabi_memclr.o) (__aeabi_memset)
c:/program files (x86)/atollic/truestudio for stm32 9.3.0/armtools/bin/../lib/gcc/arm-atollic-eabi/6.3.1/../../../../arm-atollic-eabi/lib/armv7e-m/fpu/fpv5-sp-d16\libc_nano.a(lib_a-errno.o)
                              Middlewares\ST\Application\Validation\Src\aiTestUtility.o (__errno)
c:/program files (x86)/atollic/truestudio for stm32 9.3.0/armtools/bin/../lib/gcc/arm-atollic-eabi/6.3.1/../../../../arm-atollic-eabi/lib/armv7e-m/fpu/fpv5-sp-d16\libc_nano.a(lib_a-impure.o)
                              c:/program files (x86)/atollic/truestudio for stm32 9.3.0/armtools/bin/../lib/gcc/arm-atollic-eabi/6.3.1/../../../../arm-atollic-eabi/lib/armv7e-m/fpu/fpv5-sp-d16\libc_nano.a(lib_a-errno.o) (_impure_ptr)
c:/program files (x86)/atollic/truestudio for stm32 9.3.0/armtools/bin/../lib/gcc/arm-atollic-eabi/6.3.1/../../../../arm-atollic-eabi/lib/armv7e-m/fpu/fpv5-sp-d16\libc_nano.a(lib_a-init.o)
                              startup\startup_stm32f722xx.o (__libc_init_array)
c:/program files (x86)/atollic/truestudio for stm32 9.3.0/armtools/bin/../lib/gcc/arm-atollic-eabi/6.3.1/../../../../arm-atollic-eabi/lib/armv7e-m/fpu/fpv5-sp-d16\libc_nano.a(lib_a-malloc.o)
                              ../Middlewares/ST/AI/AI/lib\network_runtime.a(ai_network_inspector.o) (malloc)
c:/program files (x86)/atollic/truestudio for stm32 9.3.0/armtools/bin/../lib/gcc/arm-atollic-eabi/6.3.1/../../../../arm-atollic-eabi/lib/armv7e-m/fpu/fpv5-sp-d16\libc_nano.a(lib_a-memcmp.o)
                              ../Middlewares/ST/AI/AI/lib\network_runtime.a(layers.o) (memcmp)
c:/program files (x86)/atollic/truestudio for stm32 9.3.0/armtools/bin/../lib/gcc/arm-atollic-eabi/6.3.1/../../../../arm-atollic-eabi/lib/armv7e-m/fpu/fpv5-sp-d16\libc_nano.a(lib_a-memcpy-stub.o)
                              Middlewares\ST\AI\AI\src\cnn.o (memcpy)
c:/program files (x86)/atollic/truestudio for stm32 9.3.0/armtools/bin/../lib/gcc/arm-atollic-eabi/6.3.1/../../../../arm-atollic-eabi/lib/armv7e-m/fpu/fpv5-sp-d16\libc_nano.a(lib_a-memset.o)
[...]
Memory Configuration

Name             Origin             Length             Attributes
RAM              0x20000000         0x00040000         xrw
FLASH            0x08000000         0x00080000         xr
*default*        0x00000000         0xffffffff

Linker script and memory map

LOAD c:/program files (x86)/atollic/truestudio for stm32 9.3.0/armtools/bin/../lib/gcc/arm-atollic-eabi/6.3.1/armv7e-m/fpu/fpv5-sp-d16/crti.o
LOAD c:/program files (x86)/atollic/truestudio for stm32 9.3.0/armtools/bin/../lib/gcc/arm-atollic-eabi/6.3.1/armv7e-m/fpu/fpv5-sp-d16/crtbegin.o
LOAD Drivers\CMSIS\DSP\Source\BasicMathFunctions\arm_dot_prod_f32.o
LOAD Drivers\STM32F7xx_HAL_Driver\Src\stm32f7xx_hal.o
LOAD Drivers\STM32F7xx_HAL_Driver\Src\stm32f7xx_hal_cortex.o
LOAD Drivers\STM32F7xx_HAL_Driver\Src\stm32f7xx_hal_crc.o
LOAD Drivers\STM32F7xx_HAL_Driver\Src\stm32f7xx_hal_crc_ex.o
LOAD Drivers\STM32F7xx_HAL_Driver\Src\stm32f7xx_hal_dma.o
LOAD Drivers\STM32F7xx_HAL_Driver\Src\stm32f7xx_hal_dma_ex.o
LOAD Drivers\STM32F7xx_HAL_Driver\Src\stm32f7xx_hal_exti.o
LOAD Drivers\STM32F7xx_HAL_Driver\Src\stm32f7xx_hal_flash.o
LOAD Drivers\STM32F7xx_HAL_Driver\Src\stm32f7xx_hal_flash_ex.o
LOAD Drivers\STM32F7xx_HAL_Driver\Src\stm32f7xx_hal_gpio.o
LOAD Drivers\STM32F7xx_HAL_Driver\Src\stm32f7xx_hal_i2c.o
LOAD Drivers\STM32F7xx_HAL_Driver\Src\stm32f7xx_hal_i2c_ex.o
LOAD Drivers\STM32F7xx_HAL_Driver\Src\stm32f7xx_hal_pwr.o
LOAD Drivers\STM32F7xx_HAL_Driver\Src\stm32f7xx_hal_pwr_ex.o
LOAD Drivers\STM32F7xx_HAL_Driver\Src\stm32f7xx_hal_rcc.o
LOAD Drivers\STM32F7xx_HAL_Driver\Src\stm32f7xx_hal_rcc_ex.o
LOAD Drivers\STM32F7xx_HAL_Driver\Src\stm32f7xx_hal_tim.o
LOAD Drivers\STM32F7xx_HAL_Driver\Src\stm32f7xx_hal_tim_ex.o
LOAD Drivers\STM32F7xx_HAL_Driver\Src\stm32f7xx_hal_uart.o
LOAD Middlewares\ST\AI\AI\data\cnn_data.o
LOAD Middlewares\ST\AI\AI\src\cnn.o
LOAD Middlewares\ST\Application\Validation\Src\aiPbMgr.o
LOAD Middlewares\ST\Application\Validation\Src\aiTestUtility.o
LOAD Middlewares\ST\Application\Validation\Src\aiValidation.o
LOAD Middlewares\ST\Application\Validation\Src\pb_common.o
LOAD Middlewares\ST\Application\Validation\Src\pb_decode.o
LOAD Middlewares\ST\Application\Validation\Src\pb_encode.o
LOAD Middlewares\ST\Application\Validation\Src\stm32msg.pb.o
LOAD Src\app_x-cube-ai.o
LOAD Src\main.o
LOAD Src\stm32f7xx_hal_msp.o
LOAD Src\stm32f7xx_it.o
LOAD Src\syscalls.o
LOAD Src\system_stm32f7xx.o
LOAD startup\startup_stm32f722xx.o
LOAD ../Middlewares/ST/AI/AI/lib\network_runtime.a
                0x00000080                malloc_getpagesize_P = 0x80
START GROUP
LOAD c:/program files (x86)/atollic/truestudio for stm32 9.3.0/armtools/bin/../lib/gcc/arm-atollic-eabi/6.3.1/../../../../arm-atollic-eabi/lib/armv7e-m/fpu/fpv5-sp-d16\libc_nano.a
LOAD c:/program files (x86)/atollic/truestudio for stm32 9.3.0/armtools/bin/../lib/gcc/arm-atollic-eabi/6.3.1/../../../../arm-atollic-eabi/lib/armv7e-m/fpu/fpv5-sp-d16\libm.a
END GROUP
START GROUP
LOAD c:/program files (x86)/atollic/truestudio for stm32 9.3.0/armtools/bin/../lib/gcc/arm-atollic-eabi/6.3.1/armv7e-m/fpu/fpv5-sp-d16\libgcc.a
LOAD c:/program files (x86)/atollic/truestudio for stm32 9.3.0/armtools/bin/../lib/gcc/arm-atollic-eabi/6.3.1/../../../../arm-atollic-eabi/lib/armv7e-m/fpu/fpv5-sp-d16\libc_nano.a
END GROUP
START GROUP
LOAD c:/program files (x86)/atollic/truestudio for stm32 9.3.0/armtools/bin/../lib/gcc/arm-atollic-eabi/6.3.1/armv7e-m/fpu/fpv5-sp-d16\libgcc.a
LOAD c:/program files (x86)/atollic/truestudio for stm32 9.3.0/armtools/bin/../lib/gcc/arm-atollic-eabi/6.3.1/../../../../arm-atollic-eabi/lib/armv7e-m/fpu/fpv5-sp-d16\libc_nano.a
LOAD c:/program files (x86)/atollic/truestudio for stm32 9.3.0/armtools/bin/../lib/gcc/arm-atollic-eabi/6.3.1/../../../../arm-atollic-eabi/lib/armv7e-m/fpu/fpv5-sp-d16\libnosys.a
END GROUP
START GROUP
LOAD c:/program files (x86)/atollic/truestudio for stm32 9.3.0/armtools/bin/../lib/gcc/arm-atollic-eabi/6.3.1/armv7e-m/fpu/fpv5-sp-d16\libgcc.a
LOAD c:/program files (x86)/atollic/truestudio for stm32 9.3.0/armtools/bin/../lib/gcc/arm-atollic-eabi/6.3.1/../../../../arm-atollic-eabi/lib/armv7e-m/fpu/fpv5-sp-d16\libc_nano.a
LOAD c:/program files (x86)/atollic/truestudio for stm32 9.3.0/armtools/bin/../lib/gcc/arm-atollic-eabi/6.3.1/../../../../arm-atollic-eabi/lib/armv7e-m/fpu/fpv5-sp-d16\libnosys.a
END GROUP
LOAD c:/program files (x86)/atollic/truestudio for stm32 9.3.0/armtools/bin/../lib/gcc/arm-atollic-eabi/6.3.1/armv7e-m/fpu/fpv5-sp-d16/crtend.o
LOAD c:/program files (x86)/atollic/truestudio for stm32 9.3.0/armtools/bin/../lib/gcc/arm-atollic-eabi/6.3.1/armv7e-m/fpu/fpv5-sp-d16/crtn.o
                0x20040000                _estack = 0x20040000
                0x00003000                _Min_Heap_Size = 0x3000
                0x00004000                _Min_Stack_Size = 0x4000

.isr_vector     0x08000000      0x1e0
                0x08000000                . = ALIGN (0x4)
 *(.isr_vector)
 .isr_vector    0x08000000      0x1e0 startup\startup_stm32f722xx.o
                0x08000000                g_pfnVectors
                0x080001e0                . = ALIGN (0x4)

.text           0x080001e0     0xa514
                0x080001e0                . = ALIGN (0x4)
 *(.text)
 .text          0x080001e0       0x40 c:/program files (x86)/atollic/truestudio for stm32 9.3.0/armtools/bin/../lib/gcc/arm-atollic-eabi/6.3.1/armv7e-m/fpu/fpv5-sp-d16/crtbegin.o
 .text          0x08000220      0x2b6 ../Middlewares/ST/AI/AI/lib\network_runtime.a(ai_network_inspector.o)
                0x08000220                ai_inspector_create
                0x08000270                ai_inspector_destroy
                0x080002c6                ai_inspector_bind_network
                0x08000348                ai_inspector_unbind_network
                0x080003dc                ai_inspector_get_report
                0x0800045a                ai_inspector_run
 *fill*         0x080004d6        0x2 
 .text          0x080004d8      0x918 ../Middlewares/ST/AI/AI/lib\network_runtime.a(ai_platform_interface.o)
                0x080005d2                ai_platform_runtime_get_revision
                0x0800066c                ai_platform_runtime_get_version
                0x0800070a                ai_platform_api_get_version
                0x080007a8                ai_platform_interface_api_get_version
                0x08000846                ai_platform_context_acquire
                0x080008f0                ai_platform_context_release
                0x08000902                ai_platform_network_get_error
                0x080009bc                ai_platform_network_set_error
                0x080009c8                ai_platform_network_create
                0x08000a34                ai_platform_network_destroy
                0x08000ae2                ai_platform_network_init
                0x08000bd2                ai_platform_network_process
 .text          0x08000df0       0x24 ../Middlewares/ST/AI/AI/lib\network_runtime.a(core_common.o)
                0x08000df0                core_init
                0x08000df4                core_get_error
                0x08000dfe                core_set_error
 .text          0x08000e14      0x600 ../Middlewares/ST/AI/AI/lib\network_runtime.a(core_net_inspect.o)
                0x080011b0                ai_network_inspect_init
                0x08001334                ai_network_inspect_get_report
                0x08001364                ai_network_inspect_destroy
 .text          0x08001414      0x184 ../Middlewares/ST/AI/AI/lib\network_runtime.a(core_utils.o)
                0x0800154e                core_utils_compute_crc32
                0x08001550                core_utils_generate_network_signature
 .text          0x08001598      0x1b8 ../Middlewares/ST/AI/AI/lib\network_runtime.a(layers.o)
                0x08001598                ai_layers_forward_layer
                0x080015ac                ai_check_custom_types
                0x080015d4                ai_layer_type_name
                0x08001694                ai_layer_type_is_valid
                0x080016b0                ai_layers_forward_all
 .text          0x08001750     0x105e ../Middlewares/ST/AI/AI/lib\network_runtime.a(layers_conv2d_generic_float.o)
                0x08001bc8                ai_dict8_dot_array_f32
                0x08001e9c                ai_dict4_dot_array_f32
                0x08001f3c                forward_conv2d
                0x080020ac                forward_conv2d_nl_pool
                0x08002424                forward_dense
                0x0800272c                forward_gemm
 *fill*         0x080027ae        0x2 
 .text          0x080027b0      0x6ea ../Middlewares/ST/AI/AI/lib\network_runtime.a(layers_nl_generic_float.o)
                0x080027b0                nl_func_sm_channel_f32
                0x080028d4                nl_func_sm_array_f32
                0x08002908                nl_func_tanh_array_f32
                0x08002930                nl_func_sigmoid_array_f32
                0x0800296c                nl_func_sign_array_f32
                0x080029a4                nl_func_clip_array_f32
                0x080029dc                nl_func_relu_array_f32
                0x08002a08                nl_func_relu6_array_f32
                0x08002a48                nl_func_selu_array_f32
                0x08002ad8                nl_func_prelu_array_f32
                0x08002b24                forward_relu
                0x08002b74                forward_relu6
                0x08002bdc                forward_selu
                0x08002c88                forward_prelu
                0x08002d00                forward_sign
                0x08002d64                forward_clip
                0x08002dcc                forward_sigmoid
                0x08002e24                forward_tanh
                0x08002e66                forward_sm
 *fill*         0x08002e9a        0x2 
 .text          0x08002e9c      0x5b0 ../Middlewares/ST/AI/AI/lib\network_runtime.a(layers_norm_generic_float.o)
                0x08002e9c                func_lrn_channel_f32
                0x08002f9c                func_norm_array_f32
                0x08003094                func_norm_l2_fast_array_f32
                0x08003174                func_lrn_array_f32
                0x080031c4                forward_bn
                0x08003372                forward_lrn
                0x080033b4                forward_norm
 .text          0x0800344c       0xf0 ../Middlewares/ST/AI/AI/lib\network_runtime.a(ai_math_helpers.o)
                0x0800344c                ai_math_dot_array
                0x08003478                ai_math_sqrt
                0x08003490                ai_math_exp
                0x08003494                ai_math_pow
                0x08003498                ai_math_tanh
                0x0800349c                ai_math_relu
                0x080034ac                ai_math_prelu
                0x080034bc                ai_math_sigmoid
                0x080034dc                ai_math_hard_sigmoid
                0x08003510                ai_math_sign
 .text          0x0800353c       0x9a c:/program files (x86)/atollic/truestudio for stm32 9.3.0/armtools/bin/../lib/gcc/arm-atollic-eabi/6.3.1/../../../../arm-atollic-eabi/lib/armv7e-m/fpu/fpv5-sp-d16\libc_nano.a(lib_a-aeabi_memset-soft.o)
                0x0800353c                __aeabi_memset8
                0x0800353c                __aeabi_memset4
                0x0800353c                __aeabi_memset
 .text          0x080035d6       0x10 c:/program files (x86)/atollic/truestudio for stm32 9.3.0/armtools/bin/../lib/gcc/arm-atollic-eabi/6.3.1/../../../../arm-atollic-eabi/lib/armv7e-m/fpu/fpv5-sp-d16\libc_nano.a(lib_a-strlen.o)
                0x080035d6                strlen
 *fill*         0x080035e6        0xa 
 .text          0x080035f0       0xa0 c:/program files (x86)/atollic/truestudio for stm32 9.3.0/armtools/bin/../lib/gcc/arm-atollic-eabi/6.3.1/../../../../arm-atollic-eabi/lib/armv7e-m/fpu/fpv5-sp-d16\libc_nano.a(lib_a-memchr.o)
                0x080035f0                memchr
 .text          0x08003690       0x18 c:/program files (x86)/atollic/truestudio for stm32 9.3.0/armtools/bin/../lib/gcc/arm-atollic-eabi/6.3.1/armv7e-m/fpu/fpv5-sp-d16\libgcc.a(_ashldi3.o)
                0x08003690                __aeabi_llsl
                0x08003690                __ashldi3
 .text          0x080036a8      0x370 c:/program files (x86)/atollic/truestudio for stm32 9.3.0/armtools/bin/../lib/gcc/arm-atollic-eabi/6.3.1/armv7e-m/fpu/fpv5-sp-d16\libgcc.a(_arm_addsubdf3.o)
                0x080036a8                __aeabi_drsub
                0x080036b0                __aeabi_dsub
                0x080036b0                __subdf3
                0x080036b4                __aeabi_dadd
                0x080036b4                __adddf3
                0x0800392c                __floatunsidf
                0x0800392c                __aeabi_ui2d
                0x0800394c                __floatsidf
                0x0800394c                __aeabi_i2d
                0x08003970                __aeabi_f2d
                0x08003970                __extendsfdf2
                0x080039ac                __floatundidf
                0x080039ac                __aeabi_ul2d
                0x080039bc                __floatdidf
                0x080039bc                __aeabi_l2d
 .text          0x08003a18      0x424 c:/program files (x86)/atollic/truestudio for stm32 9.3.0/armtools/bin/../lib/gcc/arm-atollic-eabi/6.3.1/armv7e-m/fpu/fpv5-sp-d16\libgcc.a(_arm_muldivdf3.o)
                0x08003a18                __aeabi_dmul
                0x08003a18                __muldf3
                0x08003c6c                __divdf3
                0x08003c6c                __aeabi_ddiv
 .text          0x08003e3c      0x110 c:/program files (x86)/atollic/truestudio for stm32 9.3.0/armtools/bin/../lib/gcc/arm-atollic-eabi/6.3.1/armv7e-m/fpu/fpv5-sp-d16\libgcc.a(_arm_cmpdf2.o)
                0x08003e3c                __gtdf2
                0x08003e3c                __gedf2
                0x08003e44                __ltdf2
                0x08003e44                __ledf2
                0x08003e4c                __nedf2
                0x08003e4c                __eqdf2
                0x08003e4c                __cmpdf2
                0x08003ec8                __aeabi_cdrcmple
                0x08003ed8                __aeabi_cdcmpeq
                0x08003ed8                __aeabi_cdcmple
                0x08003ee8                __aeabi_dcmpeq
                0x08003efc                __aeabi_dcmplt
                0x08003f10                __aeabi_dcmple
                0x08003f24                __aeabi_dcmpge
                0x08003f38                __aeabi_dcmpgt
 .text          0x08003f4c       0xa0 c:/program files (x86)/atollic/truestudio for stm32 9.3.0/armtools/bin/../lib/gcc/arm-atollic-eabi/6.3.1/armv7e-m/fpu/fpv5-sp-d16\libgcc.a(_arm_truncdfsf2.o)
                0x08003f4c                __truncdfsf2
                0x08003f4c                __aeabi_d2f
 .text          0x08003fec      0x21c c:/program files (x86)/atollic/truestudio for stm32 9.3.0/armtools/bin/../lib/gcc/arm-atollic-eabi/6.3.1/armv7e-m/fpu/fpv5-sp-d16\libgcc.a(_arm_addsubsf3.o)
                0x08003fec                __aeabi_frsub
                0x08003ff4                __subsf3
                0x08003ff4                __aeabi_fsub
                0x08003ff8                __aeabi_fadd
                0x08003ff8                __addsf3
                0x08004158                __aeabi_ui2f
                0x08004158                __floatunsisf
                0x08004160                __aeabi_i2f
                0x08004160                __floatsisf
                0x0800417c                __aeabi_ul2f
                0x0800417c                __floatundisf
                0x0800418c                __aeabi_l2f
                0x0800418c                __floatdisf
 .text          0x08004208       0x30 c:/program files (x86)/atollic/truestudio for stm32 9.3.0/armtools/bin/../lib/gcc/arm-atollic-eabi/6.3.1/armv7e-m/fpu/fpv5-sp-d16\libgcc.a(_aeabi_uldivmod.o)
                0x08004208                __aeabi_uldivmod
 .text          0x08004238      0x2dc c:/program files (x86)/atollic/truestudio for stm32 9.3.0/armtools/bin/../lib/gcc/arm-atollic-eabi/6.3.1/armv7e-m/fpu/fpv5-sp-d16\libgcc.a(_udivmoddi4.o)
                0x08004238                __udivmoddi4
 .text          0x08004514        0x4 c:/program files (x86)/atollic/truestudio for stm32 9.3.0/armtools/bin/../lib/gcc/arm-atollic-eabi/6.3.1/armv7e-m/fpu/fpv5-sp-d16\libgcc.a(_dvmd_tls.o)
                0x08004514                __aeabi_idiv0
                0x08004514                __aeabi_ldiv0
 *(.text*)
 .text.arm_dot_prod_f32
                0x08004518       0x74 Drivers\CMSIS\DSP\Source\BasicMathFunctions\arm_dot_prod_f32.o
                0x08004518                arm_dot_prod_f32
 .text.HAL_InitTick
                0x0800458c       0x48 Drivers\STM32F7xx_HAL_Driver\Src\stm32f7xx_hal.o
                0x0800458c                HAL_InitTick
 .text.HAL_Init
                0x080045d4       0x2c Drivers\STM32F7xx_HAL_Driver\Src\stm32f7xx_hal.o
                0x080045d4                HAL_Init
 .text.HAL_IncTick
                0x08004600       0x18 Drivers\STM32F7xx_HAL_Driver\Src\stm32f7xx_hal.o
                0x08004600                HAL_IncTick
 .text.HAL_GetTick
                0x08004618        0xc Drivers\STM32F7xx_HAL_Driver\Src\stm32f7xx_hal.o
                0x08004618                HAL_GetTick
 .text.HAL_Delay
                0x08004624       0x24 Drivers\STM32F7xx_HAL_Driver\Src\stm32f7xx_hal.o
                0x08004624                HAL_Delay
 .text.HAL_GetHalVersion
                0x08004648        0x8 Drivers\STM32F7xx_HAL_Driver\Src\stm32f7xx_hal.o
                0x08004648                HAL_GetHalVersion
 .text.HAL_GetREVID
                0x08004650        0xc Drivers\STM32F7xx_HAL_Driver\Src\stm32f7xx_hal.o
                0x08004650                HAL_GetREVID
 .text.HAL_GetDEVID
                0x0800465c       0x10 Drivers\STM32F7xx_HAL_Driver\Src\stm32f7xx_hal.o
                0x0800465c                HAL_GetDEVID
 .text.HAL_NVIC_SetPriorityGrouping
                0x0800466c       0x24 Drivers\STM32F7xx_HAL_Driver\Src\stm32f7xx_hal_cortex.o
                0x0800466c                HAL_NVIC_SetPriorityGrouping
 .text.HAL_NVIC_SetPriority
                0x08004690       0x70 Drivers\STM32F7xx_HAL_Driver\Src\stm32f7xx_hal_cortex.o
                0x08004690                HAL_NVIC_SetPriority
 .text.HAL_SYSTICK_Config
                0x08004700       0x2c Drivers\STM32F7xx_HAL_Driver\Src\stm32f7xx_hal_cortex.o
                0x08004700                HAL_SYSTICK_Config
 .text.HAL_CRC_Init
                0x0800472c       0x74 Drivers\STM32F7xx_HAL_Driver\Src\stm32f7xx_hal_crc.o
                0x0800472c                HAL_CRC_Init
 .text.HAL_CRCEx_Polynomial_Set
                0x080047a0       0x44 Drivers\STM32F7xx_HAL_Driver\Src\stm32f7xx_hal_crc_ex.o
                0x080047a0                HAL_CRCEx_Polynomial_Set
 .text.HAL_GPIO_Init
                0x080047e4      0x1bc Drivers\STM32F7xx_HAL_Driver\Src\stm32f7xx_hal_gpio.o
                0x080047e4                HAL_GPIO_Init
 .text.HAL_GPIO_WritePin
                0x080049a0        0xa Drivers\STM32F7xx_HAL_Driver\Src\stm32f7xx_hal_gpio.o
                0x080049a0                HAL_GPIO_WritePin
 *fill*         0x080049aa        0x2 
 .text.HAL_PWREx_EnableOverDrive
                0x080049ac       0x70 Drivers\STM32F7xx_HAL_Driver\Src\stm32f7xx_hal_pwr_ex.o
                0x080049ac                HAL_PWREx_EnableOverDrive
 .text.HAL_RCC_OscConfig
                0x08004a1c      0x328 Drivers\STM32F7xx_HAL_Driver\Src\stm32f7xx_hal_rcc.o
                0x08004a1c                HAL_RCC_OscConfig
 .text.HAL_RCC_GetSysClockFreq
                0x08004d44       0x5c Drivers\STM32F7xx_HAL_Driver\Src\stm32f7xx_hal_rcc.o
                0x08004d44                HAL_RCC_GetSysClockFreq
 .text.HAL_RCC_ClockConfig
                0x08004da0      0x13c Drivers\STM32F7xx_HAL_Driver\Src\stm32f7xx_hal_rcc.o
                0x08004da0                HAL_RCC_ClockConfig
 .text.HAL_RCC_GetHCLKFreq
                0x08004edc        0xc Drivers\STM32F7xx_HAL_Driver\Src\stm32f7xx_hal_rcc.o
                0x08004edc                HAL_RCC_GetHCLKFreq
 .text.HAL_RCC_GetPCLK1Freq
                0x08004ee8       0x20 Drivers\STM32F7xx_HAL_Driver\Src\stm32f7xx_hal_rcc.o
                0x08004ee8                HAL_RCC_GetPCLK1Freq
 .text.HAL_RCC_GetPCLK2Freq
                0x08004f08       0x20 Drivers\STM32F7xx_HAL_Driver\Src\stm32f7xx_hal_rcc.o
                0x08004f08                HAL_RCC_GetPCLK2Freq
 .text.HAL_RCCEx_PeriphCLKConfig
                0x08004f28      0x460 Drivers\STM32F7xx_HAL_Driver\Src\stm32f7xx_hal_rcc_ex.o
                0x08004f28                HAL_RCCEx_PeriphCLKConfig
 .text.UART_SetConfig
                0x08005388      0x288 Drivers\STM32F7xx_HAL_Driver\Src\stm32f7xx_hal_uart.o
                0x08005388                UART_SetConfig
 .text.UART_AdvFeatureConfig
                0x08005610       0xaa Drivers\STM32F7xx_HAL_Driver\Src\stm32f7xx_hal_uart.o
                0x08005610                UART_AdvFeatureConfig
 .text.UART_WaitOnFlagUntilTimeout
                0x080056ba       0x5e Drivers\STM32F7xx_HAL_Driver\Src\stm32f7xx_hal_uart.o
                0x080056ba                UART_WaitOnFlagUntilTimeout
 .text.HAL_UART_Transmit
                0x08005718       0xae Drivers\STM32F7xx_HAL_Driver\Src\stm32f7xx_hal_uart.o
                0x08005718                HAL_UART_Transmit
 .text.HAL_UART_Receive
                0x080057c6       0xe2 Drivers\STM32F7xx_HAL_Driver\Src\stm32f7xx_hal_uart.o
                0x080057c6                HAL_UART_Receive
 .text.UART_CheckIdleState
                0x080058a8       0x40 Drivers\STM32F7xx_HAL_Driver\Src\stm32f7xx_hal_uart.o
                0x080058a8                UART_CheckIdleState
 .text.HAL_UART_Init
                0x080058e8       0x5c Drivers\STM32F7xx_HAL_Driver\Src\stm32f7xx_hal_uart.o
                0x080058e8                HAL_UART_Init
 .text.ai_cnn_data_weights_get
                0x08005944        0x8 Middlewares\ST\AI\AI\data\cnn_data.o
                0x08005944                ai_cnn_data_weights_get
 .text.ai_cnn_get_info
                0x0800594c      0x10c Middlewares\ST\AI\AI\src\cnn.o
                0x0800594c                ai_cnn_get_info
 .text.ai_cnn_get_error
                0x08005a58        0x8 Middlewares\ST\AI\AI\src\cnn.o
                0x08005a58                ai_cnn_get_error
 .text.ai_cnn_create
                0x08005a60       0x1c Middlewares\ST\AI\AI\src\cnn.o
                0x08005a60                ai_cnn_create
 .text.ai_cnn_destroy
                0x08005a7c        0x4 Middlewares\ST\AI\AI\src\cnn.o
                0x08005a7c                ai_cnn_destroy
 .text.ai_cnn_init
                0x08005a80      0x1e4 Middlewares\ST\AI\AI\src\cnn.o
                0x08005a80                ai_cnn_init
 .text.ai_cnn_run
                0x08005c64        0x4 Middlewares\ST\AI\AI\src\cnn.o
                0x08005c64                ai_cnn_run
 .text.ai_cnn_forward
                0x08005c68        0x6 Middlewares\ST\AI\AI\src\cnn.o
                0x08005c68                ai_cnn_forward
 .text.init_aibuffer_msg
                0x08005c6e       0x1e Middlewares\ST\Application\Validation\Src\aiPbMgr.o
 .text.aiPbBuffer_read_cb
                0x08005c8c       0x4c Middlewares\ST\Application\Validation\Src\aiPbMgr.o
 .text.aiPbBuffer_write_cb
                0x08005cd8       0x5c Middlewares\ST\Application\Validation\Src\aiPbMgr.o
 .text.nn_shape_w_cb.constprop.0
                0x08005d34       0x28 Middlewares\ST\Application\Validation\Src\aiPbMgr.o
 .text.nn_inputs_w_cb
                0x08005d5c        0xe Middlewares\ST\Application\Validation\Src\aiPbMgr.o
 .text.nn_outputs_w_cb
                0x08005d6a        0xe Middlewares\ST\Application\Validation\Src\aiPbMgr.o
 .text.aiPbMgrInit
                0x08005d78       0x5c Middlewares\ST\Application\Validation\Src\aiPbMgr.o
                0x08005d78                aiPbMgrInit
 .text.aiPbMgrSendResp
                0x08005dd4       0x24 Middlewares\ST\Application\Validation\Src\aiPbMgr.o
                0x08005dd4                aiPbMgrSendResp
 .text.aiPbMgrWaitAndProcess
                0x08005df8       0x6c Middlewares\ST\Application\Validation\Src\aiPbMgr.o
                0x08005df8                aiPbMgrWaitAndProcess
 .text.aiPbMgrSendAck
                0x08005e64        0xe Middlewares\ST\Application\Validation\Src\aiPbMgr.o
                0x08005e64                aiPbMgrSendAck
 *fill*         0x08005e72        0x2 
 .text.aiPbMgrWaitAck
                0x08005e74       0x28 Middlewares\ST\Application\Validation\Src\aiPbMgr.o
                0x08005e74                aiPbMgrWaitAck
 .text.aiPbAiBufferSize
                0x08005e9c       0x12 Middlewares\ST\Application\Validation\Src\aiPbMgr.o
                0x08005e9c                aiPbAiBufferSize
 *fill*         0x08005eae        0x2 
 .text.aiPbMgrReceiveAiBuffer
                0x08005eb0       0xf8 Middlewares\ST\Application\Validation\Src\aiPbMgr.o
                0x08005eb0                aiPbMgrReceiveAiBuffer
 .text.aiPbMgrSendAiBuffer
                0x08005fa8       0x80 Middlewares\ST\Application\Validation\Src\aiPbMgr.o
                0x08005fa8                aiPbMgrSendAiBuffer
 .text.aiPbCmdSync
                0x08006028       0x18 Middlewares\ST\Application\Validation\Src\aiPbMgr.o
                0x08006028                aiPbCmdSync
 .text.aiPbCmdSysInfo
                0x08006040       0x30 Middlewares\ST\Application\Validation\Src\aiPbMgr.o
                0x08006040                aiPbCmdSysInfo
 .text.aiPbStrCopy
                0x08006070       0x50 Middlewares\ST\Application\Validation\Src\aiPbMgr.o
                0x08006070                aiPbStrCopy
 .text.aiPbVersionToUint32
                0x080060c0       0x18 Middlewares\ST\Application\Validation\Src\aiPbMgr.o
                0x080060c0                aiPbVersionToUint32
 .text.aiPbMgrSendNNInfo
                0x080060d8       0xf0 Middlewares\ST\Application\Validation\Src\aiPbMgr.o
                0x080060d8                aiPbMgrSendNNInfo
 .text.write_packet
                0x080061c8       0x20 Middlewares\ST\Application\Validation\Src\aiTestUtility.o
 .text.write_callback
                0x080061e8       0x3c Middlewares\ST\Application\Validation\Src\aiTestUtility.o
 .text.read_packet
                0x08006224       0x2c Middlewares\ST\Application\Validation\Src\aiTestUtility.o
 .text.read_callback
                0x08006250       0x88 Middlewares\ST\Application\Validation\Src\aiTestUtility.o
 .text.crcIpInit
                0x080062d8       0x30 Middlewares\ST\Application\Validation\Src\aiTestUtility.o
                0x080062d8                crcIpInit
 .text.dwtIpInit
                0x08006308       0x30 Middlewares\ST\Application\Validation\Src\aiTestUtility.o
                0x08006308                dwtIpInit
 .text.dwtReset
                0x08006338        0xc Middlewares\ST\Application\Validation\Src\aiTestUtility.o
                0x08006338                dwtReset
 .text.dwtGetCycles
                0x08006344        0xc Middlewares\ST\Application\Validation\Src\aiTestUtility.o
                0x08006344                dwtGetCycles
 .text.dwtCyclesToFloatMs
                0x08006350       0x38 Middlewares\ST\Application\Validation\Src\aiTestUtility.o
                0x08006350                dwtCyclesToFloatMs
 .text.getFlashCacheConf
                0x08006388        0xc Middlewares\ST\Application\Validation\Src\aiTestUtility.o
                0x08006388                getFlashCacheConf
 .text.logDeviceConf
                0x08006394      0x1c8 Middlewares\ST\Application\Validation\Src\aiTestUtility.o
                0x08006394                logDeviceConf
 .text.disableInts
                0x0800655c        0x8 Middlewares\ST\Application\Validation\Src\aiTestUtility.o
                0x0800655c                disableInts
 .text.restoreInts
                0x08006564        0x6 Middlewares\ST\Application\Validation\Src\aiTestUtility.o
                0x08006564                restoreInts
 *fill*         0x0800656a        0x2 
 .text.ioDisableWrite
                0x0800656c        0xc Middlewares\ST\Application\Validation\Src\aiTestUtility.o
                0x0800656c                ioDisableWrite
 .text._write   0x08006578       0x40 Middlewares\ST\Application\Validation\Src\aiTestUtility.o
                0x08006578                _write
 .text.aiLogErr
                0x080065b8       0x2c Middlewares\ST\Application\Validation\Src\aiTestUtility.o
                0x080065b8                aiLogErr
 .text.aiBufferSize
                0x080065e4        0xc Middlewares\ST\Application\Validation\Src\aiTestUtility.o
                0x080065e4                aiBufferSize
 .text.aiPrintLayoutBuffer
                0x080065f0       0x74 Middlewares\ST\Application\Validation\Src\aiTestUtility.o
 .text.aiPrintNetworkInfo
                0x08006664       0xe0 Middlewares\ST\Application\Validation\Src\aiTestUtility.o
                0x08006664                aiPrintNetworkInfo
 .text.aiTestHeader
                0x08006744       0x40 Middlewares\ST\Application\Validation\Src\aiTestUtility.o
                0x08006744                aiTestHeader
 .text.ioFlushWrite
                0x08006784       0x1c Middlewares\ST\Application\Validation\Src\aiTestUtility.o
                0x08006784                ioFlushWrite
 .text.ioFlushRead
                0x080067a0       0x18 Middlewares\ST\Application\Validation\Src\aiTestUtility.o
                0x080067a0                ioFlushRead
 .text.pb_ostream_to_uart
                0x080067b8       0x24 Middlewares\ST\Application\Validation\Src\aiTestUtility.o
                0x080067b8                pb_ostream_to_uart
 .text.pb_istream_from_uart
                0x080067dc       0x24 Middlewares\ST\Application\Validation\Src\aiTestUtility.o
                0x080067dc                pb_istream_from_uart
 .text.aiInspectorUnBind
                0x08006800       0x1e Middlewares\ST\Application\Validation\Src\aiValidation.o
 *fill*         0x0800681e        0x2 
 .text.aiExecCtx.part.0
                0x08006820       0x3c Middlewares\ST\Application\Validation\Src\aiValidation.o
 .text.aiOnExecNode_cb
                0x0800685c       0xa4 Middlewares\ST\Application\Validation\Src\aiValidation.o
 .text.aiPbCmdNNRun
                0x08006900      0x214 Middlewares\ST\Application\Validation\Src\aiValidation.o
                0x08006900                aiPbCmdNNRun
 .text.aiPbCmdNNInfo
                0x08006b14       0x40 Middlewares\ST\Application\Validation\Src\aiValidation.o
                0x08006b14                aiPbCmdNNInfo
 .text.aiValidationInit
                0x08006b54       0x2c Middlewares\ST\Application\Validation\Src\aiValidation.o
                0x08006b54                aiValidationInit
 .text.aiValidationProcess
                0x08006b80      0x19c Middlewares\ST\Application\Validation\Src\aiValidation.o
                0x08006b80                aiValidationProcess
 .text.pb_field_iter_begin
                0x08006d1c       0x24 Middlewares\ST\Application\Validation\Src\pb_common.o
                0x08006d1c                pb_field_iter_begin
 .text.pb_field_iter_next
                0x08006d40       0x82 Middlewares\ST\Application\Validation\Src\pb_common.o
                0x08006d40                pb_field_iter_next
 .text.pb_field_iter_find
                0x08006dc2       0x2e Middlewares\ST\Application\Validation\Src\pb_common.o
                0x08006dc2                pb_field_iter_find
 .text.buf_read
                0x08006df0       0x1c Middlewares\ST\Application\Validation\Src\pb_decode.o
 .text.pb_readbyte
                0x08006e0c       0x40 Middlewares\ST\Application\Validation\Src\pb_decode.o
 .text.pb_decode_varint32_eof
                0x08006e4c       0x98 Middlewares\ST\Application\Validation\Src\pb_decode.o
 .text.pb_field_set_to_default
                0x08006ee4       0xae Middlewares\ST\Application\Validation\Src\pb_decode.o
 .text.pb_message_set_to_defaults
                0x08006f92       0x22 Middlewares\ST\Application\Validation\Src\pb_decode.o
 .text.pb_read  0x08006fb4       0x78 Middlewares\ST\Application\Validation\Src\pb_decode.o
                0x08006fb4                pb_read
 .text.pb_decode_varint32
                0x0800702c        0x6 Middlewares\ST\Application\Validation\Src\pb_decode.o
                0x0800702c                pb_decode_varint32
 *fill*         0x08007032        0x2 
 .text.pb_dec_fixed_length_bytes
                0x08007034       0x5c Middlewares\ST\Application\Validation\Src\pb_decode.o
 .text.pb_dec_string
                0x08007090       0x64 Middlewares\ST\Application\Validation\Src\pb_decode.o
 .text.pb_dec_bytes
                0x080070f4       0x68 Middlewares\ST\Application\Validation\Src\pb_decode.o
 .text.pb_decode_varint
                0x0800715c       0x64 Middlewares\ST\Application\Validation\Src\pb_decode.o
                0x0800715c                pb_decode_varint
 .text.pb_dec_uvarint
                0x080071c0       0x78 Middlewares\ST\Application\Validation\Src\pb_decode.o
 .text.pb_dec_varint
                0x08007238       0x74 Middlewares\ST\Application\Validation\Src\pb_decode.o
 .text.pb_decode_tag
                0x080072ac       0x34 Middlewares\ST\Application\Validation\Src\pb_decode.o
                0x080072ac                pb_decode_tag
 .text.pb_skip_field
                0x080072e0       0x5c Middlewares\ST\Application\Validation\Src\pb_decode.o
                0x080072e0                pb_skip_field
 .text.pb_make_string_substream
                0x0800733c       0x40 Middlewares\ST\Application\Validation\Src\pb_decode.o
                0x0800733c                pb_make_string_substream
 .text.pb_close_string_substream
                0x0800737c       0x24 Middlewares\ST\Application\Validation\Src\pb_decode.o
                0x0800737c                pb_close_string_substream
 .text.decode_field
                0x080073a0      0x1f8 Middlewares\ST\Application\Validation\Src\pb_decode.o
 .text.pb_decode_noinit
                0x08007598      0x214 Middlewares\ST\Application\Validation\Src\pb_decode.o
                0x08007598                pb_decode_noinit
 .text.pb_decode
                0x080077ac       0x1e Middlewares\ST\Application\Validation\Src\pb_decode.o
                0x080077ac                pb_decode
 *fill*         0x080077ca        0x2 
 .text.pb_dec_submessage
                0x080077cc       0x64 Middlewares\ST\Application\Validation\Src\pb_decode.o
 .text.pb_decode_delimited
                0x08007830       0x32 Middlewares\ST\Application\Validation\Src\pb_decode.o
                0x08007830                pb_decode_delimited
 .text.pb_decode_svarint
                0x08007862       0x2e Middlewares\ST\Application\Validation\Src\pb_decode.o
                0x08007862                pb_decode_svarint
 .text.pb_dec_svarint
                0x08007890       0x74 Middlewares\ST\Application\Validation\Src\pb_decode.o
 .text.pb_decode_fixed32
                0x08007904       0x18 Middlewares\ST\Application\Validation\Src\pb_decode.o
                0x08007904                pb_decode_fixed32
 .text.pb_dec_fixed32
                0x0800791c        0x6 Middlewares\ST\Application\Validation\Src\pb_decode.o
 .text.pb_decode_fixed64
                0x08007922       0x1a Middlewares\ST\Application\Validation\Src\pb_decode.o
                0x08007922                pb_decode_fixed64
 .text.pb_dec_fixed64
                0x0800793c        0x6 Middlewares\ST\Application\Validation\Src\pb_decode.o
 .text.pb_check_proto3_default_value
                0x08007942       0x9a Middlewares\ST\Application\Validation\Src\pb_encode.o
 .text.pb_write
                0x080079dc       0x48 Middlewares\ST\Application\Validation\Src\pb_encode.o
                0x080079dc                pb_write
 .text.pb_encode_varint
                0x08007a24       0x52 Middlewares\ST\Application\Validation\Src\pb_encode.o
                0x08007a24                pb_encode_varint
 *fill*         0x08007a76        0x2 
 .text.pb_enc_uvarint
                0x08007a78       0x40 Middlewares\ST\Application\Validation\Src\pb_encode.o
 .text.pb_enc_varint
                0x08007ab8       0x44 Middlewares\ST\Application\Validation\Src\pb_encode.o
 .text.pb_encode_svarint
                0x08007afc       0x1a Middlewares\ST\Application\Validation\Src\pb_encode.o
                0x08007afc                pb_encode_svarint
 *fill*         0x08007b16        0x2 
 .text.pb_enc_svarint
                0x08007b18       0x44 Middlewares\ST\Application\Validation\Src\pb_encode.o
 .text.pb_encode_fixed32
                0x08007b5c       0x2a Middlewares\ST\Application\Validation\Src\pb_encode.o
                0x08007b5c                pb_encode_fixed32
 .text.pb_enc_fixed32
                0x08007b86        0x6 Middlewares\ST\Application\Validation\Src\pb_encode.o
 .text.pb_encode_fixed64
                0x08007b8c       0x40 Middlewares\ST\Application\Validation\Src\pb_encode.o
                0x08007b8c                pb_encode_fixed64
 .text.pb_enc_fixed64
                0x08007bcc        0x6 Middlewares\ST\Application\Validation\Src\pb_encode.o
 .text.pb_encode_tag
                0x08007bd2       0x14 Middlewares\ST\Application\Validation\Src\pb_encode.o
                0x08007bd2                pb_encode_tag
 *fill*         0x08007be6        0x2 
 .text.pb_encode_tag_for_field
                0x08007be8       0x44 Middlewares\ST\Application\Validation\Src\pb_encode.o
                0x08007be8                pb_encode_tag_for_field
 .text.encode_field
                0x08007c2c      0x1fc Middlewares\ST\Application\Validation\Src\pb_encode.o
 .text.pb_encode
                0x08007e28       0x6a Middlewares\ST\Application\Validation\Src\pb_encode.o
                0x08007e28                pb_encode
 .text.pb_encode_string
                0x08007e92       0x20 Middlewares\ST\Application\Validation\Src\pb_encode.o
                0x08007e92                pb_encode_string
 .text.pb_enc_fixed_length_bytes
                0x08007eb2        0xc Middlewares\ST\Application\Validation\Src\pb_encode.o
 .text.pb_enc_string
                0x08007ebe       0x30 Middlewares\ST\Application\Validation\Src\pb_encode.o
 *fill*         0x08007eee        0x2 
 .text.pb_enc_bytes
                0x08007ef0       0x40 Middlewares\ST\Application\Validation\Src\pb_encode.o
 .text.pb_encode_submessage
                0x08007f30       0x98 Middlewares\ST\Application\Validation\Src\pb_encode.o
                0x08007f30                pb_encode_submessage
 .text.pb_enc_submessage
                0x08007fc8       0x28 Middlewares\ST\Application\Validation\Src\pb_encode.o
 .text.ai_mnetwork_handle
                0x08007ff0       0x1c Src\app_x-cube-ai.o
 .text.ai_mnetwork_is_valid.isra.0
                0x0800800c       0x30 Src\app_x-cube-ai.o
 .text.MX_X_CUBE_AI_Init
                0x0800803c        0xe Src\app_x-cube-ai.o
                0x0800803c                MX_X_CUBE_AI_Init
 .text.MX_X_CUBE_AI_Process
                0x0800804a        0x4 Src\app_x-cube-ai.o
                0x0800804a                MX_X_CUBE_AI_Process
 *fill*         0x0800804e        0x2 
 .text.ai_mnetwork_find
                0x08008050       0x24 Src\app_x-cube-ai.o
                0x08008050                ai_mnetwork_find
 .text.ai_mnetwork_create
                0x08008074       0x5c Src\app_x-cube-ai.o
                0x08008074                ai_mnetwork_create
 .text.ai_mnetwork_destroy
                0x080080d0       0x2c Src\app_x-cube-ai.o
                0x080080d0                ai_mnetwork_destroy
 .text.ai_mnetwork_get_info
                0x080080fc       0x16 Src\app_x-cube-ai.o
                0x080080fc                ai_mnetwork_get_info
 .text.ai_mnetwork_get_error
                0x08008112       0x22 Src\app_x-cube-ai.o
                0x08008112                ai_mnetwork_get_error
 .text.ai_mnetwork_init
                0x08008134       0x62 Src\app_x-cube-ai.o
                0x08008134                ai_mnetwork_init
 .text.ai_mnetwork_run
                0x08008196       0x1c Src\app_x-cube-ai.o
                0x08008196                ai_mnetwork_run
 .text.ai_mnetwork_get_private_handle
                0x080081b2       0x2c Src\app_x-cube-ai.o
                0x080081b2                ai_mnetwork_get_private_handle
 *fill*         0x080081de        0x2 
 .text.SystemClock_Config
                0x080081e0       0xa8 Src\main.o
                0x080081e0                SystemClock_Config
 .text.startup.main
                0x08008288      0x1f0 Src\main.o
                0x08008288                main
 .text.MX_USART2_UART_Init
                0x08008478       0x2c Src\main.o
                0x08008478                MX_USART2_UART_Init
 .text.HAL_MspInit
                0x080084a4       0x30 Src\stm32f7xx_hal_msp.o
                0x080084a4                HAL_MspInit
 .text.HAL_CRC_MspInit
                0x080084d4       0x2c Src\stm32f7xx_hal_msp.o
                0x080084d4                HAL_CRC_MspInit
 .text.HAL_UART_MspInit
                0x08008500       0x64 Src\stm32f7xx_hal_msp.o
                0x08008500                HAL_UART_MspInit
 .text.NMI_Handler
                0x08008564        0x2 Src\stm32f7xx_it.o
                0x08008564                NMI_Handler
 .text.HardFault_Handler
                0x08008566        0x2 Src\stm32f7xx_it.o
                0x08008566                HardFault_Handler
 .text.MemManage_Handler
                0x08008568        0x2 Src\stm32f7xx_it.o
                0x08008568                MemManage_Handler
 .text.BusFault_Handler
                0x0800856a        0x2 Src\stm32f7xx_it.o
                0x0800856a                BusFault_Handler
 .text.UsageFault_Handler
                0x0800856c        0x2 Src\stm32f7xx_it.o
                0x0800856c                UsageFault_Handler
 .text.SVC_Handler
                0x0800856e        0x2 Src\stm32f7xx_it.o
                0x0800856e                SVC_Handler
 .text.DebugMon_Handler
                0x08008570        0x2 Src\stm32f7xx_it.o
                0x08008570                DebugMon_Handler
 .text.PendSV_Handler
                0x08008572        0x2 Src\stm32f7xx_it.o
                0x08008572                PendSV_Handler
 .text.SysTick_Handler
                0x08008574        0x4 Src\stm32f7xx_it.o
                0x08008574                SysTick_Handler
 .text._read    0x08008578       0x1c Src\syscalls.o
                0x08008578                _read
 .text._sbrk    0x08008594       0x34 Src\syscalls.o
                0x08008594                _sbrk
 .text._close   0x080085c8        0x6 Src\syscalls.o
                0x080085c8                _close
 .text._fstat   0x080085ce        0xa Src\syscalls.o
                0x080085ce                _fstat
 .text._isatty  0x080085d8        0x4 Src\syscalls.o
                0x080085d8                _isatty
 .text._lseek   0x080085dc        0x4 Src\syscalls.o
                0x080085dc                _lseek
 .text.SystemInit
                0x080085e0       0x4c Src\system_stm32f7xx.o
                0x080085e0                SystemInit
 .text.Reset_Handler
                0x0800862c       0x50 startup\startup_stm32f722xx.o
                0x0800862c                Reset_Handler
 .text.Default_Handler
                0x0800867c        0x2 startup\startup_stm32f722xx.o
                0x0800867c                RTC_Alarm_IRQHandler
                0x0800867c                EXTI2_IRQHandler
                0x0800867c                TIM8_CC_IRQHandler
                0x0800867c                UART8_IRQHandler
                0x0800867c                SPI4_IRQHandler
                0x0800867c                TIM1_CC_IRQHandler
                0x0800867c                DMA2_Stream5_IRQHandler
                0x0800867c                DMA1_Stream5_IRQHandler
                0x0800867c                PVD_IRQHandler
                0x0800867c                TAMP_STAMP_IRQHandler
                0x0800867c                EXTI3_IRQHandler
                0x0800867c                TIM8_TRG_COM_TIM14_IRQHandler
                0x0800867c                TIM1_UP_TIM10_IRQHandler
                0x0800867c                TIM8_UP_TIM13_IRQHandler
                0x0800867c                I2C3_ER_IRQHandler
                0x0800867c                EXTI0_IRQHandler
                0x0800867c                I2C2_EV_IRQHandler
                0x0800867c                DMA1_Stream2_IRQHandler
                0x0800867c                CAN1_RX0_IRQHandler
                0x0800867c                FPU_IRQHandler
                0x0800867c                OTG_HS_WKUP_IRQHandler
                0x0800867c                DMA2_Stream2_IRQHandler
                0x0800867c                SPI1_IRQHandler
                0x0800867c                TIM6_DAC_IRQHandler
                0x0800867c                TIM1_BRK_TIM9_IRQHandler
                0x0800867c                DMA2_Stream3_IRQHandler
                0x0800867c                SAI2_IRQHandler
                0x0800867c                USART6_IRQHandler
                0x0800867c                USART3_IRQHandler
                0x0800867c                CAN1_RX1_IRQHandler
                0x0800867c                UART5_IRQHandler
                0x0800867c                DMA2_Stream0_IRQHandler
                0x0800867c                TIM4_IRQHandler
                0x0800867c                QUADSPI_IRQHandler
                0x0800867c                I2C1_EV_IRQHandler
                0x0800867c                DMA1_Stream6_IRQHandler
                0x0800867c                DMA1_Stream1_IRQHandler
                0x0800867c                UART4_IRQHandler
                0x0800867c                TIM3_IRQHandler
                0x0800867c                RCC_IRQHandler
                0x0800867c                TIM8_BRK_TIM12_IRQHandler
                0x0800867c                Default_Handler
                0x0800867c                EXTI15_10_IRQHandler
                0x0800867c                ADC_IRQHandler
                0x0800867c                DMA1_Stream7_IRQHandler
                0x0800867c                SPI5_IRQHandler
                0x0800867c                TIM7_IRQHandler
                0x0800867c                SDMMC1_IRQHandler
                0x0800867c                TIM5_IRQHandler
                0x0800867c                DMA2_Stream7_IRQHandler
                0x0800867c                I2C3_EV_IRQHandler
                0x0800867c                EXTI9_5_IRQHandler
                0x0800867c                RTC_WKUP_IRQHandler
                0x0800867c                SPI2_IRQHandler
                0x0800867c                OTG_HS_EP1_IN_IRQHandler
                0x0800867c                DMA1_Stream0_IRQHandler
                0x0800867c                CAN1_TX_IRQHandler
                0x0800867c                EXTI4_IRQHandler
                0x0800867c                RNG_IRQHandler
                0x0800867c                OTG_HS_EP1_OUT_IRQHandler
                0x0800867c                WWDG_IRQHandler
                0x0800867c                TIM2_IRQHandler
                0x0800867c                OTG_FS_WKUP_IRQHandler
                0x0800867c                TIM1_TRG_COM_TIM11_IRQHandler
                0x0800867c                OTG_HS_IRQHandler
                0x0800867c                EXTI1_IRQHandler
                0x0800867c                SDMMC2_IRQHandler
                0x0800867c                UART7_IRQHandler
                0x0800867c                USART2_IRQHandler
                0x0800867c                I2C2_ER_IRQHandler
                0x0800867c                DMA2_Stream1_IRQHandler
                0x0800867c                CAN1_SCE_IRQHandler
                0x0800867c                FLASH_IRQHandler
                0x0800867c                DMA2_Stream4_IRQHandler
                0x0800867c                USART1_IRQHandler
                0x0800867c                OTG_FS_IRQHandler
                0x0800867c                SPI3_IRQHandler
                0x0800867c                DMA1_Stream4_IRQHandler
                0x0800867c                I2C1_ER_IRQHandler
                0x0800867c                FMC_IRQHandler
                0x0800867c                LPTIM1_IRQHandler
                0x0800867c                DMA2_Stream6_IRQHandler
                0x0800867c                SAI1_IRQHandler
                0x0800867c                DMA1_Stream3_IRQHandler
 .text.__aeabi_memclr
                0x0800867e        0x6 c:/program files (x86)/atollic/truestudio for stm32 9.3.0/armtools/bin/../lib/gcc/arm-atollic-eabi/6.3.1/../../../../arm-atollic-eabi/lib/armv7e-m/fpu/fpv5-sp-d16\libc_nano.a(lib_a-aeabi_memclr.o)
                0x0800867e                __aeabi_memclr
                0x0800867e                __aeabi_memclr4
                0x0800867e                __aeabi_memclr8
 .text.__aeabi_memcpy
                0x08008684        0x4 c:/program files (x86)/atollic/truestudio for stm32 9.3.0/armtools/bin/../lib/gcc/arm-atollic-eabi/6.3.1/../../../../arm-atollic-eabi/lib/armv7e-m/fpu/fpv5-sp-d16\libc_nano.a(lib_a-aeabi_memcpy.o)
                0x08008684                __aeabi_memcpy4
                0x08008684                __aeabi_memcpy8
                0x08008684                __aeabi_memcpy
 .text.__errno  0x08008688        0xc c:/program files (x86)/atollic/truestudio for stm32 9.3.0/armtools/bin/../lib/gcc/arm-atollic-eabi/6.3.1/../../../../arm-atollic-eabi/lib/armv7e-m/fpu/fpv5-sp-d16\libc_nano.a(lib_a-errno.o)
                0x08008688                __errno
 .text.__libc_init_array
                0x08008694       0x48 c:/program files (x86)/atollic/truestudio for stm32 9.3.0/armtools/bin/../lib/gcc/arm-atollic-eabi/6.3.1/../../../../arm-atollic-eabi/lib/armv7e-m/fpu/fpv5-sp-d16\libc_nano.a(lib_a-init.o)
                0x08008694                __libc_init_array
 .text.malloc   0x080086dc       0x10 c:/program files (x86)/atollic/truestudio for stm32 9.3.0/armtools/bin/../lib/gcc/arm-atollic-eabi/6.3.1/../../../../arm-atollic-eabi/lib/armv7e-m/fpu/fpv5-sp-d16\libc_nano.a(lib_a-malloc.o)
                0x080086dc                malloc
 .text.free     0x080086ec       0x10 c:/program files (x86)/atollic/truestudio for stm32 9.3.0/armtools/bin/../lib/gcc/arm-atollic-eabi/6.3.1/../../../../arm-atollic-eabi/lib/armv7e-m/fpu/fpv5-sp-d16\libc_nano.a(lib_a-malloc.o)
                0x080086ec                free
 .text.memcmp   0x080086fc       0x1e c:/program files (x86)/atollic/truestudio for stm32 9.3.0/armtools/bin/../lib/gcc/arm-atollic-eabi/6.3.1/../../../../arm-atollic-eabi/lib/armv7e-m/fpu/fpv5-sp-d16\libc_nano.a(lib_a-memcmp.o)
                0x080086fc                memcmp
 .text.memcpy   0x0800871a       0x16 c:/program files (x86)/atollic/truestudio for stm32 9.3.0/armtools/bin/../lib/gcc/arm-atollic-eabi/6.3.1/../../../../arm-atollic-eabi/lib/armv7e-m/fpu/fpv5-sp-d16\libc_nano.a(lib_a-memcpy-stub.o)
                0x0800871a                memcpy
 .text.memset   0x08008730       0x10 c:/program files (x86)/atollic/truestudio for stm32 9.3.0/armtools/bin/../lib/gcc/arm-atollic-eabi/6.3.1/../../../../arm-atollic-eabi/lib/armv7e-m/fpu/fpv5-sp-d16\libc_nano.a(lib_a-memset.o)
                0x08008730                memset
 .text._free_r  0x08008740       0x9c c:/program files (x86)/atollic/truestudio for stm32 9.3.0/armtools/bin/../lib/gcc/arm-atollic-eabi/6.3.1/../../../../arm-atollic-eabi/lib/armv7e-m/fpu/fpv5-sp-d16\libc_nano.a(lib_a-nano-freer.o)
                0x08008740                _free_r
 .text._malloc_r
                0x080087dc       0xbc c:/program files (x86)/atollic/truestudio for stm32 9.3.0/armtools/bin/../lib/gcc/arm-atollic-eabi/6.3.1/../../../../arm-atollic-eabi/lib/armv7e-m/fpu/fpv5-sp-d16\libc_nano.a(lib_a-nano-mallocr.o)
                0x080087dc                _malloc_r
 .text.printf   0x08008898       0x30 c:/program files (x86)/atollic/truestudio for stm32 9.3.0/armtools/bin/../lib/gcc/arm-atollic-eabi/6.3.1/../../../../arm-atollic-eabi/lib/armv7e-m/fpu/fpv5-sp-d16\libc_nano.a(lib_a-printf.o)
                0x08008898                iprintf
                0x08008898                printf
 .text._puts_r  0x080088c8       0xb8 c:/program files (x86)/atollic/truestudio for stm32 9.3.0/armtools/bin/../lib/gcc/arm-atollic-eabi/6.3.1/../../../../arm-atollic-eabi/lib/armv7e-m/fpu/fpv5-sp-d16\libc_nano.a(lib_a-puts.o)
                0x080088c8                _puts_r
 .text.puts     0x08008980       0x10 c:/program files (x86)/atollic/truestudio for stm32 9.3.0/armtools/bin/../lib/gcc/arm-atollic-eabi/6.3.1/../../../../arm-atollic-eabi/lib/armv7e-m/fpu/fpv5-sp-d16\libc_nano.a(lib_a-puts.o)
                0x08008980                puts
 .text._sbrk_r  0x08008990       0x20 c:/program files (x86)/atollic/truestudio for stm32 9.3.0/armtools/bin/../lib/gcc/arm-atollic-eabi/6.3.1/../../../../arm-atollic-eabi/lib/armv7e-m/fpu/fpv5-sp-d16\libc_nano.a(lib_a-sbrkr.o)
                0x08008990                _sbrk_r
 .text.strncmp  0x080089b0       0x24 c:/program files (x86)/atollic/truestudio for stm32 9.3.0/armtools/bin/../lib/gcc/arm-atollic-eabi/6.3.1/../../../../arm-atollic-eabi/lib/armv7e-m/fpu/fpv5-sp-d16\libc_nano.a(lib_a-strncmp.o)
                0x080089b0                strncmp
 .text.__swbuf_r
                0x080089d4       0xa4 c:/program files (x86)/atollic/truestudio for stm32 9.3.0/armtools/bin/../lib/gcc/arm-atollic-eabi/6.3.1/../../../../arm-atollic-eabi/lib/armv7e-m/fpu/fpv5-sp-d16\libc_nano.a(lib_a-wbuf.o)
                0x080089d4                __swbuf_r
 .text.__swsetup_r
                0x08008a78       0xdc c:/program files (x86)/atollic/truestudio for stm32 9.3.0/armtools/bin/../lib/gcc/arm-atollic-eabi/6.3.1/../../../../arm-atollic-eabi/lib/armv7e-m/fpu/fpv5-sp-d16\libc_nano.a(lib_a-wsetup.o)
                0x08008a78                __swsetup_r
 .text.__sflush_r
                0x08008b54      0x110 c:/program files (x86)/atollic/truestudio for stm32 9.3.0/armtools/bin/../lib/gcc/arm-atollic-eabi/6.3.1/../../../../arm-atollic-eabi/lib/armv7e-m/fpu/fpv5-sp-d16\libc_nano.a(lib_a-fflush.o)
                0x08008b54                __sflush_r
 .text._fflush_r
                0x08008c64       0x54 c:/program files (x86)/atollic/truestudio for stm32 9.3.0/armtools/bin/../lib/gcc/arm-atollic-eabi/6.3.1/../../../../arm-atollic-eabi/lib/armv7e-m/fpu/fpv5-sp-d16\libc_nano.a(lib_a-fflush.o)
                0x08008c64                _fflush_r
 .text._cleanup_r
                0x08008cb8        0xc c:/program files (x86)/atollic/truestudio for stm32 9.3.0/armtools/bin/../lib/gcc/arm-atollic-eabi/6.3.1/../../../../arm-atollic-eabi/lib/armv7e-m/fpu/fpv5-sp-d16\libc_nano.a(lib_a-findfp.o)
                0x08008cb8                _cleanup_r
 .text.std.isra.0
                0x08008cc4       0x48 c:/program files (x86)/atollic/truestudio for stm32 9.3.0/armtools/bin/../lib/gcc/arm-atollic-eabi/6.3.1/../../../../arm-atollic-eabi/lib/armv7e-m/fpu/fpv5-sp-d16\libc_nano.a(lib_a-findfp.o)
 .text.__sfmoreglue
                0x08008d0c       0x2c c:/program files (x86)/atollic/truestudio for stm32 9.3.0/armtools/bin/../lib/gcc/arm-atollic-eabi/6.3.1/../../../../arm-atollic-eabi/lib/armv7e-m/fpu/fpv5-sp-d16\libc_nano.a(lib_a-findfp.o)
                0x08008d0c                __sfmoreglue
 .text.__sinit  0x08008d38       0x60 c:/program files (x86)/atollic/truestudio for stm32 9.3.0/armtools/bin/../lib/gcc/arm-atollic-eabi/6.3.1/../../../../arm-atollic-eabi/lib/armv7e-m/fpu/fpv5-sp-d16\libc_nano.a(lib_a-findfp.o)
                0x08008d38                __sinit
 .text.__sfp    0x08008d98       0x78 c:/program files (x86)/atollic/truestudio for stm32 9.3.0/armtools/bin/../lib/gcc/arm-atollic-eabi/6.3.1/../../../../arm-atollic-eabi/lib/armv7e-m/fpu/fpv5-sp-d16\libc_nano.a(lib_a-findfp.o)
                0x08008d98                __sfp
 .text._fwalk_reent
                0x08008e10       0x3c c:/program files (x86)/atollic/truestudio for stm32 9.3.0/armtools/bin/../lib/gcc/arm-atollic-eabi/6.3.1/../../../../arm-atollic-eabi/lib/armv7e-m/fpu/fpv5-sp-d16\libc_nano.a(lib_a-fwalk.o)
                0x08008e10                _fwalk_reent
 .text.__swhatbuf_r
                0x08008e4c       0x48 c:/program files (x86)/atollic/truestudio for stm32 9.3.0/armtools/bin/../lib/gcc/arm-atollic-eabi/6.3.1/../../../../arm-atollic-eabi/lib/armv7e-m/fpu/fpv5-sp-d16\libc_nano.a(lib_a-makebuf.o)
                0x08008e4c                __swhatbuf_r
 .text.__smakebuf_r
                0x08008e94       0x80 c:/program files (x86)/atollic/truestudio for stm32 9.3.0/armtools/bin/../lib/gcc/arm-atollic-eabi/6.3.1/../../../../arm-atollic-eabi/lib/armv7e-m/fpu/fpv5-sp-d16\libc_nano.a(lib_a-makebuf.o)
                0x08008e94                __smakebuf_r
 .text.__malloc_lock
                0x08008f14        0x2 c:/program files (x86)/atollic/truestudio for stm32 9.3.0/armtools/bin/../lib/gcc/arm-atollic-eabi/6.3.1/../../../../arm-atollic-eabi/lib/armv7e-m/fpu/fpv5-sp-d16\libc_nano.a(lib_a-mlock.o)
                0x08008f14                __malloc_lock
 .text.__malloc_unlock
                0x08008f16        0x2 c:/program files (x86)/atollic/truestudio for stm32 9.3.0/armtools/bin/../lib/gcc/arm-atollic-eabi/6.3.1/../../../../arm-atollic-eabi/lib/armv7e-m/fpu/fpv5-sp-d16\libc_nano.a(lib_a-mlock.o)
                0x08008f16                __malloc_unlock
 .text.__sfputc_r
                0x08008f18       0x30 c:/program files (x86)/atollic/truestudio for stm32 9.3.0/armtools/bin/../lib/gcc/arm-atollic-eabi/6.3.1/../../../../arm-atollic-eabi/lib/armv7e-m/fpu/fpv5-sp-d16\libc_nano.a(lib_a-nano-vfprintf.o)
 .text.__sfputs_r
                0x08008f48       0x24 c:/program files (x86)/atollic/truestudio for stm32 9.3.0/armtools/bin/../lib/gcc/arm-atollic-eabi/6.3.1/../../../../arm-atollic-eabi/lib/armv7e-m/fpu/fpv5-sp-d16\libc_nano.a(lib_a-nano-vfprintf.o)
                0x08008f48                __sfputs_r
 .text._vfprintf_r
                0x08008f6c      0x22c c:/program files (x86)/atollic/truestudio for stm32 9.3.0/armtools/bin/../lib/gcc/arm-atollic-eabi/6.3.1/../../../../arm-atollic-eabi/lib/armv7e-m/fpu/fpv5-sp-d16\libc_nano.a(lib_a-nano-vfprintf.o)
                0x08008f6c                _vfprintf_r
                0x08008f6c                _vfiprintf_r
 .text._printf_common
                0x08009198       0xec c:/program files (x86)/atollic/truestudio for stm32 9.3.0/armtools/bin/../lib/gcc/arm-atollic-eabi/6.3.1/../../../../arm-atollic-eabi/lib/armv7e-m/fpu/fpv5-sp-d16\libc_nano.a(lib_a-nano-vfprintf_i.o)
                0x08009198                _printf_common
 .text._printf_i
                0x08009284      0x240 c:/program files (x86)/atollic/truestudio for stm32 9.3.0/armtools/bin/../lib/gcc/arm-atollic-eabi/6.3.1/../../../../arm-atollic-eabi/lib/armv7e-m/fpu/fpv5-sp-d16\libc_nano.a(lib_a-nano-vfprintf_i.o)
                0x08009284                _printf_i
 .text.__sread  0x080094c4       0x22 c:/program files (x86)/atollic/truestudio for stm32 9.3.0/armtools/bin/../lib/gcc/arm-atollic-eabi/6.3.1/../../../../arm-atollic-eabi/lib/armv7e-m/fpu/fpv5-sp-d16\libc_nano.a(lib_a-stdio.o)
                0x080094c4                __sread
 .text.__swrite
                0x080094e6       0x38 c:/program files (x86)/atollic/truestudio for stm32 9.3.0/armtools/bin/../lib/gcc/arm-atollic-eabi/6.3.1/../../../../arm-atollic-eabi/lib/armv7e-m/fpu/fpv5-sp-d16\libc_nano.a(lib_a-stdio.o)
                0x080094e6                __swrite
 .text.__sseek  0x0800951e       0x24 c:/program files (x86)/atollic/truestudio for stm32 9.3.0/armtools/bin/../lib/gcc/arm-atollic-eabi/6.3.1/../../../../arm-atollic-eabi/lib/armv7e-m/fpu/fpv5-sp-d16\libc_nano.a(lib_a-stdio.o)
                0x0800951e                __sseek
 .text.__sclose
                0x08009542        0x8 c:/program files (x86)/atollic/truestudio for stm32 9.3.0/armtools/bin/../lib/gcc/arm-atollic-eabi/6.3.1/../../../../arm-atollic-eabi/lib/armv7e-m/fpu/fpv5-sp-d16\libc_nano.a(lib_a-stdio.o)
                0x08009542                __sclose
 *fill*         0x0800954a        0x2 
 .text._write_r
                0x0800954c       0x24 c:/program files (x86)/atollic/truestudio for stm32 9.3.0/armtools/bin/../lib/gcc/arm-atollic-eabi/6.3.1/../../../../arm-atollic-eabi/lib/armv7e-m/fpu/fpv5-sp-d16\libc_nano.a(lib_a-writer.o)
                0x0800954c                _write_r
 .text._close_r
                0x08009570       0x20 c:/program files (x86)/atollic/truestudio for stm32 9.3.0/armtools/bin/../lib/gcc/arm-atollic-eabi/6.3.1/../../../../arm-atollic-eabi/lib/armv7e-m/fpu/fpv5-sp-d16\libc_nano.a(lib_a-closer.o)
                0x08009570                _close_r
 .text._fstat_r
                0x08009590       0x24 c:/program files (x86)/atollic/truestudio for stm32 9.3.0/armtools/bin/../lib/gcc/arm-atollic-eabi/6.3.1/../../../../arm-atollic-eabi/lib/armv7e-m/fpu/fpv5-sp-d16\libc_nano.a(lib_a-fstatr.o)
                0x08009590                _fstat_r
 .text._isatty_r
                0x080095b4       0x20 c:/program files (x86)/atollic/truestudio for stm32 9.3.0/armtools/bin/../lib/gcc/arm-atollic-eabi/6.3.1/../../../../arm-atollic-eabi/lib/armv7e-m/fpu/fpv5-sp-d16\libc_nano.a(lib_a-isattyr.o)
                0x080095b4                _isatty_r
 .text._lseek_r
                0x080095d4       0x24 c:/program files (x86)/atollic/truestudio for stm32 9.3.0/armtools/bin/../lib/gcc/arm-atollic-eabi/6.3.1/../../../../arm-atollic-eabi/lib/armv7e-m/fpu/fpv5-sp-d16\libc_nano.a(lib_a-lseekr.o)
                0x080095d4                _lseek_r
 .text._read_r  0x080095f8       0x24 c:/program files (x86)/atollic/truestudio for stm32 9.3.0/armtools/bin/../lib/gcc/arm-atollic-eabi/6.3.1/../../../../arm-atollic-eabi/lib/armv7e-m/fpu/fpv5-sp-d16\libc_nano.a(lib_a-readr.o)
                0x080095f8                _read_r
 .text.tanhf    0x0800961c       0xa4 c:/program files (x86)/atollic/truestudio for stm32 9.3.0/armtools/bin/../lib/gcc/arm-atollic-eabi/6.3.1/../../../../arm-atollic-eabi/lib/armv7e-m/fpu/fpv5-sp-d16\libm.a(lib_a-sf_tanh.o)
                0x0800961c                tanhf
 .text.expf     0x080096c0       0xf4 c:/program files (x86)/atollic/truestudio for stm32 9.3.0/armtools/bin/../lib/gcc/arm-atollic-eabi/6.3.1/../../../../arm-atollic-eabi/lib/armv7e-m/fpu/fpv5-sp-d16\libm.a(lib_a-wf_exp.o)
                0x080096c0                expf
 .text.powf     0x080097b4      0x2f8 c:/program files (x86)/atollic/truestudio for stm32 9.3.0/armtools/bin/../lib/gcc/arm-atollic-eabi/6.3.1/../../../../arm-atollic-eabi/lib/armv7e-m/fpu/fpv5-sp-d16\libm.a(lib_a-wf_pow.o)
                0x080097b4                powf
 .text.__ieee754_expf
                0x08009aac      0x1a8 c:/program files (x86)/atollic/truestudio for stm32 9.3.0/armtools/bin/../lib/gcc/arm-atollic-eabi/6.3.1/../../../../arm-atollic-eabi/lib/armv7e-m/fpu/fpv5-sp-d16\libm.a(lib_a-ef_exp.o)
                0x08009aac                __ieee754_expf
 .text.__ieee754_powf
                0x08009c54      0x584 c:/program files (x86)/atollic/truestudio for stm32 9.3.0/armtools/bin/../lib/gcc/arm-atollic-eabi/6.3.1/../../../../arm-atollic-eabi/lib/armv7e-m/fpu/fpv5-sp-d16\libm.a(lib_a-ef_pow.o)
                0x08009c54                __ieee754_powf
 .text.__ieee754_sqrtf
                0x0800a1d8       0x8e c:/program files (x86)/atollic/truestudio for stm32 9.3.0/armtools/bin/../lib/gcc/arm-atollic-eabi/6.3.1/../../../../arm-atollic-eabi/lib/armv7e-m/fpu/fpv5-sp-d16\libm.a(lib_a-ef_sqrt.o)
                0x0800a1d8                __ieee754_sqrtf
 .text.matherr  0x0800a266        0x4 c:/program files (x86)/atollic/truestudio for stm32 9.3.0/armtools/bin/../lib/gcc/arm-atollic-eabi/6.3.1/../../../../arm-atollic-eabi/lib/armv7e-m/fpu/fpv5-sp-d16\libm.a(lib_a-s_matherr.o)
                0x0800a266                matherr
 *fill*         0x0800a26a        0x2 
 .text.rint     0x0800a26c      0x110 c:/program files (x86)/atollic/truestudio for stm32 9.3.0/armtools/bin/../lib/gcc/arm-atollic-eabi/6.3.1/../../../../arm-atollic-eabi/lib/armv7e-m/fpu/fpv5-sp-d16\libm.a(lib_a-s_rint.o)
                0x0800a26c                rint
 .text.expm1f   0x0800a37c      0x258 c:/program files (x86)/atollic/truestudio for stm32 9.3.0/armtools/bin/../lib/gcc/arm-atollic-eabi/6.3.1/../../../../arm-atollic-eabi/lib/armv7e-m/fpu/fpv5-sp-d16\libm.a(lib_a-sf_expm1.o)
                0x0800a37c                expm1f
 .text.fabsf    0x0800a5d4        0xe c:/program files (x86)/atollic/truestudio for stm32 9.3.0/armtools/bin/../lib/gcc/arm-atollic-eabi/6.3.1/../../../../arm-atollic-eabi/lib/armv7e-m/fpu/fpv5-sp-d16\libm.a(lib_a-sf_fabs.o)
                0x0800a5d4                fabsf
 .text.finitef  0x0800a5e2       0x14 c:/program files (x86)/atollic/truestudio for stm32 9.3.0/armtools/bin/../lib/gcc/arm-atollic-eabi/6.3.1/../../../../arm-atollic-eabi/lib/armv7e-m/fpu/fpv5-sp-d16\libm.a(lib_a-sf_finite.o)
                0x0800a5e2                finitef
 *fill*         0x0800a5f6        0x2 
 .text.nanf     0x0800a5f8        0xc c:/program files (x86)/atollic/truestudio for stm32 9.3.0/armtools/bin/../lib/gcc/arm-atollic-eabi/6.3.1/../../../../arm-atollic-eabi/lib/armv7e-m/fpu/fpv5-sp-d16\libm.a(lib_a-sf_nan.o)
                0x0800a5f8                nanf
 .text.scalbnf  0x0800a604       0xc0 c:/program files (x86)/atollic/truestudio for stm32 9.3.0/armtools/bin/../lib/gcc/arm-atollic-eabi/6.3.1/../../../../arm-atollic-eabi/lib/armv7e-m/fpu/fpv5-sp-d16\libm.a(lib_a-sf_scalbn.o)
                0x0800a604                scalbnf
 .text.copysignf
                0x0800a6c4       0x18 c:/program files (x86)/atollic/truestudio for stm32 9.3.0/armtools/bin/../lib/gcc/arm-atollic-eabi/6.3.1/../../../../arm-atollic-eabi/lib/armv7e-m/fpu/fpv5-sp-d16\libm.a(lib_a-sf_copysign.o)
                0x0800a6c4                copysignf
 *(.glue_7)
 .glue_7        0x0800a6dc        0x0 linker stubs
 *(.glue_7t)
 .glue_7t       0x0800a6dc        0x0 linker stubs
 *(.eh_frame)
 .eh_frame      0x0800a6dc        0x0 c:/program files (x86)/atollic/truestudio for stm32 9.3.0/armtools/bin/../lib/gcc/arm-atollic-eabi/6.3.1/armv7e-m/fpu/fpv5-sp-d16/crtbegin.o
 *(.init)
 .init          0x0800a6dc        0x4 c:/program files (x86)/atollic/truestudio for stm32 9.3.0/armtools/bin/../lib/gcc/arm-atollic-eabi/6.3.1/armv7e-m/fpu/fpv5-sp-d16/crti.o
                0x0800a6dc                _init
 .init          0x0800a6e0        0x8 c:/program files (x86)/atollic/truestudio for stm32 9.3.0/armtools/bin/../lib/gcc/arm-atollic-eabi/6.3.1/armv7e-m/fpu/fpv5-sp-d16/crtn.o
 *(.fini)
 .fini          0x0800a6e8        0x4 c:/program files (x86)/atollic/truestudio for stm32 9.3.0/armtools/bin/../lib/gcc/arm-atollic-eabi/6.3.1/armv7e-m/fpu/fpv5-sp-d16/crti.o
                0x0800a6e8                _fini
 .fini          0x0800a6ec        0x8 c:/program files (x86)/atollic/truestudio for stm32 9.3.0/armtools/bin/../lib/gcc/arm-atollic-eabi/6.3.1/armv7e-m/fpu/fpv5-sp-d16/crtn.o
                0x0800a6f4                . = ALIGN (0x4)
                0x0800a6f4                _etext = .

.vfp11_veneer   0x0800a6f4        0x0
 .vfp11_veneer  0x0800a6f4        0x0 linker stubs

.v4_bx          0x0800a6f4        0x0
 .v4_bx         0x0800a6f4        0x0 linker stubs

.iplt           0x0800a6f4        0x0
 .iplt          0x0800a6f4        0x0 c:/program files (x86)/atollic/truestudio for stm32 9.3.0/armtools/bin/../lib/gcc/arm-atollic-eabi/6.3.1/armv7e-m/fpu/fpv5-sp-d16/crtbegin.o

.rodata         0x0800a6f8    0x44a38
                0x0800a6f8                . = ALIGN (0x4)
 *(.rodata)
 .rodata        0x0800a6f8       0x30 Middlewares\ST\Application\Validation\Src\aiValidation.o
 *(.rodata*)
 .rodata.CSWTCH.49
                0x0800a728        0x4 Drivers\STM32F7xx_HAL_Driver\Src\stm32f7xx_hal_uart.o
 .rodata.CSWTCH.50
                0x0800a72c        0xd Drivers\STM32F7xx_HAL_Driver\Src\stm32f7xx_hal_uart.o
 *fill*         0x0800a739        0x3 
 .rodata.s_cnn_weights.5391
                0x0800a73c    0x43ba8 Middlewares\ST\AI\AI\data\cnn_data.o
 .rodata.ai_cnn_get_info.str1.1
                0x0804e2e4       0x5a Middlewares\ST\AI\AI\src\cnn.o
 *fill*         0x0804e33e        0x2 
 .rodata.batch_normalization_1_chain
                0x0804e340        0x4 Middlewares\ST\AI\AI\src\cnn.o
 .rodata.batch_normalization_2_chain
                0x0804e344        0x4 Middlewares\ST\AI\AI\src\cnn.o
 .rodata.conv2d_1_chain
                0x0804e348        0x4 Middlewares\ST\AI\AI\src\cnn.o
 .rodata.conv2d_2_chain
                0x0804e34c        0x4 Middlewares\ST\AI\AI\src\cnn.o
 .rodata.dense_1_chain
                0x0804e350        0x4 Middlewares\ST\AI\AI\src\cnn.o
 .rodata.dense_2_chain
                0x0804e354        0x4 Middlewares\ST\AI\AI\src\cnn.o
 .rodata.dense_2_nl_chain
                0x0804e358        0x4 Middlewares\ST\AI\AI\src\cnn.o
 .rodata.dense_3_chain
                0x0804e35c        0x4 Middlewares\ST\AI\AI\src\cnn.o
 .rodata.dense_3_nl_chain
                0x0804e360        0x4 Middlewares\ST\AI\AI\src\cnn.o
 .rodata.aiPbStrCopy.str1.1
                0x0804e364        0xa Middlewares\ST\Application\Validation\Src\aiPbMgr.o
 .rodata.aiLogErr.str1.1
                0x0804e36e       0x45 Middlewares\ST\Application\Validation\Src\aiTestUtility.o
 .rodata.aiPrintLayoutBuffer.str1.1
                0x0804e3b3       0x91 Middlewares\ST\Application\Validation\Src\aiTestUtility.o
 .rodata.aiPrintNetworkInfo.str1.1
                0x0804e444      0x1ae Middlewares\ST\Application\Validation\Src\aiTestUtility.o
 .rodata.aiTestHeader.str1.1
                0x0804e5f2       0x2f Middlewares\ST\Application\Validation\Src\aiTestUtility.o
                                 0x32 (size before relaxing)
 .rodata.crcIpInit.str1.1
                0x0804e621       0x20 Middlewares\ST\Application\Validation\Src\aiTestUtility.o
 .rodata.logDeviceConf.str1.1
                0x0804e641      0x1b6 Middlewares\ST\Application\Validation\Src\aiTestUtility.o
 .rodata.aiPbCmdNNRun.str1.1
                0x0804e7f7       0x10 Middlewares\ST\Application\Validation\Src\aiValidation.o
 .rodata.aiValidationInit.str1.1
                0x0804e807        0xe Middlewares\ST\Application\Validation\Src\aiValidation.o
 .rodata.aiValidationProcess.str1.1
                0x0804e815      0x1db Middlewares\ST\Application\Validation\Src\aiValidation.o
                                0x1dd (size before relaxing)
 .rodata.PB_DECODERS
                0x0804e9f0       0x28 Middlewares\ST\Application\Validation\Src\pb_decode.o
 .rodata.decode_field.str1.1
                0x0804ea18       0x32 Middlewares\ST\Application\Validation\Src\pb_decode.o
 .rodata.pb_dec_fixed_length_bytes.str1.1
                0x0804ea4a       0x31 Middlewares\ST\Application\Validation\Src\pb_decode.o
 .rodata.pb_dec_string.str1.1
                0x0804ea7b       0x31 Middlewares\ST\Application\Validation\Src\pb_decode.o
 .rodata.pb_dec_submessage.str1.1
                0x0804eaac       0x19 Middlewares\ST\Application\Validation\Src\pb_decode.o
 .rodata.pb_dec_uvarint.str1.1
                0x0804eac5       0x24 Middlewares\ST\Application\Validation\Src\pb_decode.o
 .rodata.pb_decode_noinit.str1.1
                0x0804eae9       0x38 Middlewares\ST\Application\Validation\Src\pb_decode.o
 .rodata.pb_decode_varint32_eof.str1.1
                0x0804eb21       0x10 Middlewares\ST\Application\Validation\Src\pb_decode.o
 .rodata.pb_make_string_substream.str1.1
                0x0804eb31       0x18 Middlewares\ST\Application\Validation\Src\pb_decode.o
 .rodata.pb_readbyte.str1.1
                0x0804eb49       0x17 Middlewares\ST\Application\Validation\Src\pb_decode.o
 .rodata.pb_skip_field.str1.1
                0x0804eb60       0x12 Middlewares\ST\Application\Validation\Src\pb_decode.o
 *fill*         0x0804eb72        0x2 
 .rodata.PB_ENCODERS
                0x0804eb74       0x28 Middlewares\ST\Application\Validation\Src\pb_encode.o
 .rodata.encode_field.str1.1
                0x0804eb9c       0x27 Middlewares\ST\Application\Validation\Src\pb_encode.o
                                 0x3e (size before relaxing)
 .rodata.pb_enc_bytes.str1.1
                0x0804ebc3       0x14 Middlewares\ST\Application\Validation\Src\pb_encode.o
 .rodata.pb_enc_submessage.str1.1
                0x0804ebd7       0x19 Middlewares\ST\Application\Validation\Src\pb_encode.o
 .rodata.pb_enc_uvarint.str1.1
                0x0804ebd7       0x12 Middlewares\ST\Application\Validation\Src\pb_encode.o
 .rodata.pb_encode_submessage.str1.1
                0x0804ebd7       0x14 Middlewares\ST\Application\Validation\Src\pb_encode.o
 .rodata.pb_encode_tag_for_field.str1.1
                0x0804ebeb       0x13 Middlewares\ST\Application\Validation\Src\pb_encode.o
 .rodata.pb_write.str1.1
                0x0804ebeb        0xc Middlewares\ST\Application\Validation\Src\pb_encode.o
                                 0x15 (size before relaxing)
 .rodata.ackMsg_fields
                0x0804ebf7       0x1e Middlewares\ST\Application\Validation\Src\stm32msg.pb.o
                0x0804ebf7                ackMsg_fields
 .rodata.aiBufferMsg_fields
                0x0804ec15       0x69 Middlewares\ST\Application\Validation\Src\stm32msg.pb.o
                0x0804ec15                aiBufferMsg_fields
 .rodata.aiBufferMsg_format_default
                0x0804ec7e        0x1 Middlewares\ST\Application\Validation\Src\stm32msg.pb.o
                0x0804ec7e                aiBufferMsg_format_default
 *fill*         0x0804ec7f        0x1 
 .rodata.aiBufferMsg_n_batches_default
                0x0804ec80        0x4 Middlewares\ST\Application\Validation\Src\stm32msg.pb.o
                0x0804ec80                aiBufferMsg_n_batches_default
 .rodata.aiNetworkInfoMsg_fields
                0x0804ec84      0x13b Middlewares\ST\Application\Validation\Src\stm32msg.pb.o
                0x0804ec84                aiNetworkInfoMsg_fields
 .rodata.aiRunReportMsg_fields
                0x0804edbf       0x5a Middlewares\ST\Application\Validation\Src\stm32msg.pb.o
                0x0804edbf                aiRunReportMsg_fields
 .rodata.layerMsg_fields
                0x0804ee19       0x4b Middlewares\ST\Application\Validation\Src\stm32msg.pb.o
                0x0804ee19                layerMsg_fields
 .rodata.logMsg_fields
                0x0804ee64       0x2d Middlewares\ST\Application\Validation\Src\stm32msg.pb.o
                0x0804ee64                logMsg_fields
 .rodata.reqMsg_cmd_default
                0x0804ee91        0x1 Middlewares\ST\Application\Validation\Src\stm32msg.pb.o
                0x0804ee91                reqMsg_cmd_default
 .rodata.reqMsg_fields
                0x0804ee92       0x4b Middlewares\ST\Application\Validation\Src\stm32msg.pb.o
                0x0804ee92                reqMsg_fields
 .rodata.respMsg_fields
                0x0804eedd       0x96 Middlewares\ST\Application\Validation\Src\stm32msg.pb.o
                0x0804eedd                respMsg_fields
 .rodata.syncMsg_fields
                0x0804ef73       0x2d Middlewares\ST\Application\Validation\Src\stm32msg.pb.o
                0x0804ef73                syncMsg_fields
 .rodata.sysinfoMsg_fields
                0x0804efa0       0x4b Middlewares\ST\Application\Validation\Src\stm32msg.pb.o
                0x0804efa0                sysinfoMsg_fields
 .rodata.ai_mnetwork_find.str1.1
                0x0804efeb        0x4 Src\app_x-cube-ai.o
 *fill*         0x0804efeb        0x1 
 .rodata.networks
                0x0804efec       0x48 Src\app_x-cube-ai.o
 .rodata.AHBPrescTable
                0x0804f034       0x10 Src\system_stm32f7xx.o
                0x0804f034                AHBPrescTable
 .rodata.APBPrescTable
                0x0804f044        0x8 Src\system_stm32f7xx.o
                0x0804f044                APBPrescTable
 .rodata._global_impure_ptr
                0x0804f04c        0x4 c:/program files (x86)/atollic/truestudio for stm32 9.3.0/armtools/bin/../lib/gcc/arm-atollic-eabi/6.3.1/../../../../arm-atollic-eabi/lib/armv7e-m/fpu/fpv5-sp-d16\libc_nano.a(lib_a-impure.o)
                0x0804f04c                _global_impure_ptr
 .rodata.__sf_fake_stderr
                0x0804f050       0x20 c:/program files (x86)/atollic/truestudio for stm32 9.3.0/armtools/bin/../lib/gcc/arm-atollic-eabi/6.3.1/../../../../arm-atollic-eabi/lib/armv7e-m/fpu/fpv5-sp-d16\libc_nano.a(lib_a-findfp.o)
                0x0804f050                __sf_fake_stderr
 .rodata.__sf_fake_stdin
                0x0804f070       0x20 c:/program files (x86)/atollic/truestudio for stm32 9.3.0/armtools/bin/../lib/gcc/arm-atollic-eabi/6.3.1/../../../../arm-atollic-eabi/lib/armv7e-m/fpu/fpv5-sp-d16\libc_nano.a(lib_a-findfp.o)
                0x0804f070                __sf_fake_stdin
 .rodata.__sf_fake_stdout
                0x0804f090       0x20 c:/program files (x86)/atollic/truestudio for stm32 9.3.0/armtools/bin/../lib/gcc/arm-atollic-eabi/6.3.1/../../../../arm-atollic-eabi/lib/armv7e-m/fpu/fpv5-sp-d16\libc_nano.a(lib_a-findfp.o)
                0x0804f090                __sf_fake_stdout
 .rodata._vfprintf_r.str1.1
                0x0804f0b0       0x11 c:/program files (x86)/atollic/truestudio for stm32 9.3.0/armtools/bin/../lib/gcc/arm-atollic-eabi/6.3.1/../../../../arm-atollic-eabi/lib/armv7e-m/fpu/fpv5-sp-d16\libc_nano.a(lib_a-nano-vfprintf.o)
 .rodata._printf_i.str1.1
                0x0804f0c1       0x22 c:/program files (x86)/atollic/truestudio for stm32 9.3.0/armtools/bin/../lib/gcc/arm-atollic-eabi/6.3.1/../../../../arm-atollic-eabi/lib/armv7e-m/fpu/fpv5-sp-d16\libc_nano.a(lib_a-nano-vfprintf_i.o)
 .rodata.expf.str1.1
                0x0804f0e3        0x5 c:/program files (x86)/atollic/truestudio for stm32 9.3.0/armtools/bin/../lib/gcc/arm-atollic-eabi/6.3.1/../../../../arm-atollic-eabi/lib/armv7e-m/fpu/fpv5-sp-d16\libm.a(lib_a-wf_exp.o)
 .rodata.powf.str1.1
                0x0804f0e8        0x5 c:/program files (x86)/atollic/truestudio for stm32 9.3.0/armtools/bin/../lib/gcc/arm-atollic-eabi/6.3.1/../../../../arm-atollic-eabi/lib/armv7e-m/fpu/fpv5-sp-d16\libm.a(lib_a-wf_pow.o)
 *fill*         0x0804f0ed        0x3 
 .rodata.halF   0x0804f0f0        0x8 c:/program files (x86)/atollic/truestudio for stm32 9.3.0/armtools/bin/../lib/gcc/arm-atollic-eabi/6.3.1/../../../../arm-atollic-eabi/lib/armv7e-m/fpu/fpv5-sp-d16\libm.a(lib_a-ef_exp.o)
 .rodata.ln2HI  0x0804f0f8        0x8 c:/program files (x86)/atollic/truestudio for stm32 9.3.0/armtools/bin/../lib/gcc/arm-atollic-eabi/6.3.1/../../../../arm-atollic-eabi/lib/armv7e-m/fpu/fpv5-sp-d16\libm.a(lib_a-ef_exp.o)
 .rodata.ln2LO  0x0804f100        0x8 c:/program files (x86)/atollic/truestudio for stm32 9.3.0/armtools/bin/../lib/gcc/arm-atollic-eabi/6.3.1/../../../../arm-atollic-eabi/lib/armv7e-m/fpu/fpv5-sp-d16\libm.a(lib_a-ef_exp.o)
 .rodata.__ieee754_powf.str1.1
                0x0804f108        0x5 c:/program files (x86)/atollic/truestudio for stm32 9.3.0/armtools/bin/../lib/gcc/arm-atollic-eabi/6.3.1/../../../../arm-atollic-eabi/lib/armv7e-m/fpu/fpv5-sp-d16\libm.a(lib_a-ef_pow.o)
                                  0x1 (size before relaxing)
 .rodata.bp     0x0804f108        0x8 c:/program files (x86)/atollic/truestudio for stm32 9.3.0/armtools/bin/../lib/gcc/arm-atollic-eabi/6.3.1/../../../../arm-atollic-eabi/lib/armv7e-m/fpu/fpv5-sp-d16\libm.a(lib_a-ef_pow.o)
 .rodata.dp_h   0x0804f110        0x8 c:/program files (x86)/atollic/truestudio for stm32 9.3.0/armtools/bin/../lib/gcc/arm-atollic-eabi/6.3.1/../../../../arm-atollic-eabi/lib/armv7e-m/fpu/fpv5-sp-d16\libm.a(lib_a-ef_pow.o)
 .rodata.dp_l   0x0804f118        0x8 c:/program files (x86)/atollic/truestudio for stm32 9.3.0/armtools/bin/../lib/gcc/arm-atollic-eabi/6.3.1/../../../../arm-atollic-eabi/lib/armv7e-m/fpu/fpv5-sp-d16\libm.a(lib_a-ef_pow.o)
 .rodata.TWO52  0x0804f120       0x10 c:/program files (x86)/atollic/truestudio for stm32 9.3.0/armtools/bin/../lib/gcc/arm-atollic-eabi/6.3.1/../../../../arm-atollic-eabi/lib/armv7e-m/fpu/fpv5-sp-d16\libm.a(lib_a-s_rint.o)
                0x0804f130                . = ALIGN (0x4)

.ARM.extab
 *(.ARM.extab* .gnu.linkonce.armextab.*)

.ARM            0x0804f130        0x8
                0x0804f130                __exidx_start = .
 *(.ARM.exidx*)
 .ARM.exidx     0x0804f130        0x8 c:/program files (x86)/atollic/truestudio for stm32 9.3.0/armtools/bin/../lib/gcc/arm-atollic-eabi/6.3.1/armv7e-m/fpu/fpv5-sp-d16\libgcc.a(_udivmoddi4.o)
                0x0804f138                __exidx_end = .

.rel.dyn        0x0804f138        0x0
 .rel.iplt      0x0804f138        0x0 c:/program files (x86)/atollic/truestudio for stm32 9.3.0/armtools/bin/../lib/gcc/arm-atollic-eabi/6.3.1/armv7e-m/fpu/fpv5-sp-d16/crtbegin.o

.preinit_array  0x0804f138        0x0
                0x0804f138                PROVIDE (__preinit_array_start, .)
 *(.preinit_array*)
                0x0804f138                PROVIDE (__preinit_array_end, .)

.init_array     0x0804f138        0x4
                0x0804f138                PROVIDE (__init_array_start, .)
 *(SORT(.init_array.*))
 *(.init_array*)
 .init_array    0x0804f138        0x4 c:/program files (x86)/atollic/truestudio for stm32 9.3.0/armtools/bin/../lib/gcc/arm-atollic-eabi/6.3.1/armv7e-m/fpu/fpv5-sp-d16/crtbegin.o
                0x0804f13c                PROVIDE (__init_array_end, .)

.fini_array     0x0804f13c        0x4
                [!provide]                PROVIDE (__fini_array_start, .)
 *(SORT(.fini_array.*))
 *(.fini_array*)
 .fini_array    0x0804f13c        0x4 c:/program files (x86)/atollic/truestudio for stm32 9.3.0/armtools/bin/../lib/gcc/arm-atollic-eabi/6.3.1/armv7e-m/fpu/fpv5-sp-d16/crtbegin.o
                [!provide]                PROVIDE (__fini_array_end, .)
                0x0804f140                _sidata = LOADADDR (.data)

.data           0x20000000      0x890 load address 0x0804f140
                0x20000000                . = ALIGN (0x4)
                0x20000000                _sdata = .
 *(.data)
 .data          0x20000000        0x4 ../Middlewares/ST/AI/AI/lib\network_runtime.a(core_net_inspect.o)
 *(.data*)
 .data.uwTickFreq
                0x20000004        0x1 Drivers\STM32F7xx_HAL_Driver\Src\stm32f7xx_hal.o
                0x20000004                uwTickFreq
 *fill*         0x20000005        0x3 
 .data.uwTickPrio
                0x20000008        0x4 Drivers\STM32F7xx_HAL_Driver\Src\stm32f7xx_hal.o
                0x20000008                uwTickPrio
 .data.__compound_literal.0
                0x2000000c        0x8 Middlewares\ST\AI\AI\src\cnn.o
 .data.__compound_literal.1
                0x20000014        0x8 Middlewares\ST\AI\AI\src\cnn.o
 .data.__compound_literal.10
                0x2000001c        0x8 Middlewares\ST\AI\AI\src\cnn.o
 .data.__compound_literal.11
                0x20000024        0x8 Middlewares\ST\AI\AI\src\cnn.o
 .data.__compound_literal.12
                0x2000002c        0xc Middlewares\ST\AI\AI\src\cnn.o
 .data.__compound_literal.14
                0x20000038       0x10 Middlewares\ST\AI\AI\src\cnn.o
 .data.__compound_literal.15
                0x20000048        0x8 Middlewares\ST\AI\AI\src\cnn.o
 .data.__compound_literal.16
                0x20000050        0x8 Middlewares\ST\AI\AI\src\cnn.o
 .data.__compound_literal.17
                0x20000058        0xc Middlewares\ST\AI\AI\src\cnn.o
 .data.__compound_literal.19
                0x20000064       0x10 Middlewares\ST\AI\AI\src\cnn.o
 .data.__compound_literal.2
                0x20000074        0xc Middlewares\ST\AI\AI\src\cnn.o
 .data.__compound_literal.20
                0x20000080        0x8 Middlewares\ST\AI\AI\src\cnn.o
 .data.__compound_literal.21
                0x20000088        0x8 Middlewares\ST\AI\AI\src\cnn.o
 .data.__compound_literal.22
                0x20000090        0xc Middlewares\ST\AI\AI\src\cnn.o
 .data.__compound_literal.24
                0x2000009c       0x10 Middlewares\ST\AI\AI\src\cnn.o
 .data.__compound_literal.25
                0x200000ac        0x8 Middlewares\ST\AI\AI\src\cnn.o
 .data.__compound_literal.26
                0x200000b4        0x8 Middlewares\ST\AI\AI\src\cnn.o
 .data.__compound_literal.27
                0x200000bc        0xc Middlewares\ST\AI\AI\src\cnn.o
 .data.__compound_literal.29
                0x200000c8       0x10 Middlewares\ST\AI\AI\src\cnn.o
 .data.__compound_literal.30
                0x200000d8        0x8 Middlewares\ST\AI\AI\src\cnn.o
 .data.__compound_literal.31
                0x200000e0        0x8 Middlewares\ST\AI\AI\src\cnn.o
 .data.__compound_literal.34
                0x200000e8       0x10 Middlewares\ST\AI\AI\src\cnn.o
 .data.__compound_literal.35
                0x200000f8        0x8 Middlewares\ST\AI\AI\src\cnn.o
 .data.__compound_literal.36
                0x20000100        0x8 Middlewares\ST\AI\AI\src\cnn.o
 .data.__compound_literal.37
                0x20000108        0xc Middlewares\ST\AI\AI\src\cnn.o
 .data.__compound_literal.39
                0x20000114       0x10 Middlewares\ST\AI\AI\src\cnn.o
 .data.__compound_literal.4
                0x20000124       0x10 Middlewares\ST\AI\AI\src\cnn.o
 .data.__compound_literal.40
                0x20000134        0x8 Middlewares\ST\AI\AI\src\cnn.o
 .data.__compound_literal.41
                0x2000013c        0x8 Middlewares\ST\AI\AI\src\cnn.o
 .data.__compound_literal.44
                0x20000144       0x10 Middlewares\ST\AI\AI\src\cnn.o
 .data.__compound_literal.5
                0x20000154        0x8 Middlewares\ST\AI\AI\src\cnn.o
 .data.__compound_literal.6
                0x2000015c        0x8 Middlewares\ST\AI\AI\src\cnn.o
 .data.__compound_literal.7
                0x20000164        0xc Middlewares\ST\AI\AI\src\cnn.o
 .data.__compound_literal.9
                0x20000170       0x10 Middlewares\ST\AI\AI\src\cnn.o
 .data.batch_normalization_1_bias
                0x20000180       0x24 Middlewares\ST\AI\AI\src\cnn.o
 .data.batch_normalization_1_bias_array
                0x200001a4       0x10 Middlewares\ST\AI\AI\src\cnn.o
 .data.batch_normalization_1_layer
                0x200001b4       0x18 Middlewares\ST\AI\AI\src\cnn.o
 .data.batch_normalization_1_output
                0x200001cc       0x24 Middlewares\ST\AI\AI\src\cnn.o
 .data.batch_normalization_1_output_array
                0x200001f0       0x10 Middlewares\ST\AI\AI\src\cnn.o
 .data.batch_normalization_1_scale
                0x20000200       0x24 Middlewares\ST\AI\AI\src\cnn.o
 .data.batch_normalization_1_scale_array
                0x20000224       0x10 Middlewares\ST\AI\AI\src\cnn.o
 .data.batch_normalization_2_bias
                0x20000234       0x24 Middlewares\ST\AI\AI\src\cnn.o
 .data.batch_normalization_2_bias_array
                0x20000258       0x10 Middlewares\ST\AI\AI\src\cnn.o
 .data.batch_normalization_2_layer
                0x20000268       0x18 Middlewares\ST\AI\AI\src\cnn.o
 .data.batch_normalization_2_output_in
                0x20000280       0x24 Middlewares\ST\AI\AI\src\cnn.o
 .data.batch_normalization_2_output_in_array
                0x200002a4       0x10 Middlewares\ST\AI\AI\src\cnn.o
 .data.batch_normalization_2_output_out
                0x200002b4       0x24 Middlewares\ST\AI\AI\src\cnn.o
 .data.batch_normalization_2_output_out_array
                0x200002d8       0x10 Middlewares\ST\AI\AI\src\cnn.o
 .data.batch_normalization_2_scale
                0x200002e8       0x24 Middlewares\ST\AI\AI\src\cnn.o
 .data.batch_normalization_2_scale_array
                0x2000030c       0x10 Middlewares\ST\AI\AI\src\cnn.o
 .data.conv2d_1_bias
                0x2000031c       0x24 Middlewares\ST\AI\AI\src\cnn.o
 .data.conv2d_1_bias_array
                0x20000340       0x10 Middlewares\ST\AI\AI\src\cnn.o
 .data.conv2d_1_layer
                0x20000350       0x30 Middlewares\ST\AI\AI\src\cnn.o
 .data.conv2d_1_output
                0x20000380       0x24 Middlewares\ST\AI\AI\src\cnn.o
 .data.conv2d_1_output_array
                0x200003a4       0x10 Middlewares\ST\AI\AI\src\cnn.o
 .data.conv2d_1_weights
                0x200003b4       0x24 Middlewares\ST\AI\AI\src\cnn.o
 .data.conv2d_1_weights_array
                0x200003d8       0x10 Middlewares\ST\AI\AI\src\cnn.o
 .data.conv2d_2_bias
                0x200003e8       0x24 Middlewares\ST\AI\AI\src\cnn.o
 .data.conv2d_2_bias_array
                0x2000040c       0x10 Middlewares\ST\AI\AI\src\cnn.o
 .data.conv2d_2_layer
                0x2000041c       0x30 Middlewares\ST\AI\AI\src\cnn.o
 .data.conv2d_2_output
                0x2000044c       0x24 Middlewares\ST\AI\AI\src\cnn.o
 .data.conv2d_2_output_array
                0x20000470       0x10 Middlewares\ST\AI\AI\src\cnn.o
 .data.conv2d_2_weights
                0x20000480       0x24 Middlewares\ST\AI\AI\src\cnn.o
 .data.conv2d_2_weights_array
                0x200004a4       0x10 Middlewares\ST\AI\AI\src\cnn.o
 .data.dense_1_bias
                0x200004b4       0x24 Middlewares\ST\AI\AI\src\cnn.o
 .data.dense_1_bias_array
                0x200004d8       0x10 Middlewares\ST\AI\AI\src\cnn.o
 .data.dense_1_layer
                0x200004e8       0x18 Middlewares\ST\AI\AI\src\cnn.o
 .data.dense_1_output
                0x20000500       0x24 Middlewares\ST\AI\AI\src\cnn.o
 .data.dense_1_output_array
                0x20000524       0x10 Middlewares\ST\AI\AI\src\cnn.o
 .data.dense_1_weights
                0x20000534       0x24 Middlewares\ST\AI\AI\src\cnn.o
 .data.dense_1_weights_array
                0x20000558       0x10 Middlewares\ST\AI\AI\src\cnn.o
 .data.dense_2_bias
                0x20000568       0x24 Middlewares\ST\AI\AI\src\cnn.o
 .data.dense_2_bias_array
                0x2000058c       0x10 Middlewares\ST\AI\AI\src\cnn.o
 .data.dense_2_layer
                0x2000059c       0x18 Middlewares\ST\AI\AI\src\cnn.o
 .data.dense_2_nl_layer
                0x200005b4       0x18 Middlewares\ST\AI\AI\src\cnn.o
 .data.dense_2_nl_output
                0x200005cc       0x24 Middlewares\ST\AI\AI\src\cnn.o
 .data.dense_2_nl_output_array
                0x200005f0       0x10 Middlewares\ST\AI\AI\src\cnn.o
 .data.dense_2_output
                0x20000600       0x24 Middlewares\ST\AI\AI\src\cnn.o
 .data.dense_2_output_array
                0x20000624       0x10 Middlewares\ST\AI\AI\src\cnn.o
 .data.dense_2_weights
                0x20000634       0x24 Middlewares\ST\AI\AI\src\cnn.o
 .data.dense_2_weights_array
                0x20000658       0x10 Middlewares\ST\AI\AI\src\cnn.o
 .data.dense_3_bias
                0x20000668       0x24 Middlewares\ST\AI\AI\src\cnn.o
 .data.dense_3_bias_array
                0x2000068c       0x10 Middlewares\ST\AI\AI\src\cnn.o
 .data.dense_3_layer
                0x2000069c       0x18 Middlewares\ST\AI\AI\src\cnn.o
 .data.dense_3_nl_layer
                0x200006b4       0x18 Middlewares\ST\AI\AI\src\cnn.o
 .data.dense_3_nl_output
                0x200006cc       0x24 Middlewares\ST\AI\AI\src\cnn.o
 .data.dense_3_nl_output_array
                0x200006f0       0x10 Middlewares\ST\AI\AI\src\cnn.o
 .data.dense_3_output
                0x20000700       0x24 Middlewares\ST\AI\AI\src\cnn.o
 .data.dense_3_output_array
                0x20000724       0x10 Middlewares\ST\AI\AI\src\cnn.o
 .data.dense_3_weights
                0x20000734       0x24 Middlewares\ST\AI\AI\src\cnn.o
 .data.dense_3_weights_array
                0x20000758       0x10 Middlewares\ST\AI\AI\src\cnn.o
 .data.g_cnn    0x20000768       0x48 Middlewares\ST\AI\AI\src\cnn.o
 .data.input_0_output
                0x200007b0       0x24 Middlewares\ST\AI\AI\src\cnn.o
 .data.input_0_output_array
                0x200007d4       0x10 Middlewares\ST\AI\AI\src\cnn.o
 .data._ioWriteAllowed
                0x200007e4        0x1 Middlewares\ST\Application\Validation\Src\aiTestUtility.o
                0x200007e4                _ioWriteAllowed
 *fill*         0x200007e5        0x3 
 .data.pbCmdFuncTab
                0x200007e8       0x3c Middlewares\ST\Application\Validation\Src\aiValidation.o
 .data.SystemCoreClock
                0x20000824        0x4 Src\system_stm32f7xx.o
                0x20000824                SystemCoreClock
 .data._impure_ptr
                0x20000828        0x4 c:/program files (x86)/atollic/truestudio for stm32 9.3.0/armtools/bin/../lib/gcc/arm-atollic-eabi/6.3.1/../../../../arm-atollic-eabi/lib/armv7e-m/fpu/fpv5-sp-d16\libc_nano.a(lib_a-impure.o)
                0x20000828                _impure_ptr
 .data.impure_data
                0x2000082c       0x60 c:/program files (x86)/atollic/truestudio for stm32 9.3.0/armtools/bin/../lib/gcc/arm-atollic-eabi/6.3.1/../../../../arm-atollic-eabi/lib/armv7e-m/fpu/fpv5-sp-d16\libc_nano.a(lib_a-impure.o)
 .data.__fdlib_version
                0x2000088c        0x1 c:/program files (x86)/atollic/truestudio for stm32 9.3.0/armtools/bin/../lib/gcc/arm-atollic-eabi/6.3.1/../../../../arm-atollic-eabi/lib/armv7e-m/fpu/fpv5-sp-d16\libm.a(lib_a-s_lib_ver.o)
                0x2000088c                __fdlib_version
                0x20000890                . = ALIGN (0x4)
 *fill*         0x2000088d        0x3 
                0x20000890                _edata = .

.igot.plt       0x20000890        0x0 load address 0x0804f9d0
 .igot.plt      0x20000890        0x0 c:/program files (x86)/atollic/truestudio for stm32 9.3.0/armtools/bin/../lib/gcc/arm-atollic-eabi/6.3.1/armv7e-m/fpu/fpv5-sp-d16/crtbegin.o
                0x20000890                . = ALIGN (0x4)

.bss            0x20000890     0xa558 load address 0x0804f9d0
                0x20000890                _sbss = .
                0x20000890                __bss_start__ = _sbss
 *(.bss)
 .bss           0x20000890       0x1c c:/program files (x86)/atollic/truestudio for stm32 9.3.0/armtools/bin/../lib/gcc/arm-atollic-eabi/6.3.1/armv7e-m/fpu/fpv5-sp-d16/crtbegin.o
 .bss           0x200008ac       0x24 ../Middlewares/ST/AI/AI/lib\network_runtime.a(ai_network_inspector.o)
 *(.bss*)
 .bss.__compound_literal.13