Archive member included to satisfy reference by file (symbol)

../Middlewares/ST/AI/AI/lib\network_runtime.a(ai_platform_interface.o)
                              Middlewares\ST\AI\AI\src\cnn.o (ai_platform_api_get_version)
../Middlewares/ST/AI/AI/lib\network_runtime.a(core_common.o)
                              ../Middlewares/ST/AI/AI/lib\network_runtime.a(ai_platform_interface.o) (core_get_error)
../Middlewares/ST/AI/AI/lib\network_runtime.a(layers.o)
                              ../Middlewares/ST/AI/AI/lib\network_runtime.a(ai_platform_interface.o) (ai_check_custom_types)
../Middlewares/ST/AI/AI/lib\network_runtime.a(layers_conv2d_generic_float.o)
                              Middlewares\ST\AI\AI\src\cnn.o (forward_conv2d)
../Middlewares/ST/AI/AI/lib\network_runtime.a(layers_nl_generic_float.o)
                              Middlewares\ST\AI\AI\src\cnn.o (forward_relu)
../Middlewares/ST/AI/AI/lib\network_runtime.a(layers_norm_generic_float.o)
                              Middlewares\ST\AI\AI\src\cnn.o (forward_bn)
../Middlewares/ST/AI/AI/lib\network_runtime.a(ai_math_helpers.o)
                              ../Middlewares/ST/AI/AI/lib\network_runtime.a(layers_conv2d_generic_float.o) (ai_math_dot_array)
c:/program files (x86)/atollic/truestudio for stm32 9.3.0/armtools/bin/../lib/gcc/arm-atollic-eabi/6.3.1/../../../../arm-atollic-eabi/lib/armv7e-m/fpu/fpv5-sp-d16\libc_nano.a(lib_a-aeabi_memclr.o)
                              ../Middlewares/ST/AI/AI/lib\network_runtime.a(layers_norm_generic_float.o) (__aeabi_memclr)
c:/program files (x86)/atollic/truestudio for stm32 9.3.0/armtools/bin/../lib/gcc/arm-atollic-eabi/6.3.1/../../../../arm-atollic-eabi/lib/armv7e-m/fpu/fpv5-sp-d16\libc_nano.a(lib_a-aeabi_memcpy.o)
                              ../Middlewares/ST/AI/AI/lib\network_runtime.a(ai_platform_interface.o) (__aeabi_memcpy)
c:/program files (x86)/atollic/truestudio for stm32 9.3.0/armtools/bin/../lib/gcc/arm-atollic-eabi/6.3.1/../../../../arm-atollic-eabi/lib/armv7e-m/fpu/fpv5-sp-d16\libc_nano.a(lib_a-aeabi_memset-soft.o)
                              c:/program files (x86)/atollic/truestudio for stm32 9.3.0/armtools/bin/../lib/gcc/arm-atollic-eabi/6.3.1/../../../../arm-atollic-eabi/lib/armv7e-m/fpu/fpv5-sp-d16\libc_nano.a(lib_a-aeabi_memclr.o) (__aeabi_memset)
c:/program files (x86)/atollic/truestudio for stm32 9.3.0/armtools/bin/../lib/gcc/arm-atollic-eabi/6.3.1/../../../../arm-atollic-eabi/lib/armv7e-m/fpu/fpv5-sp-d16\libc_nano.a(lib_a-errno.o)
                              Middlewares\ST\Application\SystemPerformance\Src\aiSystemPerformance.o (__errno)
c:/program files (x86)/atollic/truestudio for stm32 9.3.0/armtools/bin/../lib/gcc/arm-atollic-eabi/6.3.1/../../../../arm-atollic-eabi/lib/armv7e-m/fpu/fpv5-sp-d16\libc_nano.a(lib_a-fflush.o)
                              Middlewares\ST\Application\SystemPerformance\Src\aiSystemPerformance.o (fflush)
c:/program files (x86)/atollic/truestudio for stm32 9.3.0/armtools/bin/../lib/gcc/arm-atollic-eabi/6.3.1/../../../../arm-atollic-eabi/lib/armv7e-m/fpu/fpv5-sp-d16\libc_nano.a(lib_a-findfp.o)
                              c:/program files (x86)/atollic/truestudio for stm32 9.3.0/armtools/bin/../lib/gcc/arm-atollic-eabi/6.3.1/../../../../arm-atollic-eabi/lib/armv7e-m/fpu/fpv5-sp-d16\libc_nano.a(lib_a-fflush.o) (__sinit)
c:/program files (x86)/atollic/truestudio for stm32 9.3.0/armtools/bin/../lib/gcc/arm-atollic-eabi/6.3.1/../../../../arm-atollic-eabi/lib/armv7e-m/fpu/fpv5-sp-d16\libc_nano.a(lib_a-fwalk.o)
                              c:/program files (x86)/atollic/truestudio for stm32 9.3.0/armtools/bin/../lib/gcc/arm-atollic-eabi/6.3.1/../../../../arm-atollic-eabi/lib/armv7e-m/fpu/fpv5-sp-d16\libc_nano.a(lib_a-findfp.o) (_fwalk)
c:/program files (x86)/atollic/truestudio for stm32 9.3.0/armtools/bin/../lib/gcc/arm-atollic-eabi/6.3.1/../../../../arm-atollic-eabi/lib/armv7e-m/fpu/fpv5-sp-d16\libc_nano.a(lib_a-impure.o)
                              c:/program files (x86)/atollic/truestudio for stm32 9.3.0/armtools/bin/../lib/gcc/arm-atollic-eabi/6.3.1/../../../../arm-atollic-eabi/lib/armv7e-m/fpu/fpv5-sp-d16\libc_nano.a(lib_a-fflush.o) (_global_impure_ptr)
c:/program files (x86)/atollic/truestudio for stm32 9.3.0/armtools/bin/../lib/gcc/arm-atollic-eabi/6.3.1/../../../../arm-atollic-eabi/lib/armv7e-m/fpu/fpv5-sp-d16\libc_nano.a(lib_a-init.o)
                              startup\startup_stm32f722xx.o (__libc_init_array)
c:/program files (x86)/atollic/truestudio for stm32 9.3.0/armtools/bin/../lib/gcc/arm-atollic-eabi/6.3.1/../../../../arm-atollic-eabi/lib/armv7e-m/fpu/fpv5-sp-d16\libc_nano.a(lib_a-memcmp.o)
                              ../Middlewares/ST/AI/AI/lib\network_runtime.a(layers.o) (memcmp)
c:/program files (x86)/atollic/truestudio for stm32 9.3.0/armtools/bin/../lib/gcc/arm-atollic-eabi/6.3.1/../../../../arm-atollic-eabi/lib/armv7e-m/fpu/fpv5-sp-d16\libc_nano.a(lib_a-memcpy-stub.o)
[...]
Memory Configuration

Name             Origin             Length             Attributes
RAM              0x20000000         0x00040000         xrw
FLASH            0x08000000         0x00080000         xr
*default*        0x00000000         0xffffffff

Linker script and memory map

LOAD c:/program files (x86)/atollic/truestudio for stm32 9.3.0/armtools/bin/../lib/gcc/arm-atollic-eabi/6.3.1/armv7e-m/fpu/fpv5-sp-d16/crti.o
LOAD c:/program files (x86)/atollic/truestudio for stm32 9.3.0/armtools/bin/../lib/gcc/arm-atollic-eabi/6.3.1/armv7e-m/fpu/fpv5-sp-d16/crtbegin.o
LOAD Drivers\CMSIS\DSP\Source\BasicMathFunctions\arm_dot_prod_f32.o
LOAD Drivers\STM32F7xx_HAL_Driver\Src\stm32f7xx_hal.o
LOAD Drivers\STM32F7xx_HAL_Driver\Src\stm32f7xx_hal_cortex.o
LOAD Drivers\STM32F7xx_HAL_Driver\Src\stm32f7xx_hal_crc.o
LOAD Drivers\STM32F7xx_HAL_Driver\Src\stm32f7xx_hal_crc_ex.o
LOAD Drivers\STM32F7xx_HAL_Driver\Src\stm32f7xx_hal_dma.o
LOAD Drivers\STM32F7xx_HAL_Driver\Src\stm32f7xx_hal_dma_ex.o
LOAD Drivers\STM32F7xx_HAL_Driver\Src\stm32f7xx_hal_exti.o
LOAD Drivers\STM32F7xx_HAL_Driver\Src\stm32f7xx_hal_flash.o
LOAD Drivers\STM32F7xx_HAL_Driver\Src\stm32f7xx_hal_flash_ex.o
LOAD Drivers\STM32F7xx_HAL_Driver\Src\stm32f7xx_hal_gpio.o
LOAD Drivers\STM32F7xx_HAL_Driver\Src\stm32f7xx_hal_i2c.o
LOAD Drivers\STM32F7xx_HAL_Driver\Src\stm32f7xx_hal_i2c_ex.o
LOAD Drivers\STM32F7xx_HAL_Driver\Src\stm32f7xx_hal_pwr.o
LOAD Drivers\STM32F7xx_HAL_Driver\Src\stm32f7xx_hal_pwr_ex.o
LOAD Drivers\STM32F7xx_HAL_Driver\Src\stm32f7xx_hal_rcc.o
LOAD Drivers\STM32F7xx_HAL_Driver\Src\stm32f7xx_hal_rcc_ex.o
LOAD Drivers\STM32F7xx_HAL_Driver\Src\stm32f7xx_hal_tim.o
LOAD Drivers\STM32F7xx_HAL_Driver\Src\stm32f7xx_hal_tim_ex.o
LOAD Drivers\STM32F7xx_HAL_Driver\Src\stm32f7xx_hal_uart.o
LOAD Middlewares\ST\AI\AI\data\cnn_data.o
LOAD Middlewares\ST\AI\AI\src\cnn.o
LOAD Middlewares\ST\Application\SystemPerformance\Src\aiSystemPerformance.o
LOAD Src\app_x-cube-ai.o
LOAD Src\main.o
LOAD Src\stm32f7xx_hal_msp.o
LOAD Src\stm32f7xx_it.o
LOAD Src\syscalls.o
LOAD Src\system_stm32f7xx.o
LOAD startup\startup_stm32f722xx.o
LOAD ../Middlewares/ST/AI/AI/lib\network_runtime.a
                0x00000080                malloc_getpagesize_P = 0x80
START GROUP
LOAD c:/program files (x86)/atollic/truestudio for stm32 9.3.0/armtools/bin/../lib/gcc/arm-atollic-eabi/6.3.1/../../../../arm-atollic-eabi/lib/armv7e-m/fpu/fpv5-sp-d16\libc_nano.a
LOAD c:/program files (x86)/atollic/truestudio for stm32 9.3.0/armtools/bin/../lib/gcc/arm-atollic-eabi/6.3.1/../../../../arm-atollic-eabi/lib/armv7e-m/fpu/fpv5-sp-d16\libm.a
END GROUP
START GROUP
LOAD c:/program files (x86)/atollic/truestudio for stm32 9.3.0/armtools/bin/../lib/gcc/arm-atollic-eabi/6.3.1/armv7e-m/fpu/fpv5-sp-d16\libgcc.a
LOAD c:/program files (x86)/atollic/truestudio for stm32 9.3.0/armtools/bin/../lib/gcc/arm-atollic-eabi/6.3.1/../../../../arm-atollic-eabi/lib/armv7e-m/fpu/fpv5-sp-d16\libc_nano.a
END GROUP
START GROUP
LOAD c:/program files (x86)/atollic/truestudio for stm32 9.3.0/armtools/bin/../lib/gcc/arm-atollic-eabi/6.3.1/armv7e-m/fpu/fpv5-sp-d16\libgcc.a
LOAD c:/program files (x86)/atollic/truestudio for stm32 9.3.0/armtools/bin/../lib/gcc/arm-atollic-eabi/6.3.1/../../../../arm-atollic-eabi/lib/armv7e-m/fpu/fpv5-sp-d16\libc_nano.a
LOAD c:/program files (x86)/atollic/truestudio for stm32 9.3.0/armtools/bin/../lib/gcc/arm-atollic-eabi/6.3.1/../../../../arm-atollic-eabi/lib/armv7e-m/fpu/fpv5-sp-d16\libnosys.a
END GROUP
START GROUP
LOAD c:/program files (x86)/atollic/truestudio for stm32 9.3.0/armtools/bin/../lib/gcc/arm-atollic-eabi/6.3.1/armv7e-m/fpu/fpv5-sp-d16\libgcc.a
LOAD c:/program files (x86)/atollic/truestudio for stm32 9.3.0/armtools/bin/../lib/gcc/arm-atollic-eabi/6.3.1/../../../../arm-atollic-eabi/lib/armv7e-m/fpu/fpv5-sp-d16\libc_nano.a
LOAD c:/program files (x86)/atollic/truestudio for stm32 9.3.0/armtools/bin/../lib/gcc/arm-atollic-eabi/6.3.1/../../../../arm-atollic-eabi/lib/armv7e-m/fpu/fpv5-sp-d16\libnosys.a
END GROUP
LOAD c:/program files (x86)/atollic/truestudio for stm32 9.3.0/armtools/bin/../lib/gcc/arm-atollic-eabi/6.3.1/armv7e-m/fpu/fpv5-sp-d16/crtend.o
LOAD c:/program files (x86)/atollic/truestudio for stm32 9.3.0/armtools/bin/../lib/gcc/arm-atollic-eabi/6.3.1/armv7e-m/fpu/fpv5-sp-d16/crtn.o
                0x20040000                _estack = 0x20040000
                0x00002000                _Min_Heap_Size = 0x2000
                0x00004000                _Min_Stack_Size = 0x4000

.isr_vector     0x08000000      0x1e0
                0x08000000                . = ALIGN (0x4)
 *(.isr_vector)
 .isr_vector    0x08000000      0x1e0 startup\startup_stm32f722xx.o
                0x08000000                g_pfnVectors
                0x080001e0                . = ALIGN (0x4)

.text           0x080001e0     0x8100
                0x080001e0                . = ALIGN (0x4)
 *(.text)
 .text          0x080001e0       0x40 c:/program files (x86)/atollic/truestudio for stm32 9.3.0/armtools/bin/../lib/gcc/arm-atollic-eabi/6.3.1/armv7e-m/fpu/fpv5-sp-d16/crtbegin.o
 .text          0x08000220      0x918 ../Middlewares/ST/AI/AI/lib\network_runtime.a(ai_platform_interface.o)
                0x0800031a                ai_platform_runtime_get_revision
                0x080003b4                ai_platform_runtime_get_version
                0x08000452                ai_platform_api_get_version
                0x080004f0                ai_platform_interface_api_get_version
                0x0800058e                ai_platform_context_acquire
                0x08000638                ai_platform_context_release
                0x0800064a                ai_platform_network_get_error
                0x08000704                ai_platform_network_set_error
                0x08000710                ai_platform_network_create
                0x0800077c                ai_platform_network_destroy
                0x0800082a                ai_platform_network_init
                0x0800091a                ai_platform_network_process
 .text          0x08000b38       0x24 ../Middlewares/ST/AI/AI/lib\network_runtime.a(core_common.o)
                0x08000b38                core_init
                0x08000b3c                core_get_error
                0x08000b46                core_set_error
 .text          0x08000b5c      0x1b8 ../Middlewares/ST/AI/AI/lib\network_runtime.a(layers.o)
                0x08000b5c                ai_layers_forward_layer
                0x08000b70                ai_check_custom_types
                0x08000b98                ai_layer_type_name
                0x08000c58                ai_layer_type_is_valid
                0x08000c74                ai_layers_forward_all
 .text          0x08000d14     0x105e ../Middlewares/ST/AI/AI/lib\network_runtime.a(layers_conv2d_generic_float.o)
                0x0800118c                ai_dict8_dot_array_f32
                0x08001460                ai_dict4_dot_array_f32
                0x08001500                forward_conv2d
                0x08001670                forward_conv2d_nl_pool
                0x080019e8                forward_dense
                0x08001cf0                forward_gemm
 *fill*         0x08001d72        0x2 
 .text          0x08001d74      0x6ea ../Middlewares/ST/AI/AI/lib\network_runtime.a(layers_nl_generic_float.o)
                0x08001d74                nl_func_sm_channel_f32
                0x08001e98                nl_func_sm_array_f32
                0x08001ecc                nl_func_tanh_array_f32
                0x08001ef4                nl_func_sigmoid_array_f32
                0x08001f30                nl_func_sign_array_f32
                0x08001f68                nl_func_clip_array_f32
                0x08001fa0                nl_func_relu_array_f32
                0x08001fcc                nl_func_relu6_array_f32
                0x0800200c                nl_func_selu_array_f32
                0x0800209c                nl_func_prelu_array_f32
                0x080020e8                forward_relu
                0x08002138                forward_relu6
                0x080021a0                forward_selu
                0x0800224c                forward_prelu
                0x080022c4                forward_sign
                0x08002328                forward_clip
                0x08002390                forward_sigmoid
                0x080023e8                forward_tanh
                0x0800242a                forward_sm
 *fill*         0x0800245e        0x2 
 .text          0x08002460      0x5b0 ../Middlewares/ST/AI/AI/lib\network_runtime.a(layers_norm_generic_float.o)
                0x08002460                func_lrn_channel_f32
                0x08002560                func_norm_array_f32
                0x08002658                func_norm_l2_fast_array_f32
                0x08002738                func_lrn_array_f32
                0x08002788                forward_bn
                0x08002936                forward_lrn
                0x08002978                forward_norm
 .text          0x08002a10       0xf0 ../Middlewares/ST/AI/AI/lib\network_runtime.a(ai_math_helpers.o)
                0x08002a10                ai_math_dot_array
                0x08002a3c                ai_math_sqrt
                0x08002a54                ai_math_exp
                0x08002a58                ai_math_pow
                0x08002a5c                ai_math_tanh
                0x08002a60                ai_math_relu
                0x08002a70                ai_math_prelu
                0x08002a80                ai_math_sigmoid
                0x08002aa0                ai_math_hard_sigmoid
                0x08002ad4                ai_math_sign
 .text          0x08002b00       0x9a c:/program files (x86)/atollic/truestudio for stm32 9.3.0/armtools/bin/../lib/gcc/arm-atollic-eabi/6.3.1/../../../../arm-atollic-eabi/lib/armv7e-m/fpu/fpv5-sp-d16\libc_nano.a(lib_a-aeabi_memset-soft.o)
                0x08002b00                __aeabi_memset8
                0x08002b00                __aeabi_memset4
                0x08002b00                __aeabi_memset
 .text          0x08002b9a       0x10 c:/program files (x86)/atollic/truestudio for stm32 9.3.0/armtools/bin/../lib/gcc/arm-atollic-eabi/6.3.1/../../../../arm-atollic-eabi/lib/armv7e-m/fpu/fpv5-sp-d16\libc_nano.a(lib_a-strlen.o)
                0x08002b9a                strlen
 *fill*         0x08002baa        0x6 
 .text          0x08002bb0       0xa0 c:/program files (x86)/atollic/truestudio for stm32 9.3.0/armtools/bin/../lib/gcc/arm-atollic-eabi/6.3.1/../../../../arm-atollic-eabi/lib/armv7e-m/fpu/fpv5-sp-d16\libc_nano.a(lib_a-memchr.o)
                0x08002bb0                memchr
 .text          0x08002c50      0x370 c:/program files (x86)/atollic/truestudio for stm32 9.3.0/armtools/bin/../lib/gcc/arm-atollic-eabi/6.3.1/armv7e-m/fpu/fpv5-sp-d16\libgcc.a(_arm_addsubdf3.o)
                0x08002c50                __aeabi_drsub
                0x08002c58                __aeabi_dsub
                0x08002c58                __subdf3
                0x08002c5c                __aeabi_dadd
                0x08002c5c                __adddf3
                0x08002ed4                __floatunsidf
                0x08002ed4                __aeabi_ui2d
                0x08002ef4                __floatsidf
                0x08002ef4                __aeabi_i2d
                0x08002f18                __aeabi_f2d
                0x08002f18                __extendsfdf2
                0x08002f54                __floatundidf
                0x08002f54                __aeabi_ul2d
                0x08002f64                __floatdidf
                0x08002f64                __aeabi_l2d
 .text          0x08002fc0      0x424 c:/program files (x86)/atollic/truestudio for stm32 9.3.0/armtools/bin/../lib/gcc/arm-atollic-eabi/6.3.1/armv7e-m/fpu/fpv5-sp-d16\libgcc.a(_arm_muldivdf3.o)
                0x08002fc0                __aeabi_dmul
                0x08002fc0                __muldf3
                0x08003214                __divdf3
                0x08003214                __aeabi_ddiv
 .text          0x080033e4      0x110 c:/program files (x86)/atollic/truestudio for stm32 9.3.0/armtools/bin/../lib/gcc/arm-atollic-eabi/6.3.1/armv7e-m/fpu/fpv5-sp-d16\libgcc.a(_arm_cmpdf2.o)
                0x080033e4                __gtdf2
                0x080033e4                __gedf2
                0x080033ec                __ltdf2
                0x080033ec                __ledf2
                0x080033f4                __nedf2
                0x080033f4                __eqdf2
                0x080033f4                __cmpdf2
                0x08003470                __aeabi_cdrcmple
                0x08003480                __aeabi_cdcmpeq
                0x08003480                __aeabi_cdcmple
                0x08003490                __aeabi_dcmpeq
                0x080034a4                __aeabi_dcmplt
                0x080034b8                __aeabi_dcmple
                0x080034cc                __aeabi_dcmpge
                0x080034e0                __aeabi_dcmpgt
 .text          0x080034f4       0xa0 c:/program files (x86)/atollic/truestudio for stm32 9.3.0/armtools/bin/../lib/gcc/arm-atollic-eabi/6.3.1/armv7e-m/fpu/fpv5-sp-d16\libgcc.a(_arm_truncdfsf2.o)
                0x080034f4                __truncdfsf2
                0x080034f4                __aeabi_d2f
 .text          0x08003594       0x30 c:/program files (x86)/atollic/truestudio for stm32 9.3.0/armtools/bin/../lib/gcc/arm-atollic-eabi/6.3.1/armv7e-m/fpu/fpv5-sp-d16\libgcc.a(_aeabi_uldivmod.o)
                0x08003594                __aeabi_uldivmod
 .text          0x080035c4      0x2dc c:/program files (x86)/atollic/truestudio for stm32 9.3.0/armtools/bin/../lib/gcc/arm-atollic-eabi/6.3.1/armv7e-m/fpu/fpv5-sp-d16\libgcc.a(_udivmoddi4.o)
                0x080035c4                __udivmoddi4
 .text          0x080038a0        0x4 c:/program files (x86)/atollic/truestudio for stm32 9.3.0/armtools/bin/../lib/gcc/arm-atollic-eabi/6.3.1/armv7e-m/fpu/fpv5-sp-d16\libgcc.a(_dvmd_tls.o)
                0x080038a0                __aeabi_idiv0
                0x080038a0                __aeabi_ldiv0
 *(.text*)
 .text.arm_dot_prod_f32
                0x080038a4       0x74 Drivers\CMSIS\DSP\Source\BasicMathFunctions\arm_dot_prod_f32.o
                0x080038a4                arm_dot_prod_f32
 .text.HAL_InitTick
                0x08003918       0x48 Drivers\STM32F7xx_HAL_Driver\Src\stm32f7xx_hal.o
                0x08003918                HAL_InitTick
 .text.HAL_Init
                0x08003960       0x2c Drivers\STM32F7xx_HAL_Driver\Src\stm32f7xx_hal.o
                0x08003960                HAL_Init
 .text.HAL_IncTick
                0x0800398c       0x18 Drivers\STM32F7xx_HAL_Driver\Src\stm32f7xx_hal.o
                0x0800398c                HAL_IncTick
 .text.HAL_GetTick
                0x080039a4        0xc Drivers\STM32F7xx_HAL_Driver\Src\stm32f7xx_hal.o
                0x080039a4                HAL_GetTick
 .text.HAL_Delay
                0x080039b0       0x24 Drivers\STM32F7xx_HAL_Driver\Src\stm32f7xx_hal.o
                0x080039b0                HAL_Delay
 .text.HAL_GetHalVersion
                0x080039d4        0x8 Drivers\STM32F7xx_HAL_Driver\Src\stm32f7xx_hal.o
                0x080039d4                HAL_GetHalVersion
 .text.HAL_GetREVID
                0x080039dc        0xc Drivers\STM32F7xx_HAL_Driver\Src\stm32f7xx_hal.o
                0x080039dc                HAL_GetREVID
 .text.HAL_GetDEVID
                0x080039e8       0x10 Drivers\STM32F7xx_HAL_Driver\Src\stm32f7xx_hal.o
                0x080039e8                HAL_GetDEVID
 .text.HAL_NVIC_SetPriorityGrouping
                0x080039f8       0x24 Drivers\STM32F7xx_HAL_Driver\Src\stm32f7xx_hal_cortex.o
                0x080039f8                HAL_NVIC_SetPriorityGrouping
 .text.HAL_NVIC_SetPriority
                0x08003a1c       0x70 Drivers\STM32F7xx_HAL_Driver\Src\stm32f7xx_hal_cortex.o
                0x08003a1c                HAL_NVIC_SetPriority
 .text.HAL_SYSTICK_Config
                0x08003a8c       0x2c Drivers\STM32F7xx_HAL_Driver\Src\stm32f7xx_hal_cortex.o
                0x08003a8c                HAL_SYSTICK_Config
 .text.HAL_CRC_Init
                0x08003ab8       0x74 Drivers\STM32F7xx_HAL_Driver\Src\stm32f7xx_hal_crc.o
                0x08003ab8                HAL_CRC_Init
 .text.HAL_CRCEx_Polynomial_Set
                0x08003b2c       0x44 Drivers\STM32F7xx_HAL_Driver\Src\stm32f7xx_hal_crc_ex.o
                0x08003b2c                HAL_CRCEx_Polynomial_Set
 .text.HAL_GPIO_Init
                0x08003b70      0x1bc Drivers\STM32F7xx_HAL_Driver\Src\stm32f7xx_hal_gpio.o
                0x08003b70                HAL_GPIO_Init
 .text.HAL_GPIO_WritePin
                0x08003d2c        0xa Drivers\STM32F7xx_HAL_Driver\Src\stm32f7xx_hal_gpio.o
                0x08003d2c                HAL_GPIO_WritePin
 *fill*         0x08003d36        0x2 
 .text.HAL_PWREx_EnableOverDrive
                0x08003d38       0x70 Drivers\STM32F7xx_HAL_Driver\Src\stm32f7xx_hal_pwr_ex.o
                0x08003d38                HAL_PWREx_EnableOverDrive
 .text.HAL_RCC_OscConfig
                0x08003da8      0x328 Drivers\STM32F7xx_HAL_Driver\Src\stm32f7xx_hal_rcc.o
                0x08003da8                HAL_RCC_OscConfig
 .text.HAL_RCC_GetSysClockFreq
                0x080040d0       0x5c Drivers\STM32F7xx_HAL_Driver\Src\stm32f7xx_hal_rcc.o
                0x080040d0                HAL_RCC_GetSysClockFreq
 .text.HAL_RCC_ClockConfig
                0x0800412c      0x13c Drivers\STM32F7xx_HAL_Driver\Src\stm32f7xx_hal_rcc.o
                0x0800412c                HAL_RCC_ClockConfig
 .text.HAL_RCC_GetHCLKFreq
                0x08004268        0xc Drivers\STM32F7xx_HAL_Driver\Src\stm32f7xx_hal_rcc.o
                0x08004268                HAL_RCC_GetHCLKFreq
 .text.HAL_RCC_GetPCLK1Freq
                0x08004274       0x20 Drivers\STM32F7xx_HAL_Driver\Src\stm32f7xx_hal_rcc.o
                0x08004274                HAL_RCC_GetPCLK1Freq
 .text.HAL_RCC_GetPCLK2Freq
                0x08004294       0x20 Drivers\STM32F7xx_HAL_Driver\Src\stm32f7xx_hal_rcc.o
                0x08004294                HAL_RCC_GetPCLK2Freq
 .text.HAL_RCCEx_PeriphCLKConfig
                0x080042b4      0x460 Drivers\STM32F7xx_HAL_Driver\Src\stm32f7xx_hal_rcc_ex.o
                0x080042b4                HAL_RCCEx_PeriphCLKConfig
 .text.UART_SetConfig
                0x08004714      0x288 Drivers\STM32F7xx_HAL_Driver\Src\stm32f7xx_hal_uart.o
                0x08004714                UART_SetConfig
 .text.UART_AdvFeatureConfig
                0x0800499c       0xaa Drivers\STM32F7xx_HAL_Driver\Src\stm32f7xx_hal_uart.o
                0x0800499c                UART_AdvFeatureConfig
 .text.UART_WaitOnFlagUntilTimeout
                0x08004a46       0x5e Drivers\STM32F7xx_HAL_Driver\Src\stm32f7xx_hal_uart.o
                0x08004a46                UART_WaitOnFlagUntilTimeout
 .text.HAL_UART_Transmit
                0x08004aa4       0xae Drivers\STM32F7xx_HAL_Driver\Src\stm32f7xx_hal_uart.o
                0x08004aa4                HAL_UART_Transmit
 .text.HAL_UART_Receive
                0x08004b52       0xe2 Drivers\STM32F7xx_HAL_Driver\Src\stm32f7xx_hal_uart.o
                0x08004b52                HAL_UART_Receive
 .text.UART_CheckIdleState
                0x08004c34       0x40 Drivers\STM32F7xx_HAL_Driver\Src\stm32f7xx_hal_uart.o
                0x08004c34                UART_CheckIdleState
 .text.HAL_UART_Init
                0x08004c74       0x5c Drivers\STM32F7xx_HAL_Driver\Src\stm32f7xx_hal_uart.o
                0x08004c74                HAL_UART_Init
 .text.ai_cnn_data_weights_get
                0x08004cd0        0x8 Middlewares\ST\AI\AI\data\cnn_data.o
                0x08004cd0                ai_cnn_data_weights_get
 .text.ai_cnn_get_info
                0x08004cd8      0x10c Middlewares\ST\AI\AI\src\cnn.o
                0x08004cd8                ai_cnn_get_info
 .text.ai_cnn_get_error
                0x08004de4        0x8 Middlewares\ST\AI\AI\src\cnn.o
                0x08004de4                ai_cnn_get_error
 .text.ai_cnn_create
                0x08004dec       0x1c Middlewares\ST\AI\AI\src\cnn.o
                0x08004dec                ai_cnn_create
 .text.ai_cnn_destroy
                0x08004e08        0x4 Middlewares\ST\AI\AI\src\cnn.o
                0x08004e08                ai_cnn_destroy
 .text.ai_cnn_init
                0x08004e0c      0x1e4 Middlewares\ST\AI\AI\src\cnn.o
                0x08004e0c                ai_cnn_init
 .text.ai_cnn_run
                0x08004ff0        0x4 Middlewares\ST\AI\AI\src\cnn.o
                0x08004ff0                ai_cnn_run
 .text.ai_cnn_forward
                0x08004ff4        0x6 Middlewares\ST\AI\AI\src\cnn.o
                0x08004ff4                ai_cnn_forward
 *fill*         0x08004ffa        0x2 
 .text.aiTestConsole
                0x08004ffc       0x5c Middlewares\ST\Application\SystemPerformance\Src\aiSystemPerformance.o
 .text.aiPrintLayoutBuffer
                0x08005058       0x68 Middlewares\ST\Application\SystemPerformance\Src\aiSystemPerformance.o
 .text.aiDeInit
                0x080050c0       0x40 Middlewares\ST\Application\SystemPerformance\Src\aiSystemPerformance.o
 .text._write   0x08005100       0x34 Middlewares\ST\Application\SystemPerformance\Src\aiSystemPerformance.o
                0x08005100                _write
 .text.aiSystemPerformanceInit
                0x08005134      0x428 Middlewares\ST\Application\SystemPerformance\Src\aiSystemPerformance.o
                0x08005134                aiSystemPerformanceInit
 .text.aiSystemPerformanceProcess
                0x0800555c      0x534 Middlewares\ST\Application\SystemPerformance\Src\aiSystemPerformance.o
                0x0800555c                aiSystemPerformanceProcess
 .text.ai_mnetwork_handle
                0x08005a90       0x1c Src\app_x-cube-ai.o
 .text.ai_mnetwork_is_valid.isra.0
                0x08005aac       0x30 Src\app_x-cube-ai.o
 .text.MX_X_CUBE_AI_Init
                0x08005adc        0xe Src\app_x-cube-ai.o
                0x08005adc                MX_X_CUBE_AI_Init
 .text.MX_X_CUBE_AI_Process
                0x08005aea       0x12 Src\app_x-cube-ai.o
                0x08005aea                MX_X_CUBE_AI_Process
 .text.ai_mnetwork_find
                0x08005afc       0x24 Src\app_x-cube-ai.o
                0x08005afc                ai_mnetwork_find
 .text.ai_mnetwork_create
                0x08005b20       0x5c Src\app_x-cube-ai.o
                0x08005b20                ai_mnetwork_create
 .text.ai_mnetwork_destroy
                0x08005b7c       0x2c Src\app_x-cube-ai.o
                0x08005b7c                ai_mnetwork_destroy
 .text.ai_mnetwork_get_info
                0x08005ba8       0x16 Src\app_x-cube-ai.o
                0x08005ba8                ai_mnetwork_get_info
 .text.ai_mnetwork_get_error
                0x08005bbe       0x22 Src\app_x-cube-ai.o
                0x08005bbe                ai_mnetwork_get_error
 .text.ai_mnetwork_init
                0x08005be0       0x62 Src\app_x-cube-ai.o
                0x08005be0                ai_mnetwork_init
 .text.ai_mnetwork_run
                0x08005c42       0x1c Src\app_x-cube-ai.o
                0x08005c42                ai_mnetwork_run
 *fill*         0x08005c5e        0x2 
 .text.SystemClock_Config
                0x08005c60       0xa8 Src\main.o
                0x08005c60                SystemClock_Config
 .text.startup.main
                0x08005d08      0x1f0 Src\main.o
                0x08005d08                main
 .text.MX_USART2_UART_Init
                0x08005ef8       0x2c Src\main.o
                0x08005ef8                MX_USART2_UART_Init
 .text.HAL_MspInit
                0x08005f24       0x30 Src\stm32f7xx_hal_msp.o
                0x08005f24                HAL_MspInit
 .text.HAL_CRC_MspInit
                0x08005f54       0x2c Src\stm32f7xx_hal_msp.o
                0x08005f54                HAL_CRC_MspInit
 .text.HAL_UART_MspInit
                0x08005f80       0x64 Src\stm32f7xx_hal_msp.o
                0x08005f80                HAL_UART_MspInit
 .text.NMI_Handler
                0x08005fe4        0x2 Src\stm32f7xx_it.o
                0x08005fe4                NMI_Handler
 .text.HardFault_Handler
                0x08005fe6        0x2 Src\stm32f7xx_it.o
                0x08005fe6                HardFault_Handler
 .text.MemManage_Handler
                0x08005fe8        0x2 Src\stm32f7xx_it.o
                0x08005fe8                MemManage_Handler
 .text.BusFault_Handler
                0x08005fea        0x2 Src\stm32f7xx_it.o
                0x08005fea                BusFault_Handler
 .text.UsageFault_Handler
                0x08005fec        0x2 Src\stm32f7xx_it.o
                0x08005fec                UsageFault_Handler
 .text.SVC_Handler
                0x08005fee        0x2 Src\stm32f7xx_it.o
                0x08005fee                SVC_Handler
 .text.DebugMon_Handler
                0x08005ff0        0x2 Src\stm32f7xx_it.o
                0x08005ff0                DebugMon_Handler
 .text.PendSV_Handler
                0x08005ff2        0x2 Src\stm32f7xx_it.o
                0x08005ff2                PendSV_Handler
 .text.SysTick_Handler
                0x08005ff4        0x4 Src\stm32f7xx_it.o
                0x08005ff4                SysTick_Handler
 .text._read    0x08005ff8       0x1c Src\syscalls.o
                0x08005ff8                _read
 .text._sbrk    0x08006014       0x34 Src\syscalls.o
                0x08006014                _sbrk
 .text._close   0x08006048        0x6 Src\syscalls.o
                0x08006048                _close
 .text._fstat   0x0800604e        0xa Src\syscalls.o
                0x0800604e                _fstat
 .text._isatty  0x08006058        0x4 Src\syscalls.o
                0x08006058                _isatty
 .text._lseek   0x0800605c        0x4 Src\syscalls.o
                0x0800605c                _lseek
 .text.SystemInit
                0x08006060       0x4c Src\system_stm32f7xx.o
                0x08006060                SystemInit
 .text.Reset_Handler
                0x080060ac       0x50 startup\startup_stm32f722xx.o
                0x080060ac                Reset_Handler
 .text.Default_Handler
                0x080060fc        0x2 startup\startup_stm32f722xx.o
                0x080060fc                RTC_Alarm_IRQHandler
                0x080060fc                EXTI2_IRQHandler
                0x080060fc                TIM8_CC_IRQHandler
                0x080060fc                UART8_IRQHandler
                0x080060fc                SPI4_IRQHandler
                0x080060fc                TIM1_CC_IRQHandler
                0x080060fc                DMA2_Stream5_IRQHandler
                0x080060fc                DMA1_Stream5_IRQHandler
                0x080060fc                PVD_IRQHandler
                0x080060fc                TAMP_STAMP_IRQHandler
                0x080060fc                EXTI3_IRQHandler
                0x080060fc                TIM8_TRG_COM_TIM14_IRQHandler
                0x080060fc                TIM1_UP_TIM10_IRQHandler
                0x080060fc                TIM8_UP_TIM13_IRQHandler
                0x080060fc                I2C3_ER_IRQHandler
                0x080060fc                EXTI0_IRQHandler
                0x080060fc                I2C2_EV_IRQHandler
                0x080060fc                DMA1_Stream2_IRQHandler
                0x080060fc                CAN1_RX0_IRQHandler
                0x080060fc                FPU_IRQHandler
                0x080060fc                OTG_HS_WKUP_IRQHandler
                0x080060fc                DMA2_Stream2_IRQHandler
                0x080060fc                SPI1_IRQHandler
                0x080060fc                TIM6_DAC_IRQHandler
                0x080060fc                TIM1_BRK_TIM9_IRQHandler
                0x080060fc                DMA2_Stream3_IRQHandler
                0x080060fc                SAI2_IRQHandler
                0x080060fc                USART6_IRQHandler
                0x080060fc                USART3_IRQHandler
                0x080060fc                CAN1_RX1_IRQHandler
                0x080060fc                UART5_IRQHandler
                0x080060fc                DMA2_Stream0_IRQHandler
                0x080060fc                TIM4_IRQHandler
                0x080060fc                QUADSPI_IRQHandler
                0x080060fc                I2C1_EV_IRQHandler
                0x080060fc                DMA1_Stream6_IRQHandler
                0x080060fc                DMA1_Stream1_IRQHandler
                0x080060fc                UART4_IRQHandler
                0x080060fc                TIM3_IRQHandler
                0x080060fc                RCC_IRQHandler
                0x080060fc                TIM8_BRK_TIM12_IRQHandler
                0x080060fc                Default_Handler
                0x080060fc                EXTI15_10_IRQHandler
                0x080060fc                ADC_IRQHandler
                0x080060fc                DMA1_Stream7_IRQHandler
                0x080060fc                SPI5_IRQHandler
                0x080060fc                TIM7_IRQHandler
                0x080060fc                SDMMC1_IRQHandler
                0x080060fc                TIM5_IRQHandler
                0x080060fc                DMA2_Stream7_IRQHandler
                0x080060fc                I2C3_EV_IRQHandler
                0x080060fc                EXTI9_5_IRQHandler
                0x080060fc                RTC_WKUP_IRQHandler
                0x080060fc                SPI2_IRQHandler
                0x080060fc                OTG_HS_EP1_IN_IRQHandler
                0x080060fc                DMA1_Stream0_IRQHandler
                0x080060fc                CAN1_TX_IRQHandler
                0x080060fc                EXTI4_IRQHandler
                0x080060fc                RNG_IRQHandler
                0x080060fc                OTG_HS_EP1_OUT_IRQHandler
                0x080060fc                WWDG_IRQHandler
                0x080060fc                TIM2_IRQHandler
                0x080060fc                OTG_FS_WKUP_IRQHandler
                0x080060fc                TIM1_TRG_COM_TIM11_IRQHandler
                0x080060fc                OTG_HS_IRQHandler
                0x080060fc                EXTI1_IRQHandler
                0x080060fc                SDMMC2_IRQHandler
                0x080060fc                UART7_IRQHandler
                0x080060fc                USART2_IRQHandler
                0x080060fc                I2C2_ER_IRQHandler
                0x080060fc                DMA2_Stream1_IRQHandler
                0x080060fc                CAN1_SCE_IRQHandler
                0x080060fc                FLASH_IRQHandler
                0x080060fc                DMA2_Stream4_IRQHandler
                0x080060fc                USART1_IRQHandler
                0x080060fc                OTG_FS_IRQHandler
                0x080060fc                SPI3_IRQHandler
                0x080060fc                DMA1_Stream4_IRQHandler
                0x080060fc                I2C1_ER_IRQHandler
                0x080060fc                FMC_IRQHandler
                0x080060fc                LPTIM1_IRQHandler
                0x080060fc                DMA2_Stream6_IRQHandler
                0x080060fc                SAI1_IRQHandler
                0x080060fc                DMA1_Stream3_IRQHandler
 .text.__aeabi_memclr
                0x080060fe        0x6 c:/program files (x86)/atollic/truestudio for stm32 9.3.0/armtools/bin/../lib/gcc/arm-atollic-eabi/6.3.1/../../../../arm-atollic-eabi/lib/armv7e-m/fpu/fpv5-sp-d16\libc_nano.a(lib_a-aeabi_memclr.o)
                0x080060fe                __aeabi_memclr
                0x080060fe                __aeabi_memclr4
                0x080060fe                __aeabi_memclr8
 .text.__aeabi_memcpy
                0x08006104        0x4 c:/program files (x86)/atollic/truestudio for stm32 9.3.0/armtools/bin/../lib/gcc/arm-atollic-eabi/6.3.1/../../../../arm-atollic-eabi/lib/armv7e-m/fpu/fpv5-sp-d16\libc_nano.a(lib_a-aeabi_memcpy.o)
                0x08006104                __aeabi_memcpy4
                0x08006104                __aeabi_memcpy8
                0x08006104                __aeabi_memcpy
 .text.__errno  0x08006108        0xc c:/program files (x86)/atollic/truestudio for stm32 9.3.0/armtools/bin/../lib/gcc/arm-atollic-eabi/6.3.1/../../../../arm-atollic-eabi/lib/armv7e-m/fpu/fpv5-sp-d16\libc_nano.a(lib_a-errno.o)
                0x08006108                __errno
 .text.__sflush_r
                0x08006114      0x110 c:/program files (x86)/atollic/truestudio for stm32 9.3.0/armtools/bin/../lib/gcc/arm-atollic-eabi/6.3.1/../../../../arm-atollic-eabi/lib/armv7e-m/fpu/fpv5-sp-d16\libc_nano.a(lib_a-fflush.o)
                0x08006114                __sflush_r
 .text._fflush_r
                0x08006224       0x54 c:/program files (x86)/atollic/truestudio for stm32 9.3.0/armtools/bin/../lib/gcc/arm-atollic-eabi/6.3.1/../../../../arm-atollic-eabi/lib/armv7e-m/fpu/fpv5-sp-d16\libc_nano.a(lib_a-fflush.o)
                0x08006224                _fflush_r
 .text.fflush   0x08006278       0x24 c:/program files (x86)/atollic/truestudio for stm32 9.3.0/armtools/bin/../lib/gcc/arm-atollic-eabi/6.3.1/../../../../arm-atollic-eabi/lib/armv7e-m/fpu/fpv5-sp-d16\libc_nano.a(lib_a-fflush.o)
                0x08006278                fflush
 .text._cleanup_r
                0x0800629c        0xc c:/program files (x86)/atollic/truestudio for stm32 9.3.0/armtools/bin/../lib/gcc/arm-atollic-eabi/6.3.1/../../../../arm-atollic-eabi/lib/armv7e-m/fpu/fpv5-sp-d16\libc_nano.a(lib_a-findfp.o)
                0x0800629c                _cleanup_r
 .text.std.isra.0
                0x080062a8       0x48 c:/program files (x86)/atollic/truestudio for stm32 9.3.0/armtools/bin/../lib/gcc/arm-atollic-eabi/6.3.1/../../../../arm-atollic-eabi/lib/armv7e-m/fpu/fpv5-sp-d16\libc_nano.a(lib_a-findfp.o)
 .text.__sfmoreglue
                0x080062f0       0x2c c:/program files (x86)/atollic/truestudio for stm32 9.3.0/armtools/bin/../lib/gcc/arm-atollic-eabi/6.3.1/../../../../arm-atollic-eabi/lib/armv7e-m/fpu/fpv5-sp-d16\libc_nano.a(lib_a-findfp.o)
                0x080062f0                __sfmoreglue
 .text.__sinit  0x0800631c       0x60 c:/program files (x86)/atollic/truestudio for stm32 9.3.0/armtools/bin/../lib/gcc/arm-atollic-eabi/6.3.1/../../../../arm-atollic-eabi/lib/armv7e-m/fpu/fpv5-sp-d16\libc_nano.a(lib_a-findfp.o)
                0x0800631c                __sinit
 .text.__sfp    0x0800637c       0x78 c:/program files (x86)/atollic/truestudio for stm32 9.3.0/armtools/bin/../lib/gcc/arm-atollic-eabi/6.3.1/../../../../arm-atollic-eabi/lib/armv7e-m/fpu/fpv5-sp-d16\libc_nano.a(lib_a-findfp.o)
                0x0800637c                __sfp
 .text._fwalk_reent
                0x080063f4       0x3c c:/program files (x86)/atollic/truestudio for stm32 9.3.0/armtools/bin/../lib/gcc/arm-atollic-eabi/6.3.1/../../../../arm-atollic-eabi/lib/armv7e-m/fpu/fpv5-sp-d16\libc_nano.a(lib_a-fwalk.o)
                0x080063f4                _fwalk_reent
 .text.__libc_init_array
                0x08006430       0x48 c:/program files (x86)/atollic/truestudio for stm32 9.3.0/armtools/bin/../lib/gcc/arm-atollic-eabi/6.3.1/../../../../arm-atollic-eabi/lib/armv7e-m/fpu/fpv5-sp-d16\libc_nano.a(lib_a-init.o)
                0x08006430                __libc_init_array
 .text.memcmp   0x08006478       0x1e c:/program files (x86)/atollic/truestudio for stm32 9.3.0/armtools/bin/../lib/gcc/arm-atollic-eabi/6.3.1/../../../../arm-atollic-eabi/lib/armv7e-m/fpu/fpv5-sp-d16\libc_nano.a(lib_a-memcmp.o)
                0x08006478                memcmp
 .text.memcpy   0x08006496       0x16 c:/program files (x86)/atollic/truestudio for stm32 9.3.0/armtools/bin/../lib/gcc/arm-atollic-eabi/6.3.1/../../../../arm-atollic-eabi/lib/armv7e-m/fpu/fpv5-sp-d16\libc_nano.a(lib_a-memcpy-stub.o)
                0x08006496                memcpy
 .text.memset   0x080064ac       0x10 c:/program files (x86)/atollic/truestudio for stm32 9.3.0/armtools/bin/../lib/gcc/arm-atollic-eabi/6.3.1/../../../../arm-atollic-eabi/lib/armv7e-m/fpu/fpv5-sp-d16\libc_nano.a(lib_a-memset.o)
                0x080064ac                memset
 .text._free_r  0x080064bc       0x9c c:/program files (x86)/atollic/truestudio for stm32 9.3.0/armtools/bin/../lib/gcc/arm-atollic-eabi/6.3.1/../../../../arm-atollic-eabi/lib/armv7e-m/fpu/fpv5-sp-d16\libc_nano.a(lib_a-nano-freer.o)
                0x080064bc                _free_r
 .text._malloc_r
                0x08006558       0xbc c:/program files (x86)/atollic/truestudio for stm32 9.3.0/armtools/bin/../lib/gcc/arm-atollic-eabi/6.3.1/../../../../arm-atollic-eabi/lib/armv7e-m/fpu/fpv5-sp-d16\libc_nano.a(lib_a-nano-mallocr.o)
                0x08006558                _malloc_r
 .text.printf   0x08006614       0x30 c:/program files (x86)/atollic/truestudio for stm32 9.3.0/armtools/bin/../lib/gcc/arm-atollic-eabi/6.3.1/../../../../arm-atollic-eabi/lib/armv7e-m/fpu/fpv5-sp-d16\libc_nano.a(lib_a-printf.o)
                0x08006614                iprintf
                0x08006614                printf
 .text.putchar  0x08006644       0x28 c:/program files (x86)/atollic/truestudio for stm32 9.3.0/armtools/bin/../lib/gcc/arm-atollic-eabi/6.3.1/../../../../arm-atollic-eabi/lib/armv7e-m/fpu/fpv5-sp-d16\libc_nano.a(lib_a-putchar.o)
                0x08006644                putchar
 .text._puts_r  0x0800666c       0xb8 c:/program files (x86)/atollic/truestudio for stm32 9.3.0/armtools/bin/../lib/gcc/arm-atollic-eabi/6.3.1/../../../../arm-atollic-eabi/lib/armv7e-m/fpu/fpv5-sp-d16\libc_nano.a(lib_a-puts.o)
                0x0800666c                _puts_r
 .text.puts     0x08006724       0x10 c:/program files (x86)/atollic/truestudio for stm32 9.3.0/armtools/bin/../lib/gcc/arm-atollic-eabi/6.3.1/../../../../arm-atollic-eabi/lib/armv7e-m/fpu/fpv5-sp-d16\libc_nano.a(lib_a-puts.o)
                0x08006724                puts
 .text.srand    0x08006734       0x50 c:/program files (x86)/atollic/truestudio for stm32 9.3.0/armtools/bin/../lib/gcc/arm-atollic-eabi/6.3.1/../../../../arm-atollic-eabi/lib/armv7e-m/fpu/fpv5-sp-d16\libc_nano.a(lib_a-rand.o)
                0x08006734                srand
 .text.rand     0x08006784       0x74 c:/program files (x86)/atollic/truestudio for stm32 9.3.0/armtools/bin/../lib/gcc/arm-atollic-eabi/6.3.1/../../../../arm-atollic-eabi/lib/armv7e-m/fpu/fpv5-sp-d16\libc_nano.a(lib_a-rand.o)
                0x08006784                rand
 .text._sbrk_r  0x080067f8       0x20 c:/program files (x86)/atollic/truestudio for stm32 9.3.0/armtools/bin/../lib/gcc/arm-atollic-eabi/6.3.1/../../../../arm-atollic-eabi/lib/armv7e-m/fpu/fpv5-sp-d16\libc_nano.a(lib_a-sbrkr.o)
                0x080067f8                _sbrk_r
 .text.__sread  0x08006818       0x22 c:/program files (x86)/atollic/truestudio for stm32 9.3.0/armtools/bin/../lib/gcc/arm-atollic-eabi/6.3.1/../../../../arm-atollic-eabi/lib/armv7e-m/fpu/fpv5-sp-d16\libc_nano.a(lib_a-stdio.o)
                0x08006818                __sread
 .text.__swrite
                0x0800683a       0x38 c:/program files (x86)/atollic/truestudio for stm32 9.3.0/armtools/bin/../lib/gcc/arm-atollic-eabi/6.3.1/../../../../arm-atollic-eabi/lib/armv7e-m/fpu/fpv5-sp-d16\libc_nano.a(lib_a-stdio.o)
                0x0800683a                __swrite
 .text.__sseek  0x08006872       0x24 c:/program files (x86)/atollic/truestudio for stm32 9.3.0/armtools/bin/../lib/gcc/arm-atollic-eabi/6.3.1/../../../../arm-atollic-eabi/lib/armv7e-m/fpu/fpv5-sp-d16\libc_nano.a(lib_a-stdio.o)
                0x08006872                __sseek
 .text.__sclose
                0x08006896        0x8 c:/program files (x86)/atollic/truestudio for stm32 9.3.0/armtools/bin/../lib/gcc/arm-atollic-eabi/6.3.1/../../../../arm-atollic-eabi/lib/armv7e-m/fpu/fpv5-sp-d16\libc_nano.a(lib_a-stdio.o)
                0x08006896                __sclose
 .text.strncmp  0x0800689e       0x24 c:/program files (x86)/atollic/truestudio for stm32 9.3.0/armtools/bin/../lib/gcc/arm-atollic-eabi/6.3.1/../../../../arm-atollic-eabi/lib/armv7e-m/fpu/fpv5-sp-d16\libc_nano.a(lib_a-strncmp.o)
                0x0800689e                strncmp
 *fill*         0x080068c2        0x2 
 .text.__swbuf_r
                0x080068c4       0xa4 c:/program files (x86)/atollic/truestudio for stm32 9.3.0/armtools/bin/../lib/gcc/arm-atollic-eabi/6.3.1/../../../../arm-atollic-eabi/lib/armv7e-m/fpu/fpv5-sp-d16\libc_nano.a(lib_a-wbuf.o)
                0x080068c4                __swbuf_r
 .text._write_r
                0x08006968       0x24 c:/program files (x86)/atollic/truestudio for stm32 9.3.0/armtools/bin/../lib/gcc/arm-atollic-eabi/6.3.1/../../../../arm-atollic-eabi/lib/armv7e-m/fpu/fpv5-sp-d16\libc_nano.a(lib_a-writer.o)
                0x08006968                _write_r
 .text.__swsetup_r
                0x0800698c       0xdc c:/program files (x86)/atollic/truestudio for stm32 9.3.0/armtools/bin/../lib/gcc/arm-atollic-eabi/6.3.1/../../../../arm-atollic-eabi/lib/armv7e-m/fpu/fpv5-sp-d16\libc_nano.a(lib_a-wsetup.o)
                0x0800698c                __swsetup_r
 .text._close_r
                0x08006a68       0x20 c:/program files (x86)/atollic/truestudio for stm32 9.3.0/armtools/bin/../lib/gcc/arm-atollic-eabi/6.3.1/../../../../arm-atollic-eabi/lib/armv7e-m/fpu/fpv5-sp-d16\libc_nano.a(lib_a-closer.o)
                0x08006a68                _close_r
 .text._lseek_r
                0x08006a88       0x24 c:/program files (x86)/atollic/truestudio for stm32 9.3.0/armtools/bin/../lib/gcc/arm-atollic-eabi/6.3.1/../../../../arm-atollic-eabi/lib/armv7e-m/fpu/fpv5-sp-d16\libc_nano.a(lib_a-lseekr.o)
                0x08006a88                _lseek_r
 .text.__swhatbuf_r
                0x08006aac       0x48 c:/program files (x86)/atollic/truestudio for stm32 9.3.0/armtools/bin/../lib/gcc/arm-atollic-eabi/6.3.1/../../../../arm-atollic-eabi/lib/armv7e-m/fpu/fpv5-sp-d16\libc_nano.a(lib_a-makebuf.o)
                0x08006aac                __swhatbuf_r
 .text.__smakebuf_r
                0x08006af4       0x80 c:/program files (x86)/atollic/truestudio for stm32 9.3.0/armtools/bin/../lib/gcc/arm-atollic-eabi/6.3.1/../../../../arm-atollic-eabi/lib/armv7e-m/fpu/fpv5-sp-d16\libc_nano.a(lib_a-makebuf.o)
                0x08006af4                __smakebuf_r
 .text.malloc   0x08006b74       0x10 c:/program files (x86)/atollic/truestudio for stm32 9.3.0/armtools/bin/../lib/gcc/arm-atollic-eabi/6.3.1/../../../../arm-atollic-eabi/lib/armv7e-m/fpu/fpv5-sp-d16\libc_nano.a(lib_a-malloc.o)
                0x08006b74                malloc
 .text.__malloc_lock
                0x08006b84        0x2 c:/program files (x86)/atollic/truestudio for stm32 9.3.0/armtools/bin/../lib/gcc/arm-atollic-eabi/6.3.1/../../../../arm-atollic-eabi/lib/armv7e-m/fpu/fpv5-sp-d16\libc_nano.a(lib_a-mlock.o)
                0x08006b84                __malloc_lock
 .text.__malloc_unlock
                0x08006b86        0x2 c:/program files (x86)/atollic/truestudio for stm32 9.3.0/armtools/bin/../lib/gcc/arm-atollic-eabi/6.3.1/../../../../arm-atollic-eabi/lib/armv7e-m/fpu/fpv5-sp-d16\libc_nano.a(lib_a-mlock.o)
                0x08006b86                __malloc_unlock
 .text.__sfputc_r
                0x08006b88       0x30 c:/program files (x86)/atollic/truestudio for stm32 9.3.0/armtools/bin/../lib/gcc/arm-atollic-eabi/6.3.1/../../../../arm-atollic-eabi/lib/armv7e-m/fpu/fpv5-sp-d16\libc_nano.a(lib_a-nano-vfprintf.o)
 .text.__sfputs_r
                0x08006bb8       0x24 c:/program files (x86)/atollic/truestudio for stm32 9.3.0/armtools/bin/../lib/gcc/arm-atollic-eabi/6.3.1/../../../../arm-atollic-eabi/lib/armv7e-m/fpu/fpv5-sp-d16\libc_nano.a(lib_a-nano-vfprintf.o)
                0x08006bb8                __sfputs_r
 .text._vfprintf_r
                0x08006bdc      0x22c c:/program files (x86)/atollic/truestudio for stm32 9.3.0/armtools/bin/../lib/gcc/arm-atollic-eabi/6.3.1/../../../../arm-atollic-eabi/lib/armv7e-m/fpu/fpv5-sp-d16\libc_nano.a(lib_a-nano-vfprintf.o)
                0x08006bdc                _vfprintf_r
                0x08006bdc                _vfiprintf_r
 .text._printf_common
                0x08006e08       0xec c:/program files (x86)/atollic/truestudio for stm32 9.3.0/armtools/bin/../lib/gcc/arm-atollic-eabi/6.3.1/../../../../arm-atollic-eabi/lib/armv7e-m/fpu/fpv5-sp-d16\libc_nano.a(lib_a-nano-vfprintf_i.o)
                0x08006e08                _printf_common
 .text._printf_i
                0x08006ef4      0x240 c:/program files (x86)/atollic/truestudio for stm32 9.3.0/armtools/bin/../lib/gcc/arm-atollic-eabi/6.3.1/../../../../arm-atollic-eabi/lib/armv7e-m/fpu/fpv5-sp-d16\libc_nano.a(lib_a-nano-vfprintf_i.o)
                0x08006ef4                _printf_i
 .text._putc_r  0x08007134       0x6c c:/program files (x86)/atollic/truestudio for stm32 9.3.0/armtools/bin/../lib/gcc/arm-atollic-eabi/6.3.1/../../../../arm-atollic-eabi/lib/armv7e-m/fpu/fpv5-sp-d16\libc_nano.a(lib_a-putc.o)
                0x08007134                _putc_r
 .text._read_r  0x080071a0       0x24 c:/program files (x86)/atollic/truestudio for stm32 9.3.0/armtools/bin/../lib/gcc/arm-atollic-eabi/6.3.1/../../../../arm-atollic-eabi/lib/armv7e-m/fpu/fpv5-sp-d16\libc_nano.a(lib_a-readr.o)
                0x080071a0                _read_r
 .text._fstat_r
                0x080071c4       0x24 c:/program files (x86)/atollic/truestudio for stm32 9.3.0/armtools/bin/../lib/gcc/arm-atollic-eabi/6.3.1/../../../../arm-atollic-eabi/lib/armv7e-m/fpu/fpv5-sp-d16\libc_nano.a(lib_a-fstatr.o)
                0x080071c4                _fstat_r
 .text._isatty_r
                0x080071e8       0x20 c:/program files (x86)/atollic/truestudio for stm32 9.3.0/armtools/bin/../lib/gcc/arm-atollic-eabi/6.3.1/../../../../arm-atollic-eabi/lib/armv7e-m/fpu/fpv5-sp-d16\libc_nano.a(lib_a-isattyr.o)
                0x080071e8                _isatty_r
 .text.tanhf    0x08007208       0xa4 c:/program files (x86)/atollic/truestudio for stm32 9.3.0/armtools/bin/../lib/gcc/arm-atollic-eabi/6.3.1/../../../../arm-atollic-eabi/lib/armv7e-m/fpu/fpv5-sp-d16\libm.a(lib_a-sf_tanh.o)
                0x08007208                tanhf
 .text.expf     0x080072ac       0xf4 c:/program files (x86)/atollic/truestudio for stm32 9.3.0/armtools/bin/../lib/gcc/arm-atollic-eabi/6.3.1/../../../../arm-atollic-eabi/lib/armv7e-m/fpu/fpv5-sp-d16\libm.a(lib_a-wf_exp.o)
                0x080072ac                expf
 .text.powf     0x080073a0      0x2f8 c:/program files (x86)/atollic/truestudio for stm32 9.3.0/armtools/bin/../lib/gcc/arm-atollic-eabi/6.3.1/../../../../arm-atollic-eabi/lib/armv7e-m/fpu/fpv5-sp-d16\libm.a(lib_a-wf_pow.o)
                0x080073a0                powf
 .text.__ieee754_expf
                0x08007698      0x1a8 c:/program files (x86)/atollic/truestudio for stm32 9.3.0/armtools/bin/../lib/gcc/arm-atollic-eabi/6.3.1/../../../../arm-atollic-eabi/lib/armv7e-m/fpu/fpv5-sp-d16\libm.a(lib_a-ef_exp.o)
                0x08007698                __ieee754_expf
 .text.__ieee754_powf
                0x08007840      0x584 c:/program files (x86)/atollic/truestudio for stm32 9.3.0/armtools/bin/../lib/gcc/arm-atollic-eabi/6.3.1/../../../../arm-atollic-eabi/lib/armv7e-m/fpu/fpv5-sp-d16\libm.a(lib_a-ef_pow.o)
                0x08007840                __ieee754_powf
 .text.__ieee754_sqrtf
                0x08007dc4       0x8e c:/program files (x86)/atollic/truestudio for stm32 9.3.0/armtools/bin/../lib/gcc/arm-atollic-eabi/6.3.1/../../../../arm-atollic-eabi/lib/armv7e-m/fpu/fpv5-sp-d16\libm.a(lib_a-ef_sqrt.o)
                0x08007dc4                __ieee754_sqrtf
 .text.matherr  0x08007e52        0x4 c:/program files (x86)/atollic/truestudio for stm32 9.3.0/armtools/bin/../lib/gcc/arm-atollic-eabi/6.3.1/../../../../arm-atollic-eabi/lib/armv7e-m/fpu/fpv5-sp-d16\libm.a(lib_a-s_matherr.o)
                0x08007e52                matherr
 *fill*         0x08007e56        0x2 
 .text.rint     0x08007e58      0x110 c:/program files (x86)/atollic/truestudio for stm32 9.3.0/armtools/bin/../lib/gcc/arm-atollic-eabi/6.3.1/../../../../arm-atollic-eabi/lib/armv7e-m/fpu/fpv5-sp-d16\libm.a(lib_a-s_rint.o)
                0x08007e58                rint
 .text.expm1f   0x08007f68      0x258 c:/program files (x86)/atollic/truestudio for stm32 9.3.0/armtools/bin/../lib/gcc/arm-atollic-eabi/6.3.1/../../../../arm-atollic-eabi/lib/armv7e-m/fpu/fpv5-sp-d16\libm.a(lib_a-sf_expm1.o)
                0x08007f68                expm1f
 .text.fabsf    0x080081c0        0xe c:/program files (x86)/atollic/truestudio for stm32 9.3.0/armtools/bin/../lib/gcc/arm-atollic-eabi/6.3.1/../../../../arm-atollic-eabi/lib/armv7e-m/fpu/fpv5-sp-d16\libm.a(lib_a-sf_fabs.o)
                0x080081c0                fabsf
 .text.finitef  0x080081ce       0x14 c:/program files (x86)/atollic/truestudio for stm32 9.3.0/armtools/bin/../lib/gcc/arm-atollic-eabi/6.3.1/../../../../arm-atollic-eabi/lib/armv7e-m/fpu/fpv5-sp-d16\libm.a(lib_a-sf_finite.o)
                0x080081ce                finitef
 *fill*         0x080081e2        0x2 
 .text.nanf     0x080081e4        0xc c:/program files (x86)/atollic/truestudio for stm32 9.3.0/armtools/bin/../lib/gcc/arm-atollic-eabi/6.3.1/../../../../arm-atollic-eabi/lib/armv7e-m/fpu/fpv5-sp-d16\libm.a(lib_a-sf_nan.o)
                0x080081e4                nanf
 .text.scalbnf  0x080081f0       0xc0 c:/program files (x86)/atollic/truestudio for stm32 9.3.0/armtools/bin/../lib/gcc/arm-atollic-eabi/6.3.1/../../../../arm-atollic-eabi/lib/armv7e-m/fpu/fpv5-sp-d16\libm.a(lib_a-sf_scalbn.o)
                0x080081f0                scalbnf
 .text.copysignf
                0x080082b0       0x18 c:/program files (x86)/atollic/truestudio for stm32 9.3.0/armtools/bin/../lib/gcc/arm-atollic-eabi/6.3.1/../../../../arm-atollic-eabi/lib/armv7e-m/fpu/fpv5-sp-d16\libm.a(lib_a-sf_copysign.o)
                0x080082b0                copysignf
 *(.glue_7)
 .glue_7        0x080082c8        0x0 linker stubs
 *(.glue_7t)
 .glue_7t       0x080082c8        0x0 linker stubs
 *(.eh_frame)
 .eh_frame      0x080082c8        0x0 c:/program files (x86)/atollic/truestudio for stm32 9.3.0/armtools/bin/../lib/gcc/arm-atollic-eabi/6.3.1/armv7e-m/fpu/fpv5-sp-d16/crtbegin.o
 *(.init)
 .init          0x080082c8        0x4 c:/program files (x86)/atollic/truestudio for stm32 9.3.0/armtools/bin/../lib/gcc/arm-atollic-eabi/6.3.1/armv7e-m/fpu/fpv5-sp-d16/crti.o
                0x080082c8                _init
 .init          0x080082cc        0x8 c:/program files (x86)/atollic/truestudio for stm32 9.3.0/armtools/bin/../lib/gcc/arm-atollic-eabi/6.3.1/armv7e-m/fpu/fpv5-sp-d16/crtn.o
 *(.fini)
 .fini          0x080082d4        0x4 c:/program files (x86)/atollic/truestudio for stm32 9.3.0/armtools/bin/../lib/gcc/arm-atollic-eabi/6.3.1/armv7e-m/fpu/fpv5-sp-d16/crti.o
                0x080082d4                _fini
 .fini          0x080082d8        0x8 c:/program files (x86)/atollic/truestudio for stm32 9.3.0/armtools/bin/../lib/gcc/arm-atollic-eabi/6.3.1/armv7e-m/fpu/fpv5-sp-d16/crtn.o
                0x080082e0                . = ALIGN (0x4)
                0x080082e0                _etext = .

.vfp11_veneer   0x080082e0        0x0
 .vfp11_veneer  0x080082e0        0x0 linker stubs

.v4_bx          0x080082e0        0x0
 .v4_bx         0x080082e0        0x0 linker stubs

.iplt           0x080082e0        0x0
 .iplt          0x080082e0        0x0 c:/program files (x86)/atollic/truestudio for stm32 9.3.0/armtools/bin/../lib/gcc/arm-atollic-eabi/6.3.1/armv7e-m/fpu/fpv5-sp-d16/crtbegin.o

.rodata         0x080082e0    0x44700
                0x080082e0                . = ALIGN (0x4)
 *(.rodata)
 .rodata        0x080082e0       0x20 Middlewares\ST\Application\SystemPerformance\Src\aiSystemPerformance.o
 *(.rodata*)
 .rodata.CSWTCH.49
                0x08008300        0x4 Drivers\STM32F7xx_HAL_Driver\Src\stm32f7xx_hal_uart.o
 .rodata.CSWTCH.50
                0x08008304        0xd Drivers\STM32F7xx_HAL_Driver\Src\stm32f7xx_hal_uart.o
 *fill*         0x08008311        0x3 
 .rodata.s_cnn_weights.5391
                0x08008314    0x43ba8 Middlewares\ST\AI\AI\data\cnn_data.o
 .rodata.ai_cnn_get_info.str1.1
                0x0804bebc       0x5a Middlewares\ST\AI\AI\src\cnn.o
 *fill*         0x0804bf16        0x2 
 .rodata.batch_normalization_1_chain
                0x0804bf18        0x4 Middlewares\ST\AI\AI\src\cnn.o
 .rodata.batch_normalization_2_chain
                0x0804bf1c        0x4 Middlewares\ST\AI\AI\src\cnn.o
 .rodata.conv2d_1_chain
                0x0804bf20        0x4 Middlewares\ST\AI\AI\src\cnn.o
 .rodata.conv2d_2_chain
                0x0804bf24        0x4 Middlewares\ST\AI\AI\src\cnn.o
 .rodata.dense_1_chain
                0x0804bf28        0x4 Middlewares\ST\AI\AI\src\cnn.o
 .rodata.dense_2_chain
                0x0804bf2c        0x4 Middlewares\ST\AI\AI\src\cnn.o
 .rodata.dense_2_nl_chain
                0x0804bf30        0x4 Middlewares\ST\AI\AI\src\cnn.o
 .rodata.dense_3_chain
                0x0804bf34        0x4 Middlewares\ST\AI\AI\src\cnn.o
 .rodata.dense_3_nl_chain
                0x0804bf38        0x4 Middlewares\ST\AI\AI\src\cnn.o
 .rodata.aiDeInit.str1.1
                0x0804bf3c       0x56 Middlewares\ST\Application\SystemPerformance\Src\aiSystemPerformance.o
 .rodata.aiPrintLayoutBuffer.str1.1
                0x0804bf92       0x99 Middlewares\ST\Application\SystemPerformance\Src\aiSystemPerformance.o
 .rodata.aiSystemPerformanceInit.str1.1
                0x0804c02b      0x4a0 Middlewares\ST\Application\SystemPerformance\Src\aiSystemPerformance.o
                                0x4a3 (size before relaxing)
 .rodata.aiSystemPerformanceProcess.str1.1
                0x0804c4cb      0x3cf Middlewares\ST\Application\SystemPerformance\Src\aiSystemPerformance.o
                                0x3d1 (size before relaxing)
 .rodata.ai_mnetwork_find.str1.1
                0x0804c89a        0x4 Src\app_x-cube-ai.o
 *fill*         0x0804c89a        0x2 
 .rodata.networks
                0x0804c89c       0x48 Src\app_x-cube-ai.o
 .rodata.AHBPrescTable
                0x0804c8e4       0x10 Src\system_stm32f7xx.o
                0x0804c8e4                AHBPrescTable
 .rodata.APBPrescTable
                0x0804c8f4        0x8 Src\system_stm32f7xx.o
                0x0804c8f4                APBPrescTable
 .rodata.__sf_fake_stderr
                0x0804c8fc       0x20 c:/program files (x86)/atollic/truestudio for stm32 9.3.0/armtools/bin/../lib/gcc/arm-atollic-eabi/6.3.1/../../../../arm-atollic-eabi/lib/armv7e-m/fpu/fpv5-sp-d16\libc_nano.a(lib_a-findfp.o)
                0x0804c8fc                __sf_fake_stderr
 .rodata.__sf_fake_stdin
                0x0804c91c       0x20 c:/program files (x86)/atollic/truestudio for stm32 9.3.0/armtools/bin/../lib/gcc/arm-atollic-eabi/6.3.1/../../../../arm-atollic-eabi/lib/armv7e-m/fpu/fpv5-sp-d16\libc_nano.a(lib_a-findfp.o)
                0x0804c91c                __sf_fake_stdin
 .rodata.__sf_fake_stdout
                0x0804c93c       0x20 c:/program files (x86)/atollic/truestudio for stm32 9.3.0/armtools/bin/../lib/gcc/arm-atollic-eabi/6.3.1/../../../../arm-atollic-eabi/lib/armv7e-m/fpu/fpv5-sp-d16\libc_nano.a(lib_a-findfp.o)
                0x0804c93c                __sf_fake_stdout
 .rodata._global_impure_ptr
                0x0804c95c        0x4 c:/program files (x86)/atollic/truestudio for stm32 9.3.0/armtools/bin/../lib/gcc/arm-atollic-eabi/6.3.1/../../../../arm-atollic-eabi/lib/armv7e-m/fpu/fpv5-sp-d16\libc_nano.a(lib_a-impure.o)
                0x0804c95c                _global_impure_ptr
 .rodata._vfprintf_r.str1.1
                0x0804c960       0x11 c:/program files (x86)/atollic/truestudio for stm32 9.3.0/armtools/bin/../lib/gcc/arm-atollic-eabi/6.3.1/../../../../arm-atollic-eabi/lib/armv7e-m/fpu/fpv5-sp-d16\libc_nano.a(lib_a-nano-vfprintf.o)
 .rodata._printf_i.str1.1
                0x0804c971       0x22 c:/program files (x86)/atollic/truestudio for stm32 9.3.0/armtools/bin/../lib/gcc/arm-atollic-eabi/6.3.1/../../../../arm-atollic-eabi/lib/armv7e-m/fpu/fpv5-sp-d16\libc_nano.a(lib_a-nano-vfprintf_i.o)
 .rodata.expf.str1.1
                0x0804c993        0x5 c:/program files (x86)/atollic/truestudio for stm32 9.3.0/armtools/bin/../lib/gcc/arm-atollic-eabi/6.3.1/../../../../arm-atollic-eabi/lib/armv7e-m/fpu/fpv5-sp-d16\libm.a(lib_a-wf_exp.o)
 .rodata.powf.str1.1
                0x0804c998        0x5 c:/program files (x86)/atollic/truestudio for stm32 9.3.0/armtools/bin/../lib/gcc/arm-atollic-eabi/6.3.1/../../../../arm-atollic-eabi/lib/armv7e-m/fpu/fpv5-sp-d16\libm.a(lib_a-wf_pow.o)
 *fill*         0x0804c99d        0x3 
 .rodata.halF   0x0804c9a0        0x8 c:/program files (x86)/atollic/truestudio for stm32 9.3.0/armtools/bin/../lib/gcc/arm-atollic-eabi/6.3.1/../../../../arm-atollic-eabi/lib/armv7e-m/fpu/fpv5-sp-d16\libm.a(lib_a-ef_exp.o)
 .rodata.ln2HI  0x0804c9a8        0x8 c:/program files (x86)/atollic/truestudio for stm32 9.3.0/armtools/bin/../lib/gcc/arm-atollic-eabi/6.3.1/../../../../arm-atollic-eabi/lib/armv7e-m/fpu/fpv5-sp-d16\libm.a(lib_a-ef_exp.o)
 .rodata.ln2LO  0x0804c9b0        0x8 c:/program files (x86)/atollic/truestudio for stm32 9.3.0/armtools/bin/../lib/gcc/arm-atollic-eabi/6.3.1/../../../../arm-atollic-eabi/lib/armv7e-m/fpu/fpv5-sp-d16\libm.a(lib_a-ef_exp.o)
 .rodata.__ieee754_powf.str1.1
                0x0804c9b8        0x5 c:/program files (x86)/atollic/truestudio for stm32 9.3.0/armtools/bin/../lib/gcc/arm-atollic-eabi/6.3.1/../../../../arm-atollic-eabi/lib/armv7e-m/fpu/fpv5-sp-d16\libm.a(lib_a-ef_pow.o)
                                  0x1 (size before relaxing)
 .rodata.bp     0x0804c9b8        0x8 c:/program files (x86)/atollic/truestudio for stm32 9.3.0/armtools/bin/../lib/gcc/arm-atollic-eabi/6.3.1/../../../../arm-atollic-eabi/lib/armv7e-m/fpu/fpv5-sp-d16\libm.a(lib_a-ef_pow.o)
 .rodata.dp_h   0x0804c9c0        0x8 c:/program files (x86)/atollic/truestudio for stm32 9.3.0/armtools/bin/../lib/gcc/arm-atollic-eabi/6.3.1/../../../../arm-atollic-eabi/lib/armv7e-m/fpu/fpv5-sp-d16\libm.a(lib_a-ef_pow.o)
 .rodata.dp_l   0x0804c9c8        0x8 c:/program files (x86)/atollic/truestudio for stm32 9.3.0/armtools/bin/../lib/gcc/arm-atollic-eabi/6.3.1/../../../../arm-atollic-eabi/lib/armv7e-m/fpu/fpv5-sp-d16\libm.a(lib_a-ef_pow.o)
 .rodata.TWO52  0x0804c9d0       0x10 c:/program files (x86)/atollic/truestudio for stm32 9.3.0/armtools/bin/../lib/gcc/arm-atollic-eabi/6.3.1/../../../../arm-atollic-eabi/lib/armv7e-m/fpu/fpv5-sp-d16\libm.a(lib_a-s_rint.o)
                0x0804c9e0                . = ALIGN (0x4)

.ARM.extab
 *(.ARM.extab* .gnu.linkonce.armextab.*)

.ARM            0x0804c9e0        0x8
                0x0804c9e0                __exidx_start = .
 *(.ARM.exidx*)
 .ARM.exidx     0x0804c9e0        0x8 c:/program files (x86)/atollic/truestudio for stm32 9.3.0/armtools/bin/../lib/gcc/arm-atollic-eabi/6.3.1/armv7e-m/fpu/fpv5-sp-d16\libgcc.a(_udivmoddi4.o)
                0x0804c9e8                __exidx_end = .

.rel.dyn        0x0804c9e8        0x0
 .rel.iplt      0x0804c9e8        0x0 c:/program files (x86)/atollic/truestudio for stm32 9.3.0/armtools/bin/../lib/gcc/arm-atollic-eabi/6.3.1/armv7e-m/fpu/fpv5-sp-d16/crtbegin.o

.preinit_array  0x0804c9e8        0x0
                0x0804c9e8                PROVIDE (__preinit_array_start, .)
 *(.preinit_array*)
                0x0804c9e8                PROVIDE (__preinit_array_end, .)

.init_array     0x0804c9e8        0x4
                0x0804c9e8                PROVIDE (__init_array_start, .)
 *(SORT(.init_array.*))
 *(.init_array*)
 .init_array    0x0804c9e8        0x4 c:/program files (x86)/atollic/truestudio for stm32 9.3.0/armtools/bin/../lib/gcc/arm-atollic-eabi/6.3.1/armv7e-m/fpu/fpv5-sp-d16/crtbegin.o
                0x0804c9ec                PROVIDE (__init_array_end, .)

.fini_array     0x0804c9ec        0x4
                [!provide]                PROVIDE (__fini_array_start, .)
 *(SORT(.fini_array.*))
 *(.fini_array*)
 .fini_array    0x0804c9ec        0x4 c:/program files (x86)/atollic/truestudio for stm32 9.3.0/armtools/bin/../lib/gcc/arm-atollic-eabi/6.3.1/armv7e-m/fpu/fpv5-sp-d16/crtbegin.o
                [!provide]                PROVIDE (__fini_array_end, .)
                0x0804c9f0                _sidata = LOADADDR (.data)

.data           0x20000000      0x850 load address 0x0804c9f0
                0x20000000                . = ALIGN (0x4)
                0x20000000                _sdata = .
 *(.data)
 *(.data*)
 .data.uwTickFreq
                0x20000000        0x1 Drivers\STM32F7xx_HAL_Driver\Src\stm32f7xx_hal.o
                0x20000000                uwTickFreq
 *fill*         0x20000001        0x3 
 .data.uwTickPrio
                0x20000004        0x4 Drivers\STM32F7xx_HAL_Driver\Src\stm32f7xx_hal.o
                0x20000004                uwTickPrio
 .data.__compound_literal.0
                0x20000008        0x8 Middlewares\ST\AI\AI\src\cnn.o
 .data.__compound_literal.1
                0x20000010        0x8 Middlewares\ST\AI\AI\src\cnn.o
 .data.__compound_literal.10
                0x20000018        0x8 Middlewares\ST\AI\AI\src\cnn.o
 .data.__compound_literal.11
                0x20000020        0x8 Middlewares\ST\AI\AI\src\cnn.o
 .data.__compound_literal.12
                0x20000028        0xc Middlewares\ST\AI\AI\src\cnn.o
 .data.__compound_literal.14
                0x20000034       0x10 Middlewares\ST\AI\AI\src\cnn.o
 .data.__compound_literal.15
                0x20000044        0x8 Middlewares\ST\AI\AI\src\cnn.o
 .data.__compound_literal.16
                0x2000004c        0x8 Middlewares\ST\AI\AI\src\cnn.o
 .data.__compound_literal.17
                0x20000054        0xc Middlewares\ST\AI\AI\src\cnn.o
 .data.__compound_literal.19
                0x20000060       0x10 Middlewares\ST\AI\AI\src\cnn.o
 .data.__compound_literal.2
                0x20000070        0xc Middlewares\ST\AI\AI\src\cnn.o
 .data.__compound_literal.20
                0x2000007c        0x8 Middlewares\ST\AI\AI\src\cnn.o
 .data.__compound_literal.21
                0x20000084        0x8 Middlewares\ST\AI\AI\src\cnn.o
 .data.__compound_literal.22
                0x2000008c        0xc Middlewares\ST\AI\AI\src\cnn.o
 .data.__compound_literal.24
                0x20000098       0x10 Middlewares\ST\AI\AI\src\cnn.o
 .data.__compound_literal.25
                0x200000a8        0x8 Middlewares\ST\AI\AI\src\cnn.o
 .data.__compound_literal.26
                0x200000b0        0x8 Middlewares\ST\AI\AI\src\cnn.o
 .data.__compound_literal.27
                0x200000b8        0xc Middlewares\ST\AI\AI\src\cnn.o
 .data.__compound_literal.29
                0x200000c4       0x10 Middlewares\ST\AI\AI\src\cnn.o
 .data.__compound_literal.30
                0x200000d4        0x8 Middlewares\ST\AI\AI\src\cnn.o
 .data.__compound_literal.31
                0x200000dc        0x8 Middlewares\ST\AI\AI\src\cnn.o
 .data.__compound_literal.34
                0x200000e4       0x10 Middlewares\ST\AI\AI\src\cnn.o
 .data.__compound_literal.35
                0x200000f4        0x8 Middlewares\ST\AI\AI\src\cnn.o
 .data.__compound_literal.36
                0x200000fc        0x8 Middlewares\ST\AI\AI\src\cnn.o
 .data.__compound_literal.37
                0x20000104        0xc Middlewares\ST\AI\AI\src\cnn.o
 .data.__compound_literal.39
                0x20000110       0x10 Middlewares\ST\AI\AI\src\cnn.o
 .data.__compound_literal.4
                0x20000120       0x10 Middlewares\ST\AI\AI\src\cnn.o
 .data.__compound_literal.40
                0x20000130        0x8 Middlewares\ST\AI\AI\src\cnn.o
 .data.__compound_literal.41
                0x20000138        0x8 Middlewares\ST\AI\AI\src\cnn.o
 .data.__compound_literal.44
                0x20000140       0x10 Middlewares\ST\AI\AI\src\cnn.o
 .data.__compound_literal.5
                0x20000150        0x8 Middlewares\ST\AI\AI\src\cnn.o
 .data.__compound_literal.6
                0x20000158        0x8 Middlewares\ST\AI\AI\src\cnn.o
 .data.__compound_literal.7
                0x20000160        0xc Middlewares\ST\AI\AI\src\cnn.o
 .data.__compound_literal.9
                0x2000016c       0x10 Middlewares\ST\AI\AI\src\cnn.o
 .data.batch_normalization_1_bias
                0x2000017c       0x24 Middlewares\ST\AI\AI\src\cnn.o
 .data.batch_normalization_1_bias_array
                0x200001a0       0x10 Middlewares\ST\AI\AI\src\cnn.o
 .data.batch_normalization_1_layer
                0x200001b0       0x18 Middlewares\ST\AI\AI\src\cnn.o
 .data.batch_normalization_1_output
                0x200001c8       0x24 Middlewares\ST\AI\AI\src\cnn.o
 .data.batch_normalization_1_output_array
                0x200001ec       0x10 Middlewares\ST\AI\AI\src\cnn.o
 .data.batch_normalization_1_scale
                0x200001fc       0x24 Middlewares\ST\AI\AI\src\cnn.o
 .data.batch_normalization_1_scale_array
                0x20000220       0x10 Middlewares\ST\AI\AI\src\cnn.o
 .data.batch_normalization_2_bias
                0x20000230       0x24 Middlewares\ST\AI\AI\src\cnn.o
 .data.batch_normalization_2_bias_array
                0x20000254       0x10 Middlewares\ST\AI\AI\src\cnn.o
 .data.batch_normalization_2_layer
                0x20000264       0x18 Middlewares\ST\AI\AI\src\cnn.o
 .data.batch_normalization_2_output_in
                0x2000027c       0x24 Middlewares\ST\AI\AI\src\cnn.o
 .data.batch_normalization_2_output_in_array
                0x200002a0       0x10 Middlewares\ST\AI\AI\src\cnn.o
 .data.batch_normalization_2_output_out
                0x200002b0       0x24 Middlewares\ST\AI\AI\src\cnn.o
 .data.batch_normalization_2_output_out_array
                0x200002d4       0x10 Middlewares\ST\AI\AI\src\cnn.o
 .data.batch_normalization_2_scale
                0x200002e4       0x24 Middlewares\ST\AI\AI\src\cnn.o
 .data.batch_normalization_2_scale_array
                0x20000308       0x10 Middlewares\ST\AI\AI\src\cnn.o
 .data.conv2d_1_bias
                0x20000318       0x24 Middlewares\ST\AI\AI\src\cnn.o
 .data.conv2d_1_bias_array
                0x2000033c       0x10 Middlewares\ST\AI\AI\src\cnn.o
 .data.conv2d_1_layer
                0x2000034c       0x30 Middlewares\ST\AI\AI\src\cnn.o
 .data.conv2d_1_output
                0x2000037c       0x24 Middlewares\ST\AI\AI\src\cnn.o
 .data.conv2d_1_output_array
                0x200003a0       0x10 Middlewares\ST\AI\AI\src\cnn.o
 .data.conv2d_1_weights
                0x200003b0       0x24 Middlewares\ST\AI\AI\src\cnn.o
 .data.conv2d_1_weights_array
                0x200003d4       0x10 Middlewares\ST\AI\AI\src\cnn.o
 .data.conv2d_2_bias
                0x200003e4       0x24 Middlewares\ST\AI\AI\src\cnn.o
 .data.conv2d_2_bias_array
                0x20000408       0x10 Middlewares\ST\AI\AI\src\cnn.o
 .data.conv2d_2_layer
                0x20000418       0x30 Middlewares\ST\AI\AI\src\cnn.o
 .data.conv2d_2_output
                0x20000448       0x24 Middlewares\ST\AI\AI\src\cnn.o
 .data.conv2d_2_output_array
                0x2000046c       0x10 Middlewares\ST\AI\AI\src\cnn.o
 .data.conv2d_2_weights
                0x2000047c       0x24 Middlewares\ST\AI\AI\src\cnn.o
 .data.conv2d_2_weights_array
                0x200004a0       0x10 Middlewares\ST\AI\AI\src\cnn.o
 .data.dense_1_bias
                0x200004b0       0x24 Middlewares\ST\AI\AI\src\cnn.o
 .data.dense_1_bias_array
                0x200004d4       0x10 Middlewares\ST\AI\AI\src\cnn.o
 .data.dense_1_layer
                0x200004e4       0x18 Middlewares\ST\AI\AI\src\cnn.o
 .data.dense_1_output
                0x200004fc       0x24 Middlewares\ST\AI\AI\src\cnn.o
 .data.dense_1_output_array
                0x20000520       0x10 Middlewares\ST\AI\AI\src\cnn.o
 .data.dense_1_weights
                0x20000530       0x24 Middlewares\ST\AI\AI\src\cnn.o
 .data.dense_1_weights_array
                0x20000554       0x10 Middlewares\ST\AI\AI\src\cnn.o
 .data.dense_2_bias
                0x20000564       0x24 Middlewares\ST\AI\AI\src\cnn.o
 .data.dense_2_bias_array
                0x20000588       0x10 Middlewares\ST\AI\AI\src\cnn.o
 .data.dense_2_layer
                0x20000598       0x18 Middlewares\ST\AI\AI\src\cnn.o
 .data.dense_2_nl_layer
                0x200005b0       0x18 Middlewares\ST\AI\AI\src\cnn.o
 .data.dense_2_nl_output
                0x200005c8       0x24 Middlewares\ST\AI\AI\src\cnn.o
 .data.dense_2_nl_output_array
                0x200005ec       0x10 Middlewares\ST\AI\AI\src\cnn.o
 .data.dense_2_output
                0x200005fc       0x24 Middlewares\ST\AI\AI\src\cnn.o
 .data.dense_2_output_array
                0x20000620       0x10 Middlewares\ST\AI\AI\src\cnn.o
 .data.dense_2_weights
                0x20000630       0x24 Middlewares\ST\AI\AI\src\cnn.o
 .data.dense_2_weights_array
                0x20000654       0x10 Middlewares\ST\AI\AI\src\cnn.o
 .data.dense_3_bias
                0x20000664       0x24 Middlewares\ST\AI\AI\src\cnn.o
 .data.dense_3_bias_array
                0x20000688       0x10 Middlewares\ST\AI\AI\src\cnn.o
 .data.dense_3_layer
                0x20000698       0x18 Middlewares\ST\AI\AI\src\cnn.o
 .data.dense_3_nl_layer
                0x200006b0       0x18 Middlewares\ST\AI\AI\src\cnn.o
 .data.dense_3_nl_output
                0x200006c8       0x24 Middlewares\ST\AI\AI\src\cnn.o
 .data.dense_3_nl_output_array
                0x200006ec       0x10 Middlewares\ST\AI\AI\src\cnn.o
 .data.dense_3_output
                0x200006fc       0x24 Middlewares\ST\AI\AI\src\cnn.o
 .data.dense_3_output_array
                0x20000720       0x10 Middlewares\ST\AI\AI\src\cnn.o
 .data.dense_3_weights
                0x20000730       0x24 Middlewares\ST\AI\AI\src\cnn.o
 .data.dense_3_weights_array
                0x20000754       0x10 Middlewares\ST\AI\AI\src\cnn.o
 .data.g_cnn    0x20000764       0x48 Middlewares\ST\AI\AI\src\cnn.o
 .data.input_0_output
                0x200007ac       0x24 Middlewares\ST\AI\AI\src\cnn.o
 .data.input_0_output_array
                0x200007d0       0x10 Middlewares\ST\AI\AI\src\cnn.o
 .data.profiling_factor
                0x200007e0        0x4 Middlewares\ST\Application\SystemPerformance\Src\aiSystemPerformance.o
 .data.SystemCoreClock
                0x200007e4        0x4 Src\system_stm32f7xx.o
                0x200007e4                SystemCoreClock
 .data._impure_ptr
                0x200007e8        0x4 c:/program files (x86)/atollic/truestudio for stm32 9.3.0/armtools/bin/../lib/gcc/arm-atollic-eabi/6.3.1/../../../../arm-atollic-eabi/lib/armv7e-m/fpu/fpv5-sp-d16\libc_nano.a(lib_a-impure.o)
                0x200007e8                _impure_ptr
 .data.impure_data
                0x200007ec       0x60 c:/program files (x86)/atollic/truestudio for stm32 9.3.0/armtools/bin/../lib/gcc/arm-atollic-eabi/6.3.1/../../../../arm-atollic-eabi/lib/armv7e-m/fpu/fpv5-sp-d16\libc_nano.a(lib_a-impure.o)
 .data.__fdlib_version
                0x2000084c        0x1 c:/program files (x86)/atollic/truestudio for stm32 9.3.0/armtools/bin/../lib/gcc/arm-atollic-eabi/6.3.1/../../../../arm-atollic-eabi/lib/armv7e-m/fpu/fpv5-sp-d16\libm.a(lib_a-s_lib_ver.o)
                0x2000084c                __fdlib_version
                0x20000850                . = ALIGN (0x4)
 *fill*         0x2000084d        0x3 
                0x20000850                _edata = .

.igot.plt       0x20000850        0x0 load address 0x0804d240
 .igot.plt      0x20000850        0x0 c:/program files (x86)/atollic/truestudio for stm32 9.3.0/armtools/bin/../lib/gcc/arm-atollic-eabi/6.3.1/armv7e-m/fpu/fpv5-sp-d16/crtbegin.o
                0x20000850                . = ALIGN (0x4)

.bss            0x20000850     0xa21c load address 0x0804d240
                0x20000850                _sbss = .
                0x20000850                __bss_start__ = _sbss
 *(.bss)
 .bss           0x20000850       0x1c c:/program files (x86)/atollic/truestudio for stm32 9.3.0/armtools/bin/../lib/gcc/arm-atollic-eabi/6.3.1/armv7e-m/fpu/fpv5-sp-d16/crtbegin.o
 *(.bss*)
 .bss.__compound_literal.13
                0x2000086c        0x4 Middlewares\ST\AI\AI\src\cnn.o
 .bss.__compound_literal.18
                0x20000870        0x4 Middlewares\ST\AI\AI\src\cnn.o
 .bss.__compound_literal.23
                0x20000874        0x4 Middlewares\ST\AI\AI\src\cnn.o
 .bss.__compound_literal.28
                0x20000878        0x4 Middlewares\ST\AI\AI\src\cnn.o
 .bss.__compound_literal.3
                0x2000087c        0x4 Middlewares\ST\AI\AI\src\cnn.o
 .bss.__compound_literal.32
                0x20000880        0x4 Middlewares\ST\AI\AI\src\cnn.o
 .bss.__compound_literal.33
                0x20000884        0x4 Middlewares\ST\AI\AI\src\cnn.o
 .bss.__compound_literal.38
                0x20000888        0x4 Middlewares\ST\AI\AI\src\cnn.o
 .bss.__compound_literal.42
                0x2000088c        0x4 Middlewares\ST\AI\AI\src\cnn.o
 .bss.__compound_literal.43
                0x20000890        0x4 Middlewares\ST\AI\AI\src\cnn.o
 .bss.__compound_literal.8
                0x20000894        0x4 Middlewares\ST\AI\AI\src\cnn.o
 .bss.activations
                0x20000898     0x9884 Middlewares\ST\Application\SystemPerformance\Src\aiSystemPerformance.o
 .bss.ia_malloc
                0x2000a11c       0x14 Middlewares\ST\Application\SystemPerformance\Src\aiSystemPerformance.o
 .bss.in_data   0x2000a130      0x7a8 Middlewares\ST\Application\SystemPerformance\Src\aiSystemPerformance.o
 .bss.net_ctx   0x2000a8d8       0x80 Middlewares\ST\Application\SystemPerformance\Src\aiSystemPerformance.o
                0x2000a8d8                net_ctx
 .bss.out_data  0x2000a958       0x30 Middlewares\ST\Application\SystemPerformance\Src\aiSystemPerformance.o
 .bss.profiling_mode
                0x2000a988        0x1 Middlewares\ST\Application\SystemPerformance\Src\aiSystemPerformance.o
 *fill*         0x2000a989        0x3 
 .bss.gnetworks
                0x2000a98c       0x28 Src\app_x-cube-ai.o
 .bss.heap_end.7010
                0x2000a9b4        0x4 Src\syscalls.o
 .bss.__malloc_free_list
                0x2000a9b8        0x4 c:/program files (x86)/atollic/truestudio for stm32 9.3.0/armtools/bin/../lib/gcc/arm-atollic-eabi/6.3.1/../../../../arm-atollic-eabi/lib/armv7e-m/fpu/fpv5-sp-d16\libc_nano.a(lib_a-nano-mallocr.o)
                0x2000a9b8                __malloc_free_list
 .bss.__malloc_sbrk_start
                0x2000a9bc        0x4 c:/program files (x86)/atollic/truestudio for stm32 9.3.0/armtools/bin/../lib/gcc/arm-atollic-eabi/6.3.1/../../../../arm-atollic-eabi/lib/armv7e-m/fpu/fpv5-sp-d16\libc_nano.a(lib_a-nano-mallocr.o)
                0x2000a9bc                __malloc_sbrk_start
 *(COMMON)
 COMMON         0x2000a9c0        0x4 Drivers\STM32F7xx_HAL_Driver\Src\stm32f7xx_hal.o
                0x2000a9c0                uwTick
 COMMON         0x2000a9c4       0xa4 Src\main.o
                0x2000a9c4                hcrc
                0x2000a9e8                huart2
 COMMON         0x2000aa68        0x4 c:/program files (x86)/atollic/truestudio for stm32 9.3.0/armtools/bin/../lib/gcc/arm-atollic-eabi/6.3.1/../../../../arm-atollic-eabi/lib/armv7e-m/fpu/fpv5-sp-d16\libc_nano.a(lib_a-reent.o)
                0x2000aa68                errno
                0x2000aa6c                . = ALIGN (0x4)
                0x2000aa6c                _ebss = .
                0x2000aa6c                __bss_end__ = _ebss

._user_heap_stack
                0x2000aa6c     0x6000 load address 0x0804d240
                0x2000aa6c                . = ALIGN (0x4)
                0x2000aa6c                PROVIDE (end, .)
                [!provide]                PROVIDE (_end, .)
                0x2000ca6c                . = (. + _Min_Heap_Size)
 *fill*         0x2000aa6c     0x2000 
                0x20010a6c                . = (. + _Min_Stack_Size)
 *fill*         0x2000ca6c     0x4000 
                0x20010a6c                . = ALIGN (0x4)

/DISCARD/
 libc.a(*)
 libm.a(*)
 libgcc.a(*)

.ARM.attributes
                0x00000000       0x34
 *(.ARM.attributes)
 .ARM.attributes
                0x00000000       0x22 c:/program files (x86)/atollic/truestudio for stm32 9.3.0/armtools/bin/../lib/gcc/arm-atollic-eabi/6.3.1/armv7e-m/fpu/fpv5-sp-d16/crti.o
 .ARM.attributes
                0x00000022       0x34 c:/program files (x86)/atollic/truestudio for stm32 9.3.0/armtools/bin/../lib/gcc/arm-atollic-eabi/6.3.1/armv7e-m/fpu/fpv5-sp-d16/crtbegin.o
 .ARM.attributes
                0x00000056       0x39 Drivers\CMSIS\DSP\Source\BasicMathFunctions\arm_dot_prod_f32.o
 .ARM.attributes
                0x0000008f       0x39 Drivers\STM32F7xx_HAL_Driver\Src\stm32f7xx_hal.o
 .ARM.attributes
                0x000000c8       0x39 Drivers\STM32F7xx_HAL_Driver\Src\stm32f7xx_hal_cortex.o
 .ARM.attributes
                0x00000101       0x39 Drivers\STM32F7xx_HAL_Driver\Src\stm32f7xx_hal_crc.o
 .ARM.attributes
                0x0000013a       0x39 Drivers\STM32F7xx_HAL_Driver\Src\stm32f7xx_hal_crc_ex.o
 .ARM.attributes
                0x00000173       0x39 Drivers\STM32F7xx_HAL_Driver\Src\stm32f7xx_hal_gpio.o
 .ARM.attributes
                0x000001ac       0x39 Drivers\STM32F7xx_HAL_Driver\Src\stm32f7xx_hal_pwr_ex.o
 .ARM.attributes
                0x000001e5       0x39 Drivers\STM32F7xx_HAL_Driver\Src\stm32f7xx_hal_rcc.o
 .ARM.attributes
                0x0000021e       0x39 Drivers\STM32F7xx_HAL_Driver\Src\stm32f7xx_hal_rcc_ex.o
 .ARM.attributes
                0x00000257       0x39 Drivers\STM32F7xx_HAL_Driver\Src\stm32f7xx_hal_uart.o
 .ARM.attributes
                0x00000290       0x39 Middlewares\ST\AI\AI\data\cnn_data.o
 .ARM.attributes
                0x000002c9       0x39 Middlewares\ST\AI\AI\src\cnn.o
 .ARM.attributes
                0x00000302       0x39 Middlewares\ST\Application\SystemPerformance\Src\aiSystemPerformance.o
 .ARM.attributes
                0x0000033b       0x39 Src\app_x-cube-ai.o
 .ARM.attributes
                0x00000374       0x39 Src\main.o
 .ARM.attributes
                0x000003ad       0x39 Src\stm32f7xx_hal_msp.o
 .ARM.attributes
                0x000003e6       0x39 Src\stm32f7xx_it.o
 .ARM.attributes
                0x0000041f       0x39 Src\syscalls.o
 .ARM.attributes
                0x00000458       0x39 Src\system_stm32f7xx.o
 .ARM.attributes
                0x00000491       0x21 startup\startup_stm32f722xx.o
 .ARM.attributes
                0x000004b2       0x56 ../Middlewares/ST/AI/AI/lib\network_runtime.a(ai_platform_interface.o)
 .ARM.attributes
                0x00000508       0x58 ../Middlewares/ST/AI/AI/lib\network_runtime.a(core_common.o)
 .ARM.attributes
                0x00000560       0x56 ../Middlewares/ST/AI/AI/lib\network_runtime.a(layers.o)
 .ARM.attributes
                0x000005b6       0x56 ../Middlewares/ST/AI/AI/lib\network_runtime.a(layers_conv2d_generic_float.o)
 .ARM.attributes
                0x0000060c       0x58 ../Middlewares/ST/AI/AI/lib\network_runtime.a(layers_nl_generic_float.o)
 .ARM.attributes
                0x00000664       0x56 ../Middlewares/ST/AI/AI/lib\network_runtime.a(layers_norm_generic_float.o)
 .ARM.attributes
                0x000006ba       0x58 ../Middlewares/ST/AI/AI/lib\network_runtime.a(ai_math_helpers.o)
 .ARM.attributes
                0x00000712       0x34 c:/program files (x86)/atollic/truestudio for stm32 9.3.0/armtools/bin/../lib/gcc/arm-atollic-eabi/6.3.1/../../../../arm-atollic-eabi/lib/armv7e-m/fpu/fpv5-sp-d16\libc_nano.a(lib_a-aeabi_memclr.o)
 .ARM.attributes
                0x00000746       0x34 c:/program files (x86)/atollic/truestudio for stm32 9.3.0/armtools/bin/../lib/gcc/arm-atollic-eabi/6.3.1/../../../../arm-atollic-eabi/lib/armv7e-m/fpu/fpv5-sp-d16\libc_nano.a(lib_a-aeabi_memcpy.o)
 .ARM.attributes
                0x0000077a       0x20 c:/program files (x86)/atollic/truestudio for stm32 9.3.0/armtools/bin/../lib/gcc/arm-atollic-eabi/6.3.1/../../../../arm-atollic-eabi/lib/armv7e-m/fpu/fpv5-sp-d16\libc_nano.a(lib_a-aeabi_memset-soft.o)
 .ARM.attributes
                0x0000079a       0x34 c:/program files (x86)/atollic/truestudio for stm32 9.3.0/armtools/bin/../lib/gcc/arm-atollic-eabi/6.3.1/../../../../arm-atollic-eabi/lib/armv7e-m/fpu/fpv5-sp-d16\libc_nano.a(lib_a-errno.o)
 .ARM.attributes
                0x000007ce       0x34 c:/program files (x86)/atollic/truestudio for stm32 9.3.0/armtools/bin/../lib/gcc/arm-atollic-eabi/6.3.1/../../../../arm-atollic-eabi/lib/armv7e-m/fpu/fpv5-sp-d16\libc_nano.a(lib_a-fflush.o)
 .ARM.attributes
                0x00000802       0x34 c:/program files (x86)/atollic/truestudio for stm32 9.3.0/armtools/bin/../lib/gcc/arm-atollic-eabi/6.3.1/../../../../arm-atollic-eabi/lib/armv7e-m/fpu/fpv5-sp-d16\libc_nano.a(lib_a-findfp.o)
 .ARM.attributes
                0x00000836       0x34 c:/program files (x86)/atollic/truestudio for stm32 9.3.0/armtools/bin/../lib/gcc/arm-atollic-eabi/6.3.1/../../../../arm-atollic-eabi/lib/armv7e-m/fpu/fpv5-sp-d16\libc_nano.a(lib_a-fwalk.o)
 .ARM.attributes
                0x0000086a       0x34 c:/program files (x86)/atollic/truestudio for stm32 9.3.0/armtools/bin/../lib/gcc/arm-atollic-eabi/6.3.1/../../../../arm-atollic-eabi/lib/armv7e-m/fpu/fpv5-sp-d16\libc_nano.a(lib_a-impure.o)
 .ARM.attributes
                0x0000089e       0x34 c:/program files (x86)/atollic/truestudio for stm32 9.3.0/armtools/bin/../lib/gcc/arm-atollic-eabi/6.3.1/../../../../arm-atollic-eabi/lib/armv7e-m/fpu/fpv5-sp-d16\libc_nano.a(lib_a-init.o)
 .ARM.attributes
                0x000008d2       0x34 c:/program files (x86)/atollic/truestudio for stm32 9.3.0/armtools/bin/../lib/gcc/arm-atollic-eabi/6.3.1/../../../../arm-atollic-eabi/lib/armv7e-m/fpu/fpv5-sp-d16\libc_nano.a(lib_a-memcmp.o)
 .ARM.attributes
                0x00000906       0x34 c:/program files (x86)/atollic/truestudio for stm32 9.3.0/armtools/bin/../lib/gcc/arm-atollic-eabi/6.3.1/../../../../arm-atollic-eabi/lib/armv7e-m/fpu/fpv5-sp-d16\libc_nano.a(lib_a-memcpy-stub.o)
 .ARM.attributes
                0x0000093a       0x34 c:/program files (x86)/atollic/truestudio for stm32 9.3.0/armtools/bin/../lib/gcc/arm-atollic-eabi/6.3.1/../../../../arm-atollic-eabi/lib/armv7e-m/fpu/fpv5-sp-d16\libc_nano.a(lib_a-memset.o)
 .ARM.attributes
                0x0000096e       0x34 c:/program files (x86)/atollic/truestudio for stm32 9.3.0/armtools/bin/../lib/gcc/arm-atollic-eabi/6.3.1/../../../../arm-atollic-eabi/lib/armv7e-m/fpu/fpv5-sp-d16\libc_nano.a(lib_a-nano-freer.o)
 .ARM.attributes
                0x000009a2       0x34 c:/program files (x86)/atollic/truestudio for stm32 9.3.0/armtools/bin/../lib/gcc/arm-atollic-eabi/6.3.1/../../../../arm-atollic-eabi/lib/armv7e-m/fpu/fpv5-sp-d16\libc_nano.a(lib_a-nano-mallocr.o)
 .ARM.attributes
                0x000009d6       0x34 c:/program files (x86)/atollic/truestudio for stm32 9.3.0/armtools/bin/../lib/gcc/arm-atollic-eabi/6.3.1/../../../../arm-atollic-eabi/lib/armv7e-m/fpu/fpv5-sp-d16\libc_nano.a(lib_a-printf.o)
 .ARM.attributes
                0x00000a0a       0x34 c:/program files (x86)/atollic/truestudio for stm32 9.3.0/armtools/bin/../lib/gcc/arm-atollic-eabi/6.3.1/../../../../arm-atollic-eabi/lib/armv7e-m/fpu/fpv5-sp-d16\libc_nano.a(lib_a-putchar.o)
 .ARM.attributes
                0x00000a3e       0x34 c:/program files (x86)/atollic/truestudio for stm32 9.3.0/armtools/bin/../lib/gcc/arm-atollic-eabi/6.3.1/../../../../arm-atollic-eabi/lib/armv7e-m/fpu/fpv5-sp-d16\libc_nano.a(lib_a-puts.o)
 .ARM.attributes
                0x00000a72       0x34 c:/program files (x86)/atollic/truestudio for stm32 9.3.0/armtools/bin/../lib/gcc/arm-atollic-eabi/6.3.1/../../../../arm-atollic-eabi/lib/armv7e-m/fpu/fpv5-sp-d16\libc_nano.a(lib_a-rand.o)
 .ARM.attributes
                0x00000aa6       0x34 c:/program files (x86)/atollic/truestudio for stm32 9.3.0/armtools/bin/../lib/gcc/arm-atollic-eabi/6.3.1/../../../../arm-atollic-eabi/lib/armv7e-m/fpu/fpv5-sp-d16\libc_nano.a(lib_a-sbrkr.o)
 .ARM.attributes
                0x00000ada       0x34 c:/program files (x86)/atollic/truestudio for stm32 9.3.0/armtools/bin/../lib/gcc/arm-atollic-eabi/6.3.1/../../../../arm-atollic-eabi/lib/armv7e-m/fpu/fpv5-sp-d16\libc_nano.a(lib_a-stdio.o)
 .ARM.attributes
                0x00000b0e       0x1b c:/program files (x86)/atollic/truestudio for stm32 9.3.0/armtools/bin/../lib/gcc/arm-atollic-eabi/6.3.1/../../../../arm-atollic-eabi/lib/armv7e-m/fpu/fpv5-sp-d16\libc_nano.a(lib_a-strlen.o)
 .ARM.attributes
                0x00000b29       0x34 c:/program files (x86)/atollic/truestudio for stm32 9.3.0/armtools/bin/../lib/gcc/arm-atollic-eabi/6.3.1/../../../../arm-atollic-eabi/lib/armv7e-m/fpu/fpv5-sp-d16\libc_nano.a(lib_a-strncmp.o)
 .ARM.attributes
                0x00000b5d       0x34 c:/program files (x86)/atollic/truestudio for stm32 9.3.0/armtools/bin/../lib/gcc/arm-atollic-eabi/6.3.1/../../../../arm-atollic-eabi/lib/armv7e-m/fpu/fpv5-sp-d16\libc_nano.a(lib_a-wbuf.o)
 .ARM.attributes
                0x00000b91       0x34 c:/program files (x86)/atollic/truestudio for stm32 9.3.0/armtools/bin/../lib/gcc/arm-atollic-eabi/6.3.1/../../../../arm-atollic-eabi/lib/armv7e-m/fpu/fpv5-sp-d16\libc_nano.a(lib_a-writer.o)
 .ARM.attributes
                0x00000bc5       0x34 c:/program files (x86)/atollic/truestudio for stm32 9.3.0/armtools/bin/../lib/gcc/arm-atollic-eabi/6.3.1/../../../../arm-atollic-eabi/lib/armv7e-m/fpu/fpv5-sp-d16\libc_nano.a(lib_a-wsetup.o)
 .ARM.attributes
                0x00000bf9       0x34 c:/program files (x86)/atollic/truestudio for stm32 9.3.0/armtools/bin/../lib/gcc/arm-atollic-eabi/6.3.1/../../../../arm-atollic-eabi/lib/armv7e-m/fpu/fpv5-sp-d16\libc_nano.a(lib_a-closer.o)
 .ARM.attributes
                0x00000c2d       0x34 c:/program files (x86)/atollic/truestudio for stm32 9.3.0/armtools/bin/../lib/gcc/arm-atollic-eabi/6.3.1/../../../../arm-atollic-eabi/lib/armv7e-m/fpu/fpv5-sp-d16\libc_nano.a(lib_a-lseekr.o)
 .ARM.attributes
                0x00000c61       0x34 c:/program files (x86)/atollic/truestudio for stm32 9.3.0/armtools/bin/../lib/gcc/arm-atollic-eabi/6.3.1/../../../../arm-atollic-eabi/lib/armv7e-m/fpu/fpv5-sp-d16\libc_nano.a(lib_a-makebuf.o)
 .ARM.attributes
                0x00000c95       0x34 c:/program files (x86)/atollic/truestudio for stm32 9.3.0/armtools/bin/../lib/gcc/arm-atollic-eabi/6.3.1/../../../../arm-atollic-eabi/lib/armv7e-m/fpu/fpv5-sp-d16\libc_nano.a(lib_a-malloc.o)
 .ARM.attributes
                0x00000cc9       0x34 c:/program files (x86)/atollic/truestudio for stm32 9.3.0/armtools/bin/../lib/gcc/arm-atollic-eabi/6.3.1/../../../../arm-atollic-eabi/lib/armv7e-m/fpu/fpv5-sp-d16\libc_nano.a(lib_a-mlock.o)
 .ARM.attributes
                0x00000cfd       0x34 c:/program files (x86)/atollic/truestudio for stm32 9.3.0/armtools/bin/../lib/gcc/arm-atollic-eabi/6.3.1/../../../../arm-atollic-eabi/lib/armv7e-m/fpu/fpv5-sp-d16\libc_nano.a(lib_a-nano-vfprintf.o)
 .ARM.attributes
                0x00000d31       0x34 c:/program files (x86)/atollic/truestudio for stm32 9.3.0/armtools/bin/../lib/gcc/arm-atollic-eabi/6.3.1/../../../../arm-atollic-eabi/lib/armv7e-m/fpu/fpv5-sp-d16\libc_nano.a(lib_a-nano-vfprintf_i.o)
 .ARM.attributes
                0x00000d65       0x34 c:/program files (x86)/atollic/truestudio for stm32 9.3.0/armtools/bin/../lib/gcc/arm-atollic-eabi/6.3.1/../../../../arm-atollic-eabi/lib/armv7e-m/fpu/fpv5-sp-d16\libc_nano.a(lib_a-putc.o)
 .ARM.attributes
                0x00000d99       0x34 c:/program files (x86)/atollic/truestudio for stm32 9.3.0/armtools/bin/../lib/gcc/arm-atollic-eabi/6.3.1/../../../../arm-atollic-eabi/lib/armv7e-m/fpu/fpv5-sp-d16\libc_nano.a(lib_a-readr.o)
 .ARM.attributes
                0x00000dcd       0x34 c:/program files (x86)/atollic/truestudio for stm32 9.3.0/armtools/bin/../lib/gcc/arm-atollic-eabi/6.3.1/../../../../arm-atollic-eabi/lib/armv7e-m/fpu/fpv5-sp-d16\libc_nano.a(lib_a-reent.o)
 .ARM.attributes
                0x00000e01       0x34 c:/program files (x86)/atollic/truestudio for stm32 9.3.0/armtools/bin/../lib/gcc/arm-atollic-eabi/6.3.1/../../../../arm-atollic-eabi/lib/armv7e-m/fpu/fpv5-sp-d16\libc_nano.a(lib_a-fstatr.o)
 .ARM.attributes
                0x00000e35       0x34 c:/program files (x86)/atollic/truestudio for stm32 9.3.0/armtools/bin/../lib/gcc/arm-atollic-eabi/6.3.1/../../../../arm-atollic-eabi/lib/armv7e-m/fpu/fpv5-sp-d16\libc_nano.a(lib_a-isattyr.o)
 .ARM.attributes
                0x00000e69       0x20 c:/program files (x86)/atollic/truestudio for stm32 9.3.0/armtools/bin/../lib/gcc/arm-atollic-eabi/6.3.1/../../../../arm-atollic-eabi/lib/armv7e-m/fpu/fpv5-sp-d16\libc_nano.a(lib_a-memchr.o)
 .ARM.attributes
                0x00000e89       0x34 c:/program files (x86)/atollic/truestudio for stm32 9.3.0/armtools/bin/../lib/gcc/arm-atollic-eabi/6.3.1/../../../../arm-atollic-eabi/lib/armv7e-m/fpu/fpv5-sp-d16\libm.a(lib_a-sf_tanh.o)
 .ARM.attributes
                0x00000ebd       0x34 c:/program files (x86)/atollic/truestudio for stm32 9.3.0/armtools/bin/../lib/gcc/arm-atollic-eabi/6.3.1/../../../../arm-atollic-eabi/lib/armv7e-m/fpu/fpv5-sp-d16\libm.a(lib_a-wf_exp.o)
 .ARM.attributes
                0x00000ef1       0x34 c:/program files (x86)/atollic/truestudio for stm32 9.3.0/armtools/bin/../lib/gcc/arm-atollic-eabi/6.3.1/../../../../arm-atollic-eabi/lib/armv7e-m/fpu/fpv5-sp-d16\libm.a(lib_a-wf_pow.o)
 .ARM.attributes
                0x00000f25       0x34 c:/program files (x86)/atollic/truestudio for stm32 9.3.0/armtools/bin/../lib/gcc/arm-atollic-eabi/6.3.1/../../../../arm-atollic-eabi/lib/armv7e-m/fpu/fpv5-sp-d16\libm.a(lib_a-ef_exp.o)
 .ARM.attributes
                0x00000f59       0x34 c:/program files (x86)/atollic/truestudio for stm32 9.3.0/armtools/bin/../lib/gcc/arm-atollic-eabi/6.3.1/../../../../arm-atollic-eabi/lib/armv7e-m/fpu/fpv5-sp-d16\libm.a(lib_a-ef_pow.o)
 .ARM.attributes
                0x00000f8d       0x34 c:/program files (x86)/atollic/truestudio for stm32 9.3.0/armtools/bin/../lib/gcc/arm-atollic-eabi/6.3.1/../../../../arm-atollic-eabi/lib/armv7e-m/fpu/fpv5-sp-d16\libm.a(lib_a-ef_sqrt.o)
 .ARM.attributes
                0x00000fc1       0x34 c:/program files (x86)/atollic/truestudio for stm32 9.3.0/armtools/bin/../lib/gcc/arm-atollic-eabi/6.3.1/../../../../arm-atollic-eabi/lib/armv7e-m/fpu/fpv5-sp-d16\libm.a(lib_a-s_lib_ver.o)
 .ARM.attributes
                0x00000ff5       0x34 c:/program files (x86)/atollic/truestudio for stm32 9.3.0/armtools/bin/../lib/gcc/arm-atollic-eabi/6.3.1/../../../../arm-atollic-eabi/lib/armv7e-m/fpu/fpv5-sp-d16\libm.a(lib_a-s_matherr.o)
 .ARM.attributes
                0x00001029       0x34 c:/program files (x86)/atollic/truestudio for stm32 9.3.0/armtools/bin/../lib/gcc/arm-atollic-eabi/6.3.1/../../../../arm-atollic-eabi/lib/armv7e-m/fpu/fpv5-sp-d16\libm.a(lib_a-s_rint.o)
 .ARM.attributes
                0x0000105d       0x34 c:/program files (x86)/atollic/truestudio for stm32 9.3.0/armtools/bin/../lib/gcc/arm-atollic-eabi/6.3.1/../../../../arm-atollic-eabi/lib/armv7e-m/fpu/fpv5-sp-d16\libm.a(lib_a-sf_expm1.o)
 .ARM.attributes
                0x00001091       0x34 c:/program files (x86)/atollic/truestudio for stm32 9.3.0/armtools/bin/../lib/gcc/arm-atollic-eabi/6.3.1/../../../../arm-atollic-eabi/lib/armv7e-m/fpu/fpv5-sp-d16\libm.a(lib_a-sf_fabs.o)
 .ARM.attributes
                0x000010c5       0x34 c:/program files (x86)/atollic/truestudio for stm32 9.3.0/armtools/bin/../lib/gcc/arm-atollic-eabi/6.3.1/../../../../arm-atollic-eabi/lib/armv7e-m/fpu/fpv5-sp-d16\libm.a(lib_a-sf_finite.o)
 .ARM.attributes
                0x000010f9       0x34 c:/program files (x86)/atollic/truestudio for stm32 9.3.0/armtools/bin/../lib/gcc/arm-atollic-eabi/6.3.1/../../../../arm-atollic-eabi/lib/armv7e-m/fpu/fpv5-sp-d16\libm.a(lib_a-sf_nan.o)
 .ARM.attributes
                0x0000112d       0x34 c:/program files (x86)/atollic/truestudio for stm32 9.3.0/armtools/bin/../lib/gcc/arm-atollic-eabi/6.3.1/../../../../arm-atollic-eabi/lib/armv7e-m/fpu/fpv5-sp-d16\libm.a(lib_a-sf_scalbn.o)
 .ARM.attributes
                0x00001161       0x34 c:/program files (x86)/atollic/truestudio for stm32 9.3.0/armtools/bin/../lib/gcc/arm-atollic-eabi/6.3.1/../../../../arm-atollic-eabi/lib/armv7e-m/fpu/fpv5-sp-d16\libm.a(lib_a-sf_copysign.o)
 .ARM.attributes
                0x00001195       0x22 c:/program files (x86)/atollic/truestudio for stm32 9.3.0/armtools/bin/../lib/gcc/arm-atollic-eabi/6.3.1/armv7e-m/fpu/fpv5-sp-d16\libgcc.a(_arm_addsubdf3.o)
 .ARM.attributes
                0x000011b7       0x22 c:/program files (x86)/atollic/truestudio for stm32 9.3.0/armtools/bin/../lib/gcc/arm-atollic-eabi/6.3.1/armv7e-m/fpu/fpv5-sp-d16\libgcc.a(_arm_muldivdf3.o)
 .ARM.attributes
                0x000011d9       0x22 c:/program files (x86)/atollic/truestudio for stm32 9.3.0/armtools/bin/../lib/gcc/arm-atollic-eabi/6.3.1/armv7e-m/fpu/fpv5-sp-d16\libgcc.a(_arm_cmpdf2.o)
 .ARM.attributes
                0x000011fb       0x22 c:/program files (x86)/atollic/truestudio for stm32 9.3.0/armtools/bin/../lib/gcc/arm-atollic-eabi/6.3.1/armv7e-m/fpu/fpv5-sp-d16\libgcc.a(_arm_truncdfsf2.o)
 .ARM.attributes
                0x0000121d       0x22 c:/program files (x86)/atollic/truestudio for stm32 9.3.0/armtools/bin/../lib/gcc/arm-atollic-eabi/6.3.1/armv7e-m/fpu/fpv5-sp-d16\libgcc.a(_aeabi_uldivmod.o)
 .ARM.attributes
                0x0000123f       0x34 c:/program files (x86)/atollic/truestudio for stm32 9.3.0/armtools/bin/../lib/gcc/arm-atollic-eabi/6.3.1/armv7e-m/fpu/fpv5-sp-d16\libgcc.a(_udivmoddi4.o)
 .ARM.attributes
                0x00001273       0x22 c:/program files (x86)/atollic/truestudio for stm32 9.3.0/armtools/bin/../lib/gcc/arm-atollic-eabi/6.3.1/armv7e-m/fpu/fpv5-sp-d16\libgcc.a(_dvmd_tls.o)
 .ARM.attributes
                0x00001295       0x22 c:/program files (x86)/atollic/truestudio for stm32 9.3.0/armtools/bin/../lib/gcc/arm-atollic-eabi/6.3.1/armv7e-m/fpu/fpv5-sp-d16/crtn.o
OUTPUT(F722_CNN_Sys_Performance.elf elf32-littlearm)

.debug_info     0x00000000    0x11555
 .debug_info    0x00000000      0x962 Drivers\CMSIS\DSP\Source\BasicMathFunctions\arm_dot_prod_f32.o
 .debug_info    0x00000962      0xac7 Drivers\STM32F7xx_HAL_Driver\Src\stm32f7xx_hal.o
 .debug_info    0x00001429     0x1164 Drivers\STM32F7xx_HAL_Driver\Src\stm32f7xx_hal_cortex.o
 .debug_info    0x0000258d      0x680 Drivers\STM32F7xx_HAL_Driver\Src\stm32f7xx_hal_crc.o
 .debug_info    0x00002c0d      0x429 Drivers\STM32F7xx_HAL_Driver\Src\stm32f7xx_hal_crc_ex.o