app_x-cube-ai.c:120:26:ai_mnetwork_handle	0	static
app_x-cube-ai.c:110:9:ai_mnetwork_is_valid.isra.0	16	static
app_x-cube-ai.c:62:6:MX_X_CUBE_AI_Init	8	static
app_x-cube-ai.c:70:6:MX_X_CUBE_AI_Process	8	static
app_x-cube-ai.c:143:13:ai_mnetwork_find	8	static
app_x-cube-ai.c:160:10:ai_mnetwork_create	24	static
app_x-cube-ai.c:202:11:ai_mnetwork_destroy	16	static
app_x-cube-ai.c:217:9:ai_mnetwork_get_info	8	static
app_x-cube-ai.c:228:10:ai_mnetwork_get_error	8	static
app_x-cube-ai.c:243:9:ai_mnetwork_init	56	static
app_x-cube-ai.c:268:8:ai_mnetwork_run	16	static
app_x-cube-ai.c:280:8:ai_mnetwork_forward	8	static
app_x-cube-ai.c:291:6:ai_mnetwork_get_private_handle	16	static
