aiPbMgr.c:366:13:init_aibuffer_msg	0	static
aiPbMgr.c:160:13:aiPbBuffer_read_cb	32	static
aiPbMgr.c:190:13:aiPbBuffer_write_cb	40	static
aiPbMgr.c:379:13:nn_shape_w_cb.constprop	48	static
aiPbMgr.c:396:13:nn_inputs_w_cb	0	static
aiPbMgr.c:407:13:nn_outputs_w_cb	0	static
aiPbMgr.c:37:6:aiPbMgrInit	64	static
aiPbMgr.c:87:6:aiPbMgrSendResp	8	static
aiPbMgr.c:56:5:aiPbMgrWaitAndProcess	16	static
aiPbMgr.c:96:6:aiPbMgrSendAck	8	static
aiPbMgr.c:104:6:aiPbMgrWaitAck	16	static
aiPbMgr.c:113:6:aiPbMgrSendLog	32	static
aiPbMgr.c:142:10:aiPbAiBufferSize	0	static
aiPbMgr.c:228:6:aiPbMgrReceiveAiBuffer	72	static
aiPbMgr.c:289:6:aiPbMgrSendAiBuffer	32	static
aiPbMgr.c:337:6:aiPbCmdSync	0	static
aiPbMgr.c:354:6:aiPbCmdSysInfo	16	static
aiPbMgr.c:418:6:aiPbStrCopy	40	static
aiPbMgr.c:435:10:aiPbVersionToUint32	0	static
aiPbMgr.c:444:6:aiPbMgrSendNNInfo	24	static
