aiTestUtility.c:557:13:write_packet	8	static
aiTestUtility.c:574:13:write_callback	24	static
aiTestUtility.c:603:13:read_packet	8	static
aiTestUtility.c:621:13:read_callback	32	static
aiTestUtility.c:75:6:crcIpInit	16	static
aiTestUtility.c:89:6:dwtIpInit	0	static
aiTestUtility.c:101:6:dwtReset	0	static
aiTestUtility.c:106:10:dwtGetCycles	0	static
aiTestUtility.c:111:10:systemCoreClock	0	static
aiTestUtility.c:120:5:dwtCyclesToTime	48	static
aiTestUtility.c:138:7:dwtCyclesToFloatMs	24	static
aiTestUtility.c:179:10:getFlashCacheConf	0	static
aiTestUtility.c:184:6:logDeviceConf	24	static
aiTestUtility.c:271:10:disableInts	0	static
aiTestUtility.c:281:6:restoreInts	0	static
aiTestUtility.c:294:6:ioDisableWrite	0	static
aiTestUtility.c:321:5:_write	8	static
aiTestUtility.c:405:7:__wrap_malloc	8	static
aiTestUtility.c:424:6:__wrap_free	0	static
aiTestUtility.c:445:6:aiLogErr	4	static
aiTestUtility.c:470:8:aiBufferSize	0	static
aiTestUtility.c:475:22:aiPrintLayoutBuffer	40	static
aiTestUtility.c:484:6:aiPrintNetworkInfo	16	static
aiTestUtility.c:516:6:aiTestHeader	16	static
aiTestUtility.c:567:6:ioFlushWrite	8	static
aiTestUtility.c:615:6:ioFlushRead	0	static
aiTestUtility.c:693:14:pb_ostream_to_uart	16	static
aiTestUtility.c:699:14:pb_istream_from_uart	16	static
