app_x-cube-ai.c:119:26:ai_mnetwork_handle	0	static
app_x-cube-ai.c:109:9:ai_mnetwork_is_valid.isra.0	16	static
app_x-cube-ai.c:62:6:MX_X_CUBE_AI_Init	8	static
app_x-cube-ai.c:70:6:MX_X_CUBE_AI_Process	0	static
app_x-cube-ai.c:142:13:ai_mnetwork_find	8	static
app_x-cube-ai.c:159:10:ai_mnetwork_create	24	static
app_x-cube-ai.c:201:11:ai_mnetwork_destroy	16	static
app_x-cube-ai.c:216:9:ai_mnetwork_get_info	8	static
app_x-cube-ai.c:227:10:ai_mnetwork_get_error	8	static
app_x-cube-ai.c:242:9:ai_mnetwork_init	56	static
app_x-cube-ai.c:267:8:ai_mnetwork_run	16	static
app_x-cube-ai.c:279:8:ai_mnetwork_forward	8	static
app_x-cube-ai.c:290:6:ai_mnetwork_get_private_handle	16	static
